Archive member included to satisfy reference by file (symbol)

C:/ST/STM32CubeIDE_1.15.1/STM32CubeIDE/plugins/com.st.stm32cube.ide.mcu.externaltools.gnu-tools-for-stm32.12.3.rel1.win32_1.0.100.202403111256/tools/bin/../lib/gcc/arm-none-eabi/12.3.1/../../../../arm-none-eabi/lib/thumb/v7e-m+fp/hard\libc_nano.a(libc_a-assert.o)
                              ./Core/Src/main.o (__assert_func)
C:/ST/STM32CubeIDE_1.15.1/STM32CubeIDE/plugins/com.st.stm32cube.ide.mcu.externaltools.gnu-tools-for-stm32.12.3.rel1.win32_1.0.100.202403111256/tools/bin/../lib/gcc/arm-none-eabi/12.3.1/../../../../arm-none-eabi/lib/thumb/v7e-m+fp/hard\libc_nano.a(libc_a-exit.o)
                              C:/ST/STM32CubeIDE_1.15.1/STM32CubeIDE/plugins/com.st.stm32cube.ide.mcu.externaltools.gnu-tools-for-stm32.12.3.rel1.win32_1.0.100.202403111256/tools/bin/../lib/gcc/arm-none-eabi/12.3.1/../../../../arm-none-eabi/lib/thumb/v7e-m+fp/hard/crt0.o (exit)
C:/ST/STM32CubeIDE_1.15.1/STM32CubeIDE/plugins/com.st.stm32cube.ide.mcu.externaltools.gnu-tools-for-stm32.12.3.rel1.win32_1.0.100.202403111256/tools/bin/../lib/gcc/arm-none-eabi/12.3.1/../../../../arm-none-eabi/lib/thumb/v7e-m+fp/hard\libc_nano.a(libc_a-malloc.o)
                              ./Core/Src/main.o (malloc)
C:/ST/STM32CubeIDE_1.15.1/STM32CubeIDE/plugins/com.st.stm32cube.ide.mcu.externaltools.gnu-tools-for-stm32.12.3.rel1.win32_1.0.100.202403111256/tools/bin/../lib/gcc/arm-none-eabi/12.3.1/../../../../arm-none-eabi/lib/thumb/v7e-m+fp/hard\libc_nano.a(libc_a-mallocr.o)
                              C:/ST/STM32CubeIDE_1.15.1/STM32CubeIDE/plugins/com.st.stm32cube.ide.mcu.externaltools.gnu-tools-for-stm32.12.3.rel1.win32_1.0.100.202403111256/tools/bin/../lib/gcc/arm-none-eabi/12.3.1/../../../../arm-none-eabi/lib/thumb/v7e-m+fp/hard\libc_nano.a(libc_a-malloc.o) (_malloc_r)
C:/ST/STM32CubeIDE_1.15.1/STM32CubeIDE/plugins/com.st.stm32cube.ide.mcu.externaltools.gnu-tools-for-stm32.12.3.rel1.win32_1.0.100.202403111256/tools/bin/../lib/gcc/arm-none-eabi/12.3.1/../../../../arm-none-eabi/lib/thumb/v7e-m+fp/hard\libc_nano.a(libc_a-mlock.o)
                              C:/ST/STM32CubeIDE_1.15.1/STM32CubeIDE/plugins/com.st.stm32cube.ide.mcu.externaltools.gnu-tools-for-stm32.12.3.rel1.win32_1.0.100.202403111256/tools/bin/../lib/gcc/arm-none-eabi/12.3.1/../../../../arm-none-eabi/lib/thumb/v7e-m+fp/hard\libc_nano.a(libc_a-mallocr.o) (__malloc_lock)
C:/ST/STM32CubeIDE_1.15.1/STM32CubeIDE/plugins/com.st.stm32cube.ide.mcu.externaltools.gnu-tools-for-stm32.12.3.rel1.win32_1.0.100.202403111256/tools/bin/../lib/gcc/arm-none-eabi/12.3.1/../../../../arm-none-eabi/lib/thumb/v7e-m+fp/hard\libc_nano.a(libc_a-findfp.o)
                              C:/ST/STM32CubeIDE_1.15.1/STM32CubeIDE/plugins/com.st.stm32cube.ide.mcu.externaltools.gnu-tools-for-stm32.12.3.rel1.win32_1.0.100.202403111256/tools/bin/../lib/gcc/arm-none-eabi/12.3.1/../../../../arm-none-eabi/lib/thumb/v7e-m+fp/hard\libc_nano.a(libc_a-exit.o) (__stdio_exit_handler)
C:/ST/STM32CubeIDE_1.15.1/STM32CubeIDE/plugins/com.st.stm32cube.ide.mcu.externaltools.gnu-tools-for-stm32.12.3.rel1.win32_1.0.100.202403111256/tools/bin/../lib/gcc/arm-none-eabi/12.3.1/../../../../arm-none-eabi/lib/thumb/v7e-m+fp/hard\libc_nano.a(libc_a-fprintf.o)
                              C:/ST/STM32CubeIDE_1.15.1/STM32CubeIDE/plugins/com.st.stm32cube.ide.mcu.externaltools.gnu-tools-for-stm32.12.3.rel1.win32_1.0.100.202403111256/tools/bin/../lib/gcc/arm-none-eabi/12.3.1/../../../../arm-none-eabi/lib/thumb/v7e-m+fp/hard\libc_nano.a(libc_a-assert.o) (fiprintf)
C:/ST/STM32CubeIDE_1.15.1/STM32CubeIDE/plugins/com.st.stm32cube.ide.mcu.externaltools.gnu-tools-for-stm32.12.3.rel1.win32_1.0.100.202403111256/tools/bin/../lib/gcc/arm-none-eabi/12.3.1/../../../../arm-none-eabi/lib/thumb/v7e-m+fp/hard\libc_nano.a(libc_a-fwalk.o)
                              C:/ST/STM32CubeIDE_1.15.1/STM32CubeIDE/plugins/com.st.stm32cube.ide.mcu.externaltools.gnu-tools-for-stm32.12.3.rel1.win32_1.0.100.202403111256/tools/bin/../lib/gcc/arm-none-eabi/12.3.1/../../../../arm-none-eabi/lib/thumb/v7e-m+fp/hard\libc_nano.a(libc_a-findfp.o) (_fwalk_sglue)
C:/ST/STM32CubeIDE_1.15.1/STM32CubeIDE/plugins/com.st.stm32cube.ide.mcu.externaltools.gnu-tools-for-stm32.12.3.rel1.win32_1.0.100.202403111256/tools/bin/../lib/gcc/arm-none-eabi/12.3.1/../../../../arm-none-eabi/lib/thumb/v7e-m+fp/hard\libc_nano.a(libc_a-puts.o)
                              ./Core/Src/main.o (puts)
C:/ST/STM32CubeIDE_1.15.1/STM32CubeIDE/plugins/com.st.stm32cube.ide.mcu.externaltools.gnu-tools-for-stm32.12.3.rel1.win32_1.0.100.202403111256/tools/bin/../lib/gcc/arm-none-eabi/12.3.1/../../../../arm-none-eabi/lib/thumb/v7e-m+fp/hard\libc_nano.a(libc_a-stdio.o)
[...]
Memory Configuration

Name             Origin             Length             Attributes
CCMRAM           0x10000000         0x00002000         xrw
RAM              0x20000000         0x0000a000         xrw
FLASH            0x08000000         0x00040000         xr
*default*        0x00000000         0xffffffff

Linker script and memory map

LOAD C:/ST/STM32CubeIDE_1.15.1/STM32CubeIDE/plugins/com.st.stm32cube.ide.mcu.externaltools.gnu-tools-for-stm32.12.3.rel1.win32_1.0.100.202403111256/tools/bin/../lib/gcc/arm-none-eabi/12.3.1/thumb/v7e-m+fp/hard/crti.o
LOAD C:/ST/STM32CubeIDE_1.15.1/STM32CubeIDE/plugins/com.st.stm32cube.ide.mcu.externaltools.gnu-tools-for-stm32.12.3.rel1.win32_1.0.100.202403111256/tools/bin/../lib/gcc/arm-none-eabi/12.3.1/thumb/v7e-m+fp/hard/crtbegin.o
LOAD C:/ST/STM32CubeIDE_1.15.1/STM32CubeIDE/plugins/com.st.stm32cube.ide.mcu.externaltools.gnu-tools-for-stm32.12.3.rel1.win32_1.0.100.202403111256/tools/bin/../lib/gcc/arm-none-eabi/12.3.1/../../../../arm-none-eabi/lib/thumb/v7e-m+fp/hard/crt0.o
LOAD ./Core/Src/freertos.o
LOAD ./Core/Src/main.o
LOAD ./Core/Src/stm32f3xx_hal_msp.o
LOAD ./Core/Src/stm32f3xx_it.o
LOAD ./Core/Src/syscalls.o
LOAD ./Core/Src/sysmem.o
LOAD ./Core/Src/system_stm32f3xx.o
LOAD ./Core/Startup/startup_stm32f303rctx.o
LOAD ./Drivers/STM32F3xx_HAL_Driver/stm32f3xx_hal.o
LOAD ./Drivers/STM32F3xx_HAL_Driver/stm32f3xx_hal_cortex.o
LOAD ./Drivers/STM32F3xx_HAL_Driver/stm32f3xx_hal_dma.o
LOAD ./Drivers/STM32F3xx_HAL_Driver/stm32f3xx_hal_exti.o
LOAD ./Drivers/STM32F3xx_HAL_Driver/stm32f3xx_hal_flash.o
LOAD ./Drivers/STM32F3xx_HAL_Driver/stm32f3xx_hal_flash_ex.o
LOAD ./Drivers/STM32F3xx_HAL_Driver/stm32f3xx_hal_gpio.o
LOAD ./Drivers/STM32F3xx_HAL_Driver/stm32f3xx_hal_i2c.o
LOAD ./Drivers/STM32F3xx_HAL_Driver/stm32f3xx_hal_i2c_ex.o
LOAD ./Drivers/STM32F3xx_HAL_Driver/stm32f3xx_hal_pwr.o
LOAD ./Drivers/STM32F3xx_HAL_Driver/stm32f3xx_hal_pwr_ex.o
LOAD ./Drivers/STM32F3xx_HAL_Driver/stm32f3xx_hal_rcc.o
LOAD ./Drivers/STM32F3xx_HAL_Driver/stm32f3xx_hal_rcc_ex.o
LOAD ./Drivers/STM32F3xx_HAL_Driver/stm32f3xx_hal_spi.o
LOAD ./Drivers/STM32F3xx_HAL_Driver/stm32f3xx_hal_spi_ex.o
LOAD ./Drivers/STM32F3xx_HAL_Driver/stm32f3xx_hal_tim.o
LOAD ./Drivers/STM32F3xx_HAL_Driver/stm32f3xx_hal_tim_ex.o
LOAD ./Drivers/STM32F3xx_HAL_Driver/stm32f3xx_hal_uart.o
LOAD ./Drivers/STM32F3xx_HAL_Driver/stm32f3xx_hal_uart_ex.o
LOAD ./Middlewares/FreeRTOS/cmsis_os.o
LOAD ./Middlewares/FreeRTOS/croutine.o
LOAD ./Middlewares/FreeRTOS/event_groups.o
LOAD ./Middlewares/FreeRTOS/heap_4.o
LOAD ./Middlewares/FreeRTOS/list.o
LOAD ./Middlewares/FreeRTOS/port.o
LOAD ./Middlewares/FreeRTOS/queue.o
LOAD ./Middlewares/FreeRTOS/stream_buffer.o
LOAD ./Middlewares/FreeRTOS/tasks.o
LOAD ./Middlewares/FreeRTOS/timers.o
START GROUP
LOAD C:/ST/STM32CubeIDE_1.15.1/STM32CubeIDE/plugins/com.st.stm32cube.ide.mcu.externaltools.gnu-tools-for-stm32.12.3.rel1.win32_1.0.100.202403111256/tools/bin/../lib/gcc/arm-none-eabi/12.3.1/../../../../arm-none-eabi/lib/thumb/v7e-m+fp/hard\libc_nano.a
LOAD C:/ST/STM32CubeIDE_1.15.1/STM32CubeIDE/plugins/com.st.stm32cube.ide.mcu.externaltools.gnu-tools-for-stm32.12.3.rel1.win32_1.0.100.202403111256/tools/bin/../lib/gcc/arm-none-eabi/12.3.1/../../../../arm-none-eabi/lib/thumb/v7e-m+fp/hard\libm.a
END GROUP
START GROUP
LOAD C:/ST/STM32CubeIDE_1.15.1/STM32CubeIDE/plugins/com.st.stm32cube.ide.mcu.externaltools.gnu-tools-for-stm32.12.3.rel1.win32_1.0.100.202403111256/tools/bin/../lib/gcc/arm-none-eabi/12.3.1/thumb/v7e-m+fp/hard\libgcc.a
LOAD C:/ST/STM32CubeIDE_1.15.1/STM32CubeIDE/plugins/com.st.stm32cube.ide.mcu.externaltools.gnu-tools-for-stm32.12.3.rel1.win32_1.0.100.202403111256/tools/bin/../lib/gcc/arm-none-eabi/12.3.1/../../../../arm-none-eabi/lib/thumb/v7e-m+fp/hard\libc_nano.a
END GROUP
START GROUP
LOAD C:/ST/STM32CubeIDE_1.15.1/STM32CubeIDE/plugins/com.st.stm32cube.ide.mcu.externaltools.gnu-tools-for-stm32.12.3.rel1.win32_1.0.100.202403111256/tools/bin/../lib/gcc/arm-none-eabi/12.3.1/thumb/v7e-m+fp/hard\libgcc.a
LOAD C:/ST/STM32CubeIDE_1.15.1/STM32CubeIDE/plugins/com.st.stm32cube.ide.mcu.externaltools.gnu-tools-for-stm32.12.3.rel1.win32_1.0.100.202403111256/tools/bin/../lib/gcc/arm-none-eabi/12.3.1/../../../../arm-none-eabi/lib/thumb/v7e-m+fp/hard\libc_nano.a
LOAD C:/ST/STM32CubeIDE_1.15.1/STM32CubeIDE/plugins/com.st.stm32cube.ide.mcu.externaltools.gnu-tools-for-stm32.12.3.rel1.win32_1.0.100.202403111256/tools/bin/../lib/gcc/arm-none-eabi/12.3.1/../../../../arm-none-eabi/lib/thumb/v7e-m+fp/hard\libnosys.a
END GROUP
START GROUP
LOAD C:/ST/STM32CubeIDE_1.15.1/STM32CubeIDE/plugins/com.st.stm32cube.ide.mcu.externaltools.gnu-tools-for-stm32.12.3.rel1.win32_1.0.100.202403111256/tools/bin/../lib/gcc/arm-none-eabi/12.3.1/thumb/v7e-m+fp/hard\libgcc.a
LOAD C:/ST/STM32CubeIDE_1.15.1/STM32CubeIDE/plugins/com.st.stm32cube.ide.mcu.externaltools.gnu-tools-for-stm32.12.3.rel1.win32_1.0.100.202403111256/tools/bin/../lib/gcc/arm-none-eabi/12.3.1/../../../../arm-none-eabi/lib/thumb/v7e-m+fp/hard\libc_nano.a
LOAD C:/ST/STM32CubeIDE_1.15.1/STM32CubeIDE/plugins/com.st.stm32cube.ide.mcu.externaltools.gnu-tools-for-stm32.12.3.rel1.win32_1.0.100.202403111256/tools/bin/../lib/gcc/arm-none-eabi/12.3.1/../../../../arm-none-eabi/lib/thumb/v7e-m+fp/hard\libnosys.a
END GROUP
LOAD C:/ST/STM32CubeIDE_1.15.1/STM32CubeIDE/plugins/com.st.stm32cube.ide.mcu.externaltools.gnu-tools-for-stm32.12.3.rel1.win32_1.0.100.202403111256/tools/bin/../lib/gcc/arm-none-eabi/12.3.1/thumb/v7e-m+fp/hard/crtend.o
LOAD C:/ST/STM32CubeIDE_1.15.1/STM32CubeIDE/plugins/com.st.stm32cube.ide.mcu.externaltools.gnu-tools-for-stm32.12.3.rel1.win32_1.0.100.202403111256/tools/bin/../lib/gcc/arm-none-eabi/12.3.1/thumb/v7e-m+fp/hard/crtn.o
                0x2000a000                        _estack = (ORIGIN (RAM) + LENGTH (RAM))
                0x00000200                        _Min_Heap_Size = 0x200
                0x00000400                        _Min_Stack_Size = 0x400

.isr_vector     0x08000000      0x188
                0x08000000                        . = ALIGN (0x4)
 *(.isr_vector)
 .isr_vector    0x08000000      0x188 ./Core/Startup/startup_stm32f303rctx.o
                0x08000000                g_pfnVectors
                0x08000188                        . = ALIGN (0x4)

.text           0x08000190     0x9180
                0x08000190                        . = ALIGN (0x4)
 *(.text)
 .text          0x08000190       0x40 C:/ST/STM32CubeIDE_1.15.1/STM32CubeIDE/plugins/com.st.stm32cube.ide.mcu.externaltools.gnu-tools-for-stm32.12.3.rel1.win32_1.0.100.202403111256/tools/bin/../lib/gcc/arm-none-eabi/12.3.1/thumb/v7e-m+fp/hard/crtbegin.o
 .text          0x080001d0       0xa0 C:/ST/STM32CubeIDE_1.15.1/STM32CubeIDE/plugins/com.st.stm32cube.ide.mcu.externaltools.gnu-tools-for-stm32.12.3.rel1.win32_1.0.100.202403111256/tools/bin/../lib/gcc/arm-none-eabi/12.3.1/../../../../arm-none-eabi/lib/thumb/v7e-m+fp/hard\libc_nano.a(libc_a-memchr.o)
                0x080001d0                memchr
 *(.text*)
 .text.vApplicationGetIdleTaskMemory
                0x08000270       0x34 ./Core/Src/freertos.o
                0x08000270                vApplicationGetIdleTaskMemory
 .text.main     0x080002a4      0x188 ./Core/Src/main.o
                0x080002a4                main
 .text.SystemClock_Config
                0x0800042c       0xa0 ./Core/Src/main.o
                0x0800042c                SystemClock_Config
 .text.MX_SPI1_Init
                0x080004cc       0x7c ./Core/Src/main.o
 .text.MX_USART1_UART_Init
                0x08000548       0x60 ./Core/Src/main.o
 .text.MX_DMA_Init
                0x080005a8       0x4c ./Core/Src/main.o
 .text.MX_GPIO_Init
                0x080005f4       0x48 ./Core/Src/main.o
 .text.__io_putchar
                0x0800063c       0x16 ./Core/Src/main.o
                0x0800063c                __io_putchar
 *fill*         0x08000652        0x2 
 .text.HAL_SPI_TxRxCpltCallback
                0x08000654       0x2c ./Core/Src/main.o
                0x08000654                HAL_SPI_TxRxCpltCallback
 .text.HAL_SPI_ErrorCallback
                0x08000680       0x34 ./Core/Src/main.o
                0x08000680                HAL_SPI_ErrorCallback
 .text.HAL_UARTEx_RxEventCallback
                0x080006b4       0x30 ./Core/Src/main.o
                0x080006b4                HAL_UARTEx_RxEventCallback
 .text.HAL_UART_TxCpltCallback
                0x080006e4       0x2c ./Core/Src/main.o
                0x080006e4                HAL_UART_TxCpltCallback
 .text.HAL_UART_ErrorCallback
                0x08000710       0x34 ./Core/Src/main.o
                0x08000710                HAL_UART_ErrorCallback
 .text.StartDefaultTask
                0x08000744       0x10 ./Core/Src/main.o
                0x08000744                StartDefaultTask
 .text.spi_handle_function
                0x08000754      0x234 ./Core/Src/main.o
                0x08000754                spi_handle_function
 .text.usart_handle_function
                0x08000988      0x1a4 ./Core/Src/main.o
                0x08000988                usart_handle_function
 .text.Error_Handler
                0x08000b2c        0xc ./Core/Src/main.o
                0x08000b2c                Error_Handler
 .text.HAL_MspInit
                0x08000b38       0x50 ./Core/Src/stm32f3xx_hal_msp.o
                0x08000b38                HAL_MspInit
 .text.HAL_SPI_MspInit
                0x08000b88       0xe8 ./Core/Src/stm32f3xx_hal_msp.o
                0x08000b88                HAL_SPI_MspInit
 .text.HAL_UART_MspInit
                0x08000c70       0xec ./Core/Src/stm32f3xx_hal_msp.o
                0x08000c70                HAL_UART_MspInit
 .text.NMI_Handler
                0x08000d5c        0x8 ./Core/Src/stm32f3xx_it.o
                0x08000d5c                NMI_Handler
 .text.HardFault_Handler
                0x08000d64        0x8 ./Core/Src/stm32f3xx_it.o
                0x08000d64                HardFault_Handler
 .text.MemManage_Handler
                0x08000d6c        0x8 ./Core/Src/stm32f3xx_it.o
                0x08000d6c                MemManage_Handler
 .text.BusFault_Handler
                0x08000d74        0x8 ./Core/Src/stm32f3xx_it.o
                0x08000d74                BusFault_Handler
 .text.UsageFault_Handler
                0x08000d7c        0x8 ./Core/Src/stm32f3xx_it.o
                0x08000d7c                UsageFault_Handler
 .text.DebugMon_Handler
                0x08000d84        0xe ./Core/Src/stm32f3xx_it.o
                0x08000d84                DebugMon_Handler
 .text.SysTick_Handler
                0x08000d92       0x1a ./Core/Src/stm32f3xx_it.o
                0x08000d92                SysTick_Handler
 .text.DMA1_Channel3_IRQHandler
                0x08000dac       0x14 ./Core/Src/stm32f3xx_it.o
                0x08000dac                DMA1_Channel3_IRQHandler
 .text.DMA1_Channel4_IRQHandler
                0x08000dc0       0x14 ./Core/Src/stm32f3xx_it.o
                0x08000dc0                DMA1_Channel4_IRQHandler
 .text.SPI1_IRQHandler
                0x08000dd4       0x14 ./Core/Src/stm32f3xx_it.o
                0x08000dd4                SPI1_IRQHandler
 .text.USART1_IRQHandler
                0x08000de8       0x14 ./Core/Src/stm32f3xx_it.o
                0x08000de8                USART1_IRQHandler
 .text._getpid  0x08000dfc       0x10 ./Core/Src/syscalls.o
                0x08000dfc                _getpid
 .text._kill    0x08000e0c       0x20 ./Core/Src/syscalls.o
                0x08000e0c                _kill
 .text._exit    0x08000e2c       0x16 ./Core/Src/syscalls.o
                0x08000e2c                _exit
 .text._read    0x08000e42       0x3a ./Core/Src/syscalls.o
                0x08000e42                _read
 .text._write   0x08000e7c       0x38 ./Core/Src/syscalls.o
                0x08000e7c                _write
 .text._close   0x08000eb4       0x18 ./Core/Src/syscalls.o
                0x08000eb4                _close
 .text._fstat   0x08000ecc       0x20 ./Core/Src/syscalls.o
                0x08000ecc                _fstat
 .text._isatty  0x08000eec       0x16 ./Core/Src/syscalls.o
                0x08000eec                _isatty
 .text._lseek   0x08000f02       0x1a ./Core/Src/syscalls.o
                0x08000f02                _lseek
 .text._sbrk    0x08000f1c       0x6c ./Core/Src/sysmem.o
                0x08000f1c                _sbrk
 .text.SystemInit
                0x08000f88       0x24 ./Core/Src/system_stm32f3xx.o
                0x08000f88                SystemInit
 .text.Reset_Handler
                0x08000fac       0x50 ./Core/Startup/startup_stm32f303rctx.o
                0x08000fac                Reset_Handler
 .text.Default_Handler
                0x08000ffc        0x2 ./Core/Startup/startup_stm32f303rctx.o
                0x08000ffc                RTC_Alarm_IRQHandler
                0x08000ffc                TIM8_TRG_COM_IRQHandler
                0x08000ffc                TIM8_CC_IRQHandler
                0x08000ffc                TIM1_CC_IRQHandler
                0x08000ffc                USB_HP_IRQHandler
                0x08000ffc                PVD_IRQHandler
                0x08000ffc                TAMP_STAMP_IRQHandler
                0x08000ffc                EXTI3_IRQHandler
                0x08000ffc                USB_HP_CAN_TX_IRQHandler
                0x08000ffc                EXTI0_IRQHandler
                0x08000ffc                I2C2_EV_IRQHandler
                0x08000ffc                FPU_IRQHandler
                0x08000ffc                TIM1_UP_TIM16_IRQHandler
                0x08000ffc                ADC1_2_IRQHandler
                0x08000ffc                CAN_SCE_IRQHandler
                0x08000ffc                TIM6_DAC_IRQHandler
                0x08000ffc                TIM8_UP_IRQHandler
                0x08000ffc                DMA2_Channel2_IRQHandler
                0x08000ffc                USART3_IRQHandler
                0x08000ffc                DMA1_Channel7_IRQHandler
                0x08000ffc                UART5_IRQHandler
                0x08000ffc                ADC3_IRQHandler
                0x08000ffc                TIM4_IRQHandler
                0x08000ffc                CAN_RX1_IRQHandler
                0x08000ffc                DMA2_Channel1_IRQHandler
                0x08000ffc                I2C1_EV_IRQHandler
                0x08000ffc                DMA1_Channel6_IRQHandler
                0x08000ffc                UART4_IRQHandler
                0x08000ffc                DMA2_Channel4_IRQHandler
                0x08000ffc                TIM3_IRQHandler
                0x08000ffc                RCC_IRQHandler
                0x08000ffc                DMA1_Channel1_IRQHandler
                0x08000ffc                Default_Handler
                0x08000ffc                USBWakeUp_RMP_IRQHandler
                0x08000ffc                EXTI15_10_IRQHandler
                0x08000ffc                TIM7_IRQHandler
                0x08000ffc                EXTI9_5_IRQHandler
                0x08000ffc                RTC_WKUP_IRQHandler
                0x08000ffc                SPI2_IRQHandler
                0x08000ffc                USB_LP_CAN_RX0_IRQHandler
                0x08000ffc                DMA2_Channel5_IRQHandler
                0x08000ffc                DMA1_Channel5_IRQHandler
                0x08000ffc                USB_LP_IRQHandler
                0x08000ffc                EXTI4_IRQHandler
                0x08000ffc                TIM1_TRG_COM_TIM17_IRQHandler
                0x08000ffc                ADC4_IRQHandler
                0x08000ffc                WWDG_IRQHandler
                0x08000ffc                TIM2_IRQHandler
                0x08000ffc                COMP7_IRQHandler
                0x08000ffc                COMP1_2_3_IRQHandler
                0x08000ffc                EXTI1_IRQHandler
                0x08000ffc                USART2_IRQHandler
                0x08000ffc                COMP4_5_6_IRQHandler
                0x08000ffc                I2C2_ER_IRQHandler
                0x08000ffc                DMA1_Channel2_IRQHandler
                0x08000ffc                TIM8_BRK_IRQHandler
                0x08000ffc                FLASH_IRQHandler
                0x08000ffc                SPI3_IRQHandler
                0x08000ffc                I2C1_ER_IRQHandler
                0x08000ffc                USBWakeUp_IRQHandler
                0x08000ffc                DMA2_Channel3_IRQHandler
                0x08000ffc                EXTI2_TSC_IRQHandler
                0x08000ffc                TIM1_BRK_TIM15_IRQHandler
 *fill*         0x08000ffe        0x2 
 .text.HAL_Init
                0x08001000       0x2c ./Drivers/STM32F3xx_HAL_Driver/stm32f3xx_hal.o
                0x08001000                HAL_Init
 .text.HAL_InitTick
                0x0800102c       0x60 ./Drivers/STM32F3xx_HAL_Driver/stm32f3xx_hal.o
                0x0800102c                HAL_InitTick
 .text.HAL_IncTick
                0x0800108c       0x28 ./Drivers/STM32F3xx_HAL_Driver/stm32f3xx_hal.o
                0x0800108c                HAL_IncTick
 .text.HAL_GetTick
                0x080010b4       0x18 ./Drivers/STM32F3xx_HAL_Driver/stm32f3xx_hal.o
                0x080010b4                HAL_GetTick
 .text.__NVIC_SetPriorityGrouping
                0x080010cc       0x48 ./Drivers/STM32F3xx_HAL_Driver/stm32f3xx_hal_cortex.o
 .text.__NVIC_GetPriorityGrouping
                0x08001114       0x1c ./Drivers/STM32F3xx_HAL_Driver/stm32f3xx_hal_cortex.o
 .text.__NVIC_EnableIRQ
                0x08001130       0x3c ./Drivers/STM32F3xx_HAL_Driver/stm32f3xx_hal_cortex.o
 .text.__NVIC_SetPriority
                0x0800116c       0x54 ./Drivers/STM32F3xx_HAL_Driver/stm32f3xx_hal_cortex.o
 .text.NVIC_EncodePriority
                0x080011c0       0x66 ./Drivers/STM32F3xx_HAL_Driver/stm32f3xx_hal_cortex.o
 *fill*         0x08001226        0x2 
 .text.SysTick_Config
                0x08001228       0x44 ./Drivers/STM32F3xx_HAL_Driver/stm32f3xx_hal_cortex.o
 .text.HAL_NVIC_SetPriorityGrouping
                0x0800126c       0x16 ./Drivers/STM32F3xx_HAL_Driver/stm32f3xx_hal_cortex.o
                0x0800126c                HAL_NVIC_SetPriorityGrouping
 .text.HAL_NVIC_SetPriority
                0x08001282       0x38 ./Drivers/STM32F3xx_HAL_Driver/stm32f3xx_hal_cortex.o
                0x08001282                HAL_NVIC_SetPriority
 .text.HAL_NVIC_EnableIRQ
                0x080012ba       0x1c ./Drivers/STM32F3xx_HAL_Driver/stm32f3xx_hal_cortex.o
                0x080012ba                HAL_NVIC_EnableIRQ
 .text.HAL_SYSTICK_Config
                0x080012d6       0x18 ./Drivers/STM32F3xx_HAL_Driver/stm32f3xx_hal_cortex.o
                0x080012d6                HAL_SYSTICK_Config
 .text.HAL_DMA_Init
                0x080012ee       0x8e ./Drivers/STM32F3xx_HAL_Driver/stm32f3xx_hal_dma.o
                0x080012ee                HAL_DMA_Init
 .text.HAL_DMA_Start_IT
                0x0800137c       0xbe ./Drivers/STM32F3xx_HAL_Driver/stm32f3xx_hal_dma.o
                0x0800137c                HAL_DMA_Start_IT
 .text.HAL_DMA_Abort
                0x0800143a       0x7c ./Drivers/STM32F3xx_HAL_Driver/stm32f3xx_hal_dma.o
                0x0800143a                HAL_DMA_Abort
 .text.HAL_DMA_Abort_IT
                0x080014b6       0x7c ./Drivers/STM32F3xx_HAL_Driver/stm32f3xx_hal_dma.o
                0x080014b6                HAL_DMA_Abort_IT
 .text.HAL_DMA_IRQHandler
                0x08001532      0x146 ./Drivers/STM32F3xx_HAL_Driver/stm32f3xx_hal_dma.o
                0x08001532                HAL_DMA_IRQHandler
 .text.DMA_SetConfig
                0x08001678       0x5c ./Drivers/STM32F3xx_HAL_Driver/stm32f3xx_hal_dma.o
 .text.DMA_CalcBaseAndBitshift
                0x080016d4       0x78 ./Drivers/STM32F3xx_HAL_Driver/stm32f3xx_hal_dma.o
 .text.HAL_GPIO_Init
                0x0800174c      0x2f4 ./Drivers/STM32F3xx_HAL_Driver/stm32f3xx_hal_gpio.o
                0x0800174c                HAL_GPIO_Init
 .text.HAL_RCC_OscConfig
                0x08001a40     0x107c ./Drivers/STM32F3xx_HAL_Driver/stm32f3xx_hal_rcc.o
                0x08001a40                HAL_RCC_OscConfig
 .text.HAL_RCC_ClockConfig
                0x08002abc      0x2f8 ./Drivers/STM32F3xx_HAL_Driver/stm32f3xx_hal_rcc.o
                0x08002abc                HAL_RCC_ClockConfig
 .text.HAL_RCC_GetSysClockFreq
                0x08002db4       0xa8 ./Drivers/STM32F3xx_HAL_Driver/stm32f3xx_hal_rcc.o
                0x08002db4                HAL_RCC_GetSysClockFreq
 .text.HAL_RCC_GetHCLKFreq
                0x08002e5c       0x18 ./Drivers/STM32F3xx_HAL_Driver/stm32f3xx_hal_rcc.o
                0x08002e5c                HAL_RCC_GetHCLKFreq
 .text.HAL_RCC_GetPCLK1Freq
                0x08002e74       0x44 ./Drivers/STM32F3xx_HAL_Driver/stm32f3xx_hal_rcc.o
                0x08002e74                HAL_RCC_GetPCLK1Freq
 .text.HAL_RCC_GetPCLK2Freq
                0x08002eb8       0x44 ./Drivers/STM32F3xx_HAL_Driver/stm32f3xx_hal_rcc.o
                0x08002eb8                HAL_RCC_GetPCLK2Freq
 .text.HAL_RCCEx_PeriphCLKConfig
                0x08002efc      0x360 ./Drivers/STM32F3xx_HAL_Driver/stm32f3xx_hal_rcc_ex.o
                0x08002efc                HAL_RCCEx_PeriphCLKConfig
 .text.HAL_SPI_Init
                0x0800325c      0x156 ./Drivers/STM32F3xx_HAL_Driver/stm32f3xx_hal_spi.o
                0x0800325c                HAL_SPI_Init
 *fill*         0x080033b2        0x2 
 .text.HAL_SPI_TransmitReceive_IT
                0x080033b4      0x15c ./Drivers/STM32F3xx_HAL_Driver/stm32f3xx_hal_spi.o
                0x080033b4                HAL_SPI_TransmitReceive_IT
 .text.HAL_SPI_TransmitReceive_DMA
                0x08003510      0x324 ./Drivers/STM32F3xx_HAL_Driver/stm32f3xx_hal_spi.o
                0x08003510                HAL_SPI_TransmitReceive_DMA
 .text.HAL_SPI_IRQHandler
                0x08003834      0x1e8 ./Drivers/STM32F3xx_HAL_Driver/stm32f3xx_hal_spi.o
                0x08003834                HAL_SPI_IRQHandler
 .text.HAL_SPI_RxCpltCallback
                0x08003a1c       0x14 ./Drivers/STM32F3xx_HAL_Driver/stm32f3xx_hal_spi.o
                0x08003a1c                HAL_SPI_RxCpltCallback
 .text.HAL_SPI_RxHalfCpltCallback
                0x08003a30       0x14 ./Drivers/STM32F3xx_HAL_Driver/stm32f3xx_hal_spi.o
                0x08003a30                HAL_SPI_RxHalfCpltCallback
 .text.HAL_SPI_TxRxHalfCpltCallback
                0x08003a44       0x14 ./Drivers/STM32F3xx_HAL_Driver/stm32f3xx_hal_spi.o
                0x08003a44                HAL_SPI_TxRxHalfCpltCallback
 .text.SPI_DMAReceiveCplt
                0x08003a58       0xa8 ./Drivers/STM32F3xx_HAL_Driver/stm32f3xx_hal_spi.o
 .text.SPI_DMATransmitReceiveCplt
                0x08003b00       0x90 ./Drivers/STM32F3xx_HAL_Driver/stm32f3xx_hal_spi.o
 .text.SPI_DMAHalfReceiveCplt
                0x08003b90       0x1c ./Drivers/STM32F3xx_HAL_Driver/stm32f3xx_hal_spi.o
 .text.SPI_DMAHalfTransmitReceiveCplt
                0x08003bac       0x1c ./Drivers/STM32F3xx_HAL_Driver/stm32f3xx_hal_spi.o
 .text.SPI_DMAError
                0x08003bc8       0x40 ./Drivers/STM32F3xx_HAL_Driver/stm32f3xx_hal_spi.o
 .text.SPI_DMAAbortOnError
                0x08003c08       0x2a ./Drivers/STM32F3xx_HAL_Driver/stm32f3xx_hal_spi.o
 .text.SPI_2linesRxISR_8BIT
                0x08003c32       0xbe ./Drivers/STM32F3xx_HAL_Driver/stm32f3xx_hal_spi.o
 .text.SPI_2linesTxISR_8BIT
                0x08003cf0       0x92 ./Drivers/STM32F3xx_HAL_Driver/stm32f3xx_hal_spi.o
 .text.SPI_2linesRxISR_16BIT
                0x08003d82       0x66 ./Drivers/STM32F3xx_HAL_Driver/stm32f3xx_hal_spi.o
 .text.SPI_2linesTxISR_16BIT
                0x08003de8       0x60 ./Drivers/STM32F3xx_HAL_Driver/stm32f3xx_hal_spi.o
 .text.SPI_WaitFlagStateUntilTimeout
                0x08003e48      0x110 ./Drivers/STM32F3xx_HAL_Driver/stm32f3xx_hal_spi.o
 .text.SPI_WaitFifoStateUntilTimeout
                0x08003f58      0x12c ./Drivers/STM32F3xx_HAL_Driver/stm32f3xx_hal_spi.o
 .text.SPI_EndRxTransaction
                0x08004084       0xb0 ./Drivers/STM32F3xx_HAL_Driver/stm32f3xx_hal_spi.o
 .text.SPI_EndRxTxTransaction
                0x08004134       0x8c ./Drivers/STM32F3xx_HAL_Driver/stm32f3xx_hal_spi.o
 .text.SPI_CloseRxTx_ISR
                0x080041c0       0x84 ./Drivers/STM32F3xx_HAL_Driver/stm32f3xx_hal_spi.o
 .text.HAL_UART_Init
                0x08004244       0x9c ./Drivers/STM32F3xx_HAL_Driver/stm32f3xx_hal_uart.o
                0x08004244                HAL_UART_Init
 .text.HAL_UART_Receive_IT
                0x080042e0       0x88 ./Drivers/STM32F3xx_HAL_Driver/stm32f3xx_hal_uart.o
                0x080042e0                HAL_UART_Receive_IT
 .text.HAL_UART_Transmit_DMA
                0x08004368       0xf8 ./Drivers/STM32F3xx_HAL_Driver/stm32f3xx_hal_uart.o
                0x08004368                HAL_UART_Transmit_DMA
 .text.HAL_UART_IRQHandler
                0x08004460      0x5cc ./Drivers/STM32F3xx_HAL_Driver/stm32f3xx_hal_uart.o
                0x08004460                HAL_UART_IRQHandler
 .text.HAL_UART_TxHalfCpltCallback
                0x08004a2c       0x14 ./Drivers/STM32F3xx_HAL_Driver/stm32f3xx_hal_uart.o
                0x08004a2c                HAL_UART_TxHalfCpltCallback
 .text.HAL_UART_RxCpltCallback
                0x08004a40       0x14 ./Drivers/STM32F3xx_HAL_Driver/stm32f3xx_hal_uart.o
                0x08004a40                HAL_UART_RxCpltCallback
 .text.UART_SetConfig
                0x08004a54      0x3a8 ./Drivers/STM32F3xx_HAL_Driver/stm32f3xx_hal_uart.o
                0x08004a54                UART_SetConfig
 .text.UART_AdvFeatureConfig
                0x08004dfc      0x144 ./Drivers/STM32F3xx_HAL_Driver/stm32f3xx_hal_uart.o
                0x08004dfc                UART_AdvFeatureConfig
 .text.UART_CheckIdleState
                0x08004f40      0x150 ./Drivers/STM32F3xx_HAL_Driver/stm32f3xx_hal_uart.o
                0x08004f40                UART_CheckIdleState
 .text.UART_WaitOnFlagUntilTimeout
                0x08005090       0xda ./Drivers/STM32F3xx_HAL_Driver/stm32f3xx_hal_uart.o
                0x08005090                UART_WaitOnFlagUntilTimeout
 *fill*         0x0800516a        0x2 
 .text.UART_Start_Receive_IT
                0x0800516c      0x168 ./Drivers/STM32F3xx_HAL_Driver/stm32f3xx_hal_uart.o
                0x0800516c                UART_Start_Receive_IT
 .text.UART_EndTxTransfer
                0x080052d4       0x4c ./Drivers/STM32F3xx_HAL_Driver/stm32f3xx_hal_uart.o
 .text.UART_EndRxTransfer
                0x08005320       0xc8 ./Drivers/STM32F3xx_HAL_Driver/stm32f3xx_hal_uart.o
 .text.UART_DMATransmitCplt
                0x080053e8       0x94 ./Drivers/STM32F3xx_HAL_Driver/stm32f3xx_hal_uart.o
 .text.UART_DMATxHalfCplt
                0x0800547c       0x1c ./Drivers/STM32F3xx_HAL_Driver/stm32f3xx_hal_uart.o
 .text.UART_DMAError
                0x08005498       0x7e ./Drivers/STM32F3xx_HAL_Driver/stm32f3xx_hal_uart.o
 .text.UART_DMAAbortOnError
                0x08005516       0x2c ./Drivers/STM32F3xx_HAL_Driver/stm32f3xx_hal_uart.o
 .text.UART_EndTransmit_IT
                0x08005542       0x54 ./Drivers/STM32F3xx_HAL_Driver/stm32f3xx_hal_uart.o
 .text.UART_RxISR_8BIT
                0x08005596      0x1a8 ./Drivers/STM32F3xx_HAL_Driver/stm32f3xx_hal_uart.o
 .text.UART_RxISR_16BIT
                0x0800573e      0x1a8 ./Drivers/STM32F3xx_HAL_Driver/stm32f3xx_hal_uart.o
 .text.HAL_UARTEx_WakeupCallback
                0x080058e6       0x14 ./Drivers/STM32F3xx_HAL_Driver/stm32f3xx_hal_uart_ex.o
                0x080058e6                HAL_UARTEx_WakeupCallback
 .text.makeFreeRtosPriority
                0x080058fa       0x30 ./Middlewares/FreeRTOS/cmsis_os.o
 .text.inHandlerMode
                0x0800592a       0x24 ./Middlewares/FreeRTOS/cmsis_os.o
 .text.osKernelStart
                0x0800594e        0xe ./Middlewares/FreeRTOS/cmsis_os.o
                0x0800594e                osKernelStart
 .text.osThreadCreate
                0x0800595c       0x98 ./Middlewares/FreeRTOS/cmsis_os.o
                0x0800595c                osThreadCreate
 .text.osDelay  0x080059f4       0x28 ./Middlewares/FreeRTOS/cmsis_os.o
                0x080059f4                osDelay
 .text.osSemaphoreCreate
                0x08005a1c       0x7e ./Middlewares/FreeRTOS/cmsis_os.o
                0x08005a1c                osSemaphoreCreate
 *fill*         0x08005a9a        0x2 
 .text.osSemaphoreRelease
                0x08005a9c       0x6c ./Middlewares/FreeRTOS/cmsis_os.o
                0x08005a9c                osSemaphoreRelease
 .text.osMessageCreate
                0x08005b08       0x50 ./Middlewares/FreeRTOS/cmsis_os.o
                0x08005b08                osMessageCreate
 .text.osMessagePut
                0x08005b58       0x80 ./Middlewares/FreeRTOS/cmsis_os.o
                0x08005b58                osMessagePut
 .text.osMessageGet
                0x08005bd8       0xe8 ./Middlewares/FreeRTOS/cmsis_os.o
                0x08005bd8                osMessageGet
 .text.pvPortMalloc
                0x08005cc0      0x190 ./Middlewares/FreeRTOS/heap_4.o
                0x08005cc0                pvPortMalloc
 .text.vPortFree
                0x08005e50       0xb8 ./Middlewares/FreeRTOS/heap_4.o
                0x08005e50                vPortFree
 .text.prvHeapInit
                0x08005f08       0xc4 ./Middlewares/FreeRTOS/heap_4.o
 .text.prvInsertBlockIntoFreeList
                0x08005fcc       0xb4 ./Middlewares/FreeRTOS/heap_4.o
 .text.vListInitialise
                0x08006080       0x40 ./Middlewares/FreeRTOS/list.o
                0x08006080                vListInitialise
 .text.vListInitialiseItem
                0x080060c0       0x1a ./Middlewares/FreeRTOS/list.o
                0x080060c0                vListInitialiseItem
 .text.vListInsertEnd
                0x080060da       0x48 ./Middlewares/FreeRTOS/list.o
                0x080060da                vListInsertEnd
 .text.vListInsert
                0x08006122       0x72 ./Middlewares/FreeRTOS/list.o
                0x08006122                vListInsert
 .text.uxListRemove
                0x08006194       0x54 ./Middlewares/FreeRTOS/list.o
                0x08006194                uxListRemove
 .text.pxPortInitialiseStack
                0x080061e8       0x68 ./Middlewares/FreeRTOS/port.o
                0x080061e8                pxPortInitialiseStack
 .text.prvTaskExitError
                0x08006250       0x5c ./Middlewares/FreeRTOS/port.o
 *fill*         0x080062ac        0x4 
 .text.SVC_Handler
                0x080062b0       0x28 ./Middlewares/FreeRTOS/port.o
                0x080062b0                SVC_Handler
 .text.prvPortStartFirstTask
                0x080062d8       0x28 ./Middlewares/FreeRTOS/port.o
 .text.xPortStartScheduler
                0x08006300      0x148 ./Middlewares/FreeRTOS/port.o
                0x08006300                xPortStartScheduler
 .text.vPortEnterCritical
                0x08006448       0x64 ./Middlewares/FreeRTOS/port.o
                0x08006448                vPortEnterCritical
 .text.vPortExitCritical
                0x080064ac       0x54 ./Middlewares/FreeRTOS/port.o
                0x080064ac                vPortExitCritical
 .text.PendSV_Handler
                0x08006500       0x68 ./Middlewares/FreeRTOS/port.o
                0x08006500                PendSV_Handler
 .text.xPortSysTickHandler
                0x08006568       0x44 ./Middlewares/FreeRTOS/port.o
                0x08006568                xPortSysTickHandler
 .text.vPortSetupTimerInterrupt
                0x080065ac       0x48 ./Middlewares/FreeRTOS/port.o
                0x080065ac                vPortSetupTimerInterrupt
 .text.vPortEnableVFP
                0x080065f4       0x14 ./Middlewares/FreeRTOS/port.o
 .text.vPortValidateInterruptPriority
                0x08006608       0x84 ./Middlewares/FreeRTOS/port.o
                0x08006608                vPortValidateInterruptPriority
 .text.xQueueGenericReset
                0x0800668c       0xd4 ./Middlewares/FreeRTOS/queue.o
                0x0800668c                xQueueGenericReset
 .text.xQueueGenericCreateStatic
                0x08006760       0xf8 ./Middlewares/FreeRTOS/queue.o
                0x08006760                xQueueGenericCreateStatic
 .text.xQueueGenericCreate
                0x08006858       0x7e ./Middlewares/FreeRTOS/queue.o
                0x08006858                xQueueGenericCreate
 .text.prvInitialiseNewQueue
                0x080068d6       0x44 ./Middlewares/FreeRTOS/queue.o
 .text.xQueueCreateCountingSemaphoreStatic
                0x0800691a       0x72 ./Middlewares/FreeRTOS/queue.o
                0x0800691a                xQueueCreateCountingSemaphoreStatic
 .text.xQueueCreateCountingSemaphore
                0x0800698c       0x6a ./Middlewares/FreeRTOS/queue.o
                0x0800698c                xQueueCreateCountingSemaphore
 *fill*         0x080069f6        0x2 
 .text.xQueueGenericSend
                0x080069f8      0x22c ./Middlewares/FreeRTOS/queue.o
                0x080069f8                xQueueGenericSend
 .text.xQueueGenericSendFromISR
                0x08006c24      0x15a ./Middlewares/FreeRTOS/queue.o
                0x08006c24                xQueueGenericSendFromISR
 .text.xQueueGiveFromISR
                0x08006d7e      0x144 ./Middlewares/FreeRTOS/queue.o
                0x08006d7e                xQueueGiveFromISR
 *fill*         0x08006ec2        0x2 
 .text.xQueueReceive
                0x08006ec4      0x1c4 ./Middlewares/FreeRTOS/queue.o
                0x08006ec4                xQueueReceive
 .text.xQueueReceiveFromISR
                0x08007088      0x104 ./Middlewares/FreeRTOS/queue.o
                0x08007088                xQueueReceiveFromISR
 .text.prvCopyDataToQueue
                0x0800718c       0xd4 ./Middlewares/FreeRTOS/queue.o
 .text.prvCopyDataFromQueue
                0x08007260       0x4c ./Middlewares/FreeRTOS/queue.o
 .text.prvUnlockQueue
                0x080072ac       0xc0 ./Middlewares/FreeRTOS/queue.o
 .text.prvIsQueueEmpty
                0x0800736c       0x2c ./Middlewares/FreeRTOS/queue.o
 .text.prvIsQueueFull
                0x08007398       0x30 ./Middlewares/FreeRTOS/queue.o
 .text.xQueueCreateSet
                0x080073c8       0x1e ./Middlewares/FreeRTOS/queue.o
                0x080073c8                xQueueCreateSet
 .text.xQueueAddToSet
                0x080073e6       0x42 ./Middlewares/FreeRTOS/queue.o
                0x080073e6                xQueueAddToSet
 .text.xQueueSelectFromSet
                0x08007428       0x26 ./Middlewares/FreeRTOS/queue.o
                0x08007428                xQueueSelectFromSet
 .text.prvNotifyQueueSetContainer
                0x0800744e       0xb8 ./Middlewares/FreeRTOS/queue.o
 .text.xTaskCreateStatic
                0x08007506       0xbe ./Middlewares/FreeRTOS/tasks.o
                0x08007506                xTaskCreateStatic
 .text.xTaskCreate
                0x080075c4       0x8a ./Middlewares/FreeRTOS/tasks.o
                0x080075c4                xTaskCreate
 .text.prvInitialiseNewTask
                0x0800764e      0x100 ./Middlewares/FreeRTOS/tasks.o
 *fill*         0x0800774e        0x2 
 .text.prvAddNewTaskToReadyList
                0x08007750       0xd4 ./Middlewares/FreeRTOS/tasks.o
 .text.vTaskDelay
                0x08007824       0x6c ./Middlewares/FreeRTOS/tasks.o
                0x08007824                vTaskDelay
 .text.vTaskStartScheduler
                0x08007890       0xc4 ./Middlewares/FreeRTOS/tasks.o
                0x08007890                vTaskStartScheduler
 .text.vTaskSuspendAll
                0x08007954       0x1c ./Middlewares/FreeRTOS/tasks.o
                0x08007954                vTaskSuspendAll
 .text.xTaskResumeAll
                0x08007970      0x13c ./Middlewares/FreeRTOS/tasks.o
                0x08007970                xTaskResumeAll
 .text.xTaskIncrementTick
                0x08007aac      0x17c ./Middlewares/FreeRTOS/tasks.o
                0x08007aac                xTaskIncrementTick
 .text.vTaskSwitchContext
                0x08007c28       0xb8 ./Middlewares/FreeRTOS/tasks.o
                0x08007c28                vTaskSwitchContext
 .text.vTaskPlaceOnEventList
                0x08007ce0       0x4c ./Middlewares/FreeRTOS/tasks.o
                0x08007ce0                vTaskPlaceOnEventList
 .text.xTaskRemoveFromEventList
                0x08007d2c       0xc8 ./Middlewares/FreeRTOS/tasks.o
                0x08007d2c                xTaskRemoveFromEventList
 .text.vTaskInternalSetTimeOutState
                0x08007df4       0x2c ./Middlewares/FreeRTOS/tasks.o
                0x08007df4                vTaskInternalSetTimeOutState
 .text.xTaskCheckForTimeOut
                0x08007e20       0xc8 ./Middlewares/FreeRTOS/tasks.o
                0x08007e20                xTaskCheckForTimeOut
 .text.vTaskMissedYield
                0x08007ee8       0x18 ./Middlewares/FreeRTOS/tasks.o
                0x08007ee8                vTaskMissedYield
 .text.prvIdleTask
                0x08007f00       0x30 ./Middlewares/FreeRTOS/tasks.o
 .text.prvInitialiseTaskLists
                0x08007f30       0x80 ./Middlewares/FreeRTOS/tasks.o
 .text.prvCheckTasksWaitingTermination
                0x08007fb0       0x5c ./Middlewares/FreeRTOS/tasks.o
 .text.prvDeleteTCB
                0x0800800c       0x60 ./Middlewares/FreeRTOS/tasks.o
 .text.prvResetNextTaskUnblockTime
                0x0800806c       0x4c ./Middlewares/FreeRTOS/tasks.o
 .text.xTaskGetSchedulerState
                0x080080b8       0x3c ./Middlewares/FreeRTOS/tasks.o
                0x080080b8                xTaskGetSchedulerState
 .text.xTaskPriorityDisinherit
                0x080080f4      0x110 ./Middlewares/FreeRTOS/tasks.o
                0x080080f4                xTaskPriorityDisinherit
 .text.prvAddCurrentTaskToDelayedList
                0x08008204       0xcc ./Middlewares/FreeRTOS/tasks.o
 .text.__assert_func
                0x080082d0       0x3c C:/ST/STM32CubeIDE_1.15.1/STM32CubeIDE/plugins/com.st.stm32cube.ide.mcu.externaltools.gnu-tools-for-stm32.12.3.rel1.win32_1.0.100.202403111256/tools/bin/../lib/gcc/arm-none-eabi/12.3.1/../../../../arm-none-eabi/lib/thumb/v7e-m+fp/hard\libc_nano.a(libc_a-assert.o)
                0x080082d0                __assert_func
 .text.malloc   0x0800830c       0x10 C:/ST/STM32CubeIDE_1.15.1/STM32CubeIDE/plugins/com.st.stm32cube.ide.mcu.externaltools.gnu-tools-for-stm32.12.3.rel1.win32_1.0.100.202403111256/tools/bin/../lib/gcc/arm-none-eabi/12.3.1/../../../../arm-none-eabi/lib/thumb/v7e-m+fp/hard\libc_nano.a(libc_a-malloc.o)
                0x0800830c                malloc
 .text.free     0x0800831c       0x10 C:/ST/STM32CubeIDE_1.15.1/STM32CubeIDE/plugins/com.st.stm32cube.ide.mcu.externaltools.gnu-tools-for-stm32.12.3.rel1.win32_1.0.100.202403111256/tools/bin/../lib/gcc/arm-none-eabi/12.3.1/../../../../arm-none-eabi/lib/thumb/v7e-m+fp/hard\libc_nano.a(libc_a-malloc.o)
                0x0800831c                free
 .text.sbrk_aligned
                0x0800832c       0x44 C:/ST/STM32CubeIDE_1.15.1/STM32CubeIDE/plugins/com.st.stm32cube.ide.mcu.externaltools.gnu-tools-for-stm32.12.3.rel1.win32_1.0.100.202403111256/tools/bin/../lib/gcc/arm-none-eabi/12.3.1/../../../../arm-none-eabi/lib/thumb/v7e-m+fp/hard\libc_nano.a(libc_a-mallocr.o)
 .text._malloc_r
                0x08008370      0x100 C:/ST/STM32CubeIDE_1.15.1/STM32CubeIDE/plugins/com.st.stm32cube.ide.mcu.externaltools.gnu-tools-for-stm32.12.3.rel1.win32_1.0.100.202403111256/tools/bin/../lib/gcc/arm-none-eabi/12.3.1/../../../../arm-none-eabi/lib/thumb/v7e-m+fp/hard\libc_nano.a(libc_a-mallocr.o)
                0x08008370                _malloc_r
 .text.__malloc_lock
                0x08008470        0xc C:/ST/STM32CubeIDE_1.15.1/STM32CubeIDE/plugins/com.st.stm32cube.ide.mcu.externaltools.gnu-tools-for-stm32.12.3.rel1.win32_1.0.100.202403111256/tools/bin/../lib/gcc/arm-none-eabi/12.3.1/../../../../arm-none-eabi/lib/thumb/v7e-m+fp/hard\libc_nano.a(libc_a-mlock.o)
                0x08008470                __malloc_lock
 .text.__malloc_unlock
                0x0800847c        0xc C:/ST/STM32CubeIDE_1.15.1/STM32CubeIDE/plugins/com.st.stm32cube.ide.mcu.externaltools.gnu-tools-for-stm32.12.3.rel1.win32_1.0.100.202403111256/tools/bin/../lib/gcc/arm-none-eabi/12.3.1/../../../../arm-none-eabi/lib/thumb/v7e-m+fp/hard\libc_nano.a(libc_a-mlock.o)
                0x0800847c                __malloc_unlock
 .text.std      0x08008488       0x6c C:/ST/STM32CubeIDE_1.15.1/STM32CubeIDE/plugins/com.st.stm32cube.ide.mcu.externaltools.gnu-tools-for-stm32.12.3.rel1.win32_1.0.100.202403111256/tools/bin/../lib/gcc/arm-none-eabi/12.3.1/../../../../arm-none-eabi/lib/thumb/v7e-m+fp/hard\libc_nano.a(libc_a-findfp.o)
 .text.stdio_exit_handler
                0x080084f4       0x18 C:/ST/STM32CubeIDE_1.15.1/STM32CubeIDE/plugins/com.st.stm32cube.ide.mcu.externaltools.gnu-tools-for-stm32.12.3.rel1.win32_1.0.100.202403111256/tools/bin/../lib/gcc/arm-none-eabi/12.3.1/../../../../arm-none-eabi/lib/thumb/v7e-m+fp/hard\libc_nano.a(libc_a-findfp.o)
 .text.cleanup_stdio
                0x0800850c       0x40 C:/ST/STM32CubeIDE_1.15.1/STM32CubeIDE/plugins/com.st.stm32cube.ide.mcu.externaltools.gnu-tools-for-stm32.12.3.rel1.win32_1.0.100.202403111256/tools/bin/../lib/gcc/arm-none-eabi/12.3.1/../../../../arm-none-eabi/lib/thumb/v7e-m+fp/hard\libc_nano.a(libc_a-findfp.o)
 .text.global_stdio_init.part.0
                0x0800854c       0x3c C:/ST/STM32CubeIDE_1.15.1/STM32CubeIDE/plugins/com.st.stm32cube.ide.mcu.externaltools.gnu-tools-for-stm32.12.3.rel1.win32_1.0.100.202403111256/tools/bin/../lib/gcc/arm-none-eabi/12.3.1/../../../../arm-none-eabi/lib/thumb/v7e-m+fp/hard\libc_nano.a(libc_a-findfp.o)
 .text.__sfp_lock_acquire
                0x08008588        0xc C:/ST/STM32CubeIDE_1.15.1/STM32CubeIDE/plugins/com.st.stm32cube.ide.mcu.externaltools.gnu-tools-for-stm32.12.3.rel1.win32_1.0.100.202403111256/tools/bin/../lib/gcc/arm-none-eabi/12.3.1/../../../../arm-none-eabi/lib/thumb/v7e-m+fp/hard\libc_nano.a(libc_a-findfp.o)
                0x08008588                __sfp_lock_acquire
 .text.__sfp_lock_release
                0x08008594        0xc C:/ST/STM32CubeIDE_1.15.1/STM32CubeIDE/plugins/com.st.stm32cube.ide.mcu.externaltools.gnu-tools-for-stm32.12.3.rel1.win32_1.0.100.202403111256/tools/bin/../lib/gcc/arm-none-eabi/12.3.1/../../../../arm-none-eabi/lib/thumb/v7e-m+fp/hard\libc_nano.a(libc_a-findfp.o)
                0x08008594                __sfp_lock_release
 .text.__sinit  0x080085a0       0x30 C:/ST/STM32CubeIDE_1.15.1/STM32CubeIDE/plugins/com.st.stm32cube.ide.mcu.externaltools.gnu-tools-for-stm32.12.3.rel1.win32_1.0.100.202403111256/tools/bin/../lib/gcc/arm-none-eabi/12.3.1/../../../../arm-none-eabi/lib/thumb/v7e-m+fp/hard\libc_nano.a(libc_a-findfp.o)
                0x080085a0                __sinit
 .text.fprintf  0x080085d0       0x24 C:/ST/STM32CubeIDE_1.15.1/STM32CubeIDE/plugins/com.st.stm32cube.ide.mcu.externaltools.gnu-tools-for-stm32.12.3.rel1.win32_1.0.100.202403111256/tools/bin/../lib/gcc/arm-none-eabi/12.3.1/../../../../arm-none-eabi/lib/thumb/v7e-m+fp/hard\libc_nano.a(libc_a-fprintf.o)
                0x080085d0                fiprintf
                0x080085d0                fprintf
 .text._fwalk_sglue
                0x080085f4       0x3c C:/ST/STM32CubeIDE_1.15.1/STM32CubeIDE/plugins/com.st.stm32cube.ide.mcu.externaltools.gnu-tools-for-stm32.12.3.rel1.win32_1.0.100.202403111256/tools/bin/../lib/gcc/arm-none-eabi/12.3.1/../../../../arm-none-eabi/lib/thumb/v7e-m+fp/hard\libc_nano.a(libc_a-fwalk.o)
                0x080085f4                _fwalk_sglue
 .text._puts_r  0x08008630       0xaa C:/ST/STM32CubeIDE_1.15.1/STM32CubeIDE/plugins/com.st.stm32cube.ide.mcu.externaltools.gnu-tools-for-stm32.12.3.rel1.win32_1.0.100.202403111256/tools/bin/../lib/gcc/arm-none-eabi/12.3.1/../../../../arm-none-eabi/lib/thumb/v7e-m+fp/hard\libc_nano.a(libc_a-puts.o)
                0x08008630                _puts_r
 *fill*         0x080086da        0x2 
 .text.puts     0x080086dc       0x10 C:/ST/STM32CubeIDE_1.15.1/STM32CubeIDE/plugins/com.st.stm32cube.ide.mcu.externaltools.gnu-tools-for-stm32.12.3.rel1.win32_1.0.100.202403111256/tools/bin/../lib/gcc/arm-none-eabi/12.3.1/../../../../arm-none-eabi/lib/thumb/v7e-m+fp/hard\libc_nano.a(libc_a-puts.o)
                0x080086dc                puts
 .text.__sread  0x080086ec       0x22 C:/ST/STM32CubeIDE_1.15.1/STM32CubeIDE/plugins/com.st.stm32cube.ide.mcu.externaltools.gnu-tools-for-stm32.12.3.rel1.win32_1.0.100.202403111256/tools/bin/../lib/gcc/arm-none-eabi/12.3.1/../../../../arm-none-eabi/lib/thumb/v7e-m+fp/hard\libc_nano.a(libc_a-stdio.o)
                0x080086ec                __sread
 .text.__swrite
                0x0800870e       0x38 C:/ST/STM32CubeIDE_1.15.1/STM32CubeIDE/plugins/com.st.stm32cube.ide.mcu.externaltools.gnu-tools-for-stm32.12.3.rel1.win32_1.0.100.202403111256/tools/bin/../lib/gcc/arm-none-eabi/12.3.1/../../../../arm-none-eabi/lib/thumb/v7e-m+fp/hard\libc_nano.a(libc_a-stdio.o)
                0x0800870e                __swrite
 .text.__sseek  0x08008746       0x24 C:/ST/STM32CubeIDE_1.15.1/STM32CubeIDE/plugins/com.st.stm32cube.ide.mcu.externaltools.gnu-tools-for-stm32.12.3.rel1.win32_1.0.100.202403111256/tools/bin/../lib/gcc/arm-none-eabi/12.3.1/../../../../arm-none-eabi/lib/thumb/v7e-m+fp/hard\libc_nano.a(libc_a-stdio.o)
                0x08008746                __sseek
 .text.__sclose
                0x0800876a        0x8 C:/ST/STM32CubeIDE_1.15.1/STM32CubeIDE/plugins/com.st.stm32cube.ide.mcu.externaltools.gnu-tools-for-stm32.12.3.rel1.win32_1.0.100.202403111256/tools/bin/../lib/gcc/arm-none-eabi/12.3.1/../../../../arm-none-eabi/lib/thumb/v7e-m+fp/hard\libc_nano.a(libc_a-stdio.o)
                0x0800876a                __sclose
 .text.__swbuf_r
                0x08008772       0x7c C:/ST/STM32CubeIDE_1.15.1/STM32CubeIDE/plugins/com.st.stm32cube.ide.mcu.externaltools.gnu-tools-for-stm32.12.3.rel1.win32_1.0.100.202403111256/tools/bin/../lib/gcc/arm-none-eabi/12.3.1/../../../../arm-none-eabi/lib/thumb/v7e-m+fp/hard\libc_nano.a(libc_a-wbuf.o)
                0x08008772                __swbuf_r
 *fill*         0x080087ee        0x2 
 .text.__swsetup_r
                0x080087f0       0xac C:/ST/STM32CubeIDE_1.15.1/STM32CubeIDE/plugins/com.st.stm32cube.ide.mcu.externaltools.gnu-tools-for-stm32.12.3.rel1.win32_1.0.100.202403111256/tools/bin/../lib/gcc/arm-none-eabi/12.3.1/../../../../arm-none-eabi/lib/thumb/v7e-m+fp/hard\libc_nano.a(libc_a-wsetup.o)
                0x080087f0                __swsetup_r
 .text.memset   0x0800889c       0x10 C:/ST/STM32CubeIDE_1.15.1/STM32CubeIDE/plugins/com.st.stm32cube.ide.mcu.externaltools.gnu-tools-for-stm32.12.3.rel1.win32_1.0.100.202403111256/tools/bin/../lib/gcc/arm-none-eabi/12.3.1/../../../../arm-none-eabi/lib/thumb/v7e-m+fp/hard\libc_nano.a(libc_a-memset.o)
                0x0800889c                memset
 .text._close_r
                0x080088ac       0x20 C:/ST/STM32CubeIDE_1.15.1/STM32CubeIDE/plugins/com.st.stm32cube.ide.mcu.externaltools.gnu-tools-for-stm32.12.3.rel1.win32_1.0.100.202403111256/tools/bin/../lib/gcc/arm-none-eabi/12.3.1/../../../../arm-none-eabi/lib/thumb/v7e-m+fp/hard\libc_nano.a(libc_a-closer.o)
                0x080088ac                _close_r
 .text._lseek_r
                0x080088cc       0x24 C:/ST/STM32CubeIDE_1.15.1/STM32CubeIDE/plugins/com.st.stm32cube.ide.mcu.externaltools.gnu-tools-for-stm32.12.3.rel1.win32_1.0.100.202403111256/tools/bin/../lib/gcc/arm-none-eabi/12.3.1/../../../../arm-none-eabi/lib/thumb/v7e-m+fp/hard\libc_nano.a(libc_a-lseekr.o)
                0x080088cc                _lseek_r
 .text._read_r  0x080088f0       0x24 C:/ST/STM32CubeIDE_1.15.1/STM32CubeIDE/plugins/com.st.stm32cube.ide.mcu.externaltools.gnu-tools-for-stm32.12.3.rel1.win32_1.0.100.202403111256/tools/bin/../lib/gcc/arm-none-eabi/12.3.1/../../../../arm-none-eabi/lib/thumb/v7e-m+fp/hard\libc_nano.a(libc_a-readr.o)
                0x080088f0                _read_r
 .text._sbrk_r  0x08008914       0x20 C:/ST/STM32CubeIDE_1.15.1/STM32CubeIDE/plugins/com.st.stm32cube.ide.mcu.externaltools.gnu-tools-for-stm32.12.3.rel1.win32_1.0.100.202403111256/tools/bin/../lib/gcc/arm-none-eabi/12.3.1/../../../../arm-none-eabi/lib/thumb/v7e-m+fp/hard\libc_nano.a(libc_a-sbrkr.o)
                0x08008914                _sbrk_r
 .text._write_r
                0x08008934       0x24 C:/ST/STM32CubeIDE_1.15.1/STM32CubeIDE/plugins/com.st.stm32cube.ide.mcu.externaltools.gnu-tools-for-stm32.12.3.rel1.win32_1.0.100.202403111256/tools/bin/../lib/gcc/arm-none-eabi/12.3.1/../../../../arm-none-eabi/lib/thumb/v7e-m+fp/hard\libc_nano.a(libc_a-writer.o)
                0x08008934                _write_r
 .text.__errno  0x08008958        0xc C:/ST/STM32CubeIDE_1.15.1/STM32CubeIDE/plugins/com.st.stm32cube.ide.mcu.externaltools.gnu-tools-for-stm32.12.3.rel1.win32_1.0.100.202403111256/tools/bin/../lib/gcc/arm-none-eabi/12.3.1/../../../../arm-none-eabi/lib/thumb/v7e-m+fp/hard\libc_nano.a(libc_a-errno.o)
                0x08008958                __errno
 .text.__libc_init_array
                0x08008964       0x48 C:/ST/STM32CubeIDE_1.15.1/STM32CubeIDE/plugins/com.st.stm32cube.ide.mcu.externaltools.gnu-tools-for-stm32.12.3.rel1.win32_1.0.100.202403111256/tools/bin/../lib/gcc/arm-none-eabi/12.3.1/../../../../arm-none-eabi/lib/thumb/v7e-m+fp/hard\libc_nano.a(libc_a-init.o)
                0x08008964                __libc_init_array
 .text.__retarget_lock_init_recursive
                0x080089ac        0x2 C:/ST/STM32CubeIDE_1.15.1/STM32CubeIDE/plugins/com.st.stm32cube.ide.mcu.externaltools.gnu-tools-for-stm32.12.3.rel1.win32_1.0.100.202403111256/tools/bin/../lib/gcc/arm-none-eabi/12.3.1/../../../../arm-none-eabi/lib/thumb/v7e-m+fp/hard\libc_nano.a(libc_a-lock.o)
                0x080089ac                __retarget_lock_init_recursive
 .text.__retarget_lock_acquire_recursive
                0x080089ae        0x2 C:/ST/STM32CubeIDE_1.15.1/STM32CubeIDE/plugins/com.st.stm32cube.ide.mcu.externaltools.gnu-tools-for-stm32.12.3.rel1.win32_1.0.100.202403111256/tools/bin/../lib/gcc/arm-none-eabi/12.3.1/../../../../arm-none-eabi/lib/thumb/v7e-m+fp/hard\libc_nano.a(libc_a-lock.o)
                0x080089ae                __retarget_lock_acquire_recursive
 .text.__retarget_lock_release_recursive
                0x080089b0        0x2 C:/ST/STM32CubeIDE_1.15.1/STM32CubeIDE/plugins/com.st.stm32cube.ide.mcu.externaltools.gnu-tools-for-stm32.12.3.rel1.win32_1.0.100.202403111256/tools/bin/../lib/gcc/arm-none-eabi/12.3.1/../../../../arm-none-eabi/lib/thumb/v7e-m+fp/hard\libc_nano.a(libc_a-lock.o)
                0x080089b0                __retarget_lock_release_recursive
 .text.memcpy   0x080089b2       0x1c C:/ST/STM32CubeIDE_1.15.1/STM32CubeIDE/plugins/com.st.stm32cube.ide.mcu.externaltools.gnu-tools-for-stm32.12.3.rel1.win32_1.0.100.202403111256/tools/bin/../lib/gcc/arm-none-eabi/12.3.1/../../../../arm-none-eabi/lib/thumb/v7e-m+fp/hard\libc_nano.a(libc_a-memcpy-stub.o)
                0x080089b2                memcpy
 .text.abort    0x080089ce        0xe C:/ST/STM32CubeIDE_1.15.1/STM32CubeIDE/plugins/com.st.stm32cube.ide.mcu.externaltools.gnu-tools-for-stm32.12.3.rel1.win32_1.0.100.202403111256/tools/bin/../lib/gcc/arm-none-eabi/12.3.1/../../../../arm-none-eabi/lib/thumb/v7e-m+fp/hard\libc_nano.a(libc_a-abort.o)
                0x080089ce                abort
 .text._free_r  0x080089dc       0x94 C:/ST/STM32CubeIDE_1.15.1/STM32CubeIDE/plugins/com.st.stm32cube.ide.mcu.externaltools.gnu-tools-for-stm32.12.3.rel1.win32_1.0.100.202403111256/tools/bin/../lib/gcc/arm-none-eabi/12.3.1/../../../../arm-none-eabi/lib/thumb/v7e-m+fp/hard\libc_nano.a(libc_a-freer.o)
                0x080089dc                _free_r
 .text.__sfputc_r
                0x08008a70       0x2e C:/ST/STM32CubeIDE_1.15.1/STM32CubeIDE/plugins/com.st.stm32cube.ide.mcu.externaltools.gnu-tools-for-stm32.12.3.rel1.win32_1.0.100.202403111256/tools/bin/../lib/gcc/arm-none-eabi/12.3.1/../../../../arm-none-eabi/lib/thumb/v7e-m+fp/hard\libc_nano.a(libc_a-nano-vfprintf.o)
 .text.__sfputs_r
                0x08008a9e       0x24 C:/ST/STM32CubeIDE_1.15.1/STM32CubeIDE/plugins/com.st.stm32cube.ide.mcu.externaltools.gnu-tools-for-stm32.12.3.rel1.win32_1.0.100.202403111256/tools/bin/../lib/gcc/arm-none-eabi/12.3.1/../../../../arm-none-eabi/lib/thumb/v7e-m+fp/hard\libc_nano.a(libc_a-nano-vfprintf.o)
                0x08008a9e                __sfputs_r
 *fill*         0x08008ac2        0x2 
 .text._vfprintf_r
                0x08008ac4      0x230 C:/ST/STM32CubeIDE_1.15.1/STM32CubeIDE/plugins/com.st.stm32cube.ide.mcu.externaltools.gnu-tools-for-stm32.12.3.rel1.win32_1.0.100.202403111256/tools/bin/../lib/gcc/arm-none-eabi/12.3.1/../../../../arm-none-eabi/lib/thumb/v7e-m+fp/hard\libc_nano.a(libc_a-nano-vfprintf.o)
                0x08008ac4                _vfprintf_r
                0x08008ac4                _vfiprintf_r
 .text._printf_common
                0x08008cf4       0xda C:/ST/STM32CubeIDE_1.15.1/STM32CubeIDE/plugins/com.st.stm32cube.ide.mcu.externaltools.gnu-tools-for-stm32.12.3.rel1.win32_1.0.100.202403111256/tools/bin/../lib/gcc/arm-none-eabi/12.3.1/../../../../arm-none-eabi/lib/thumb/v7e-m+fp/hard\libc_nano.a(libc_a-nano-vfprintf_i.o)
                0x08008cf4                _printf_common
 *fill*         0x08008dce        0x2 
 .text._printf_i
                0x08008dd0      0x240 C:/ST/STM32CubeIDE_1.15.1/STM32CubeIDE/plugins/com.st.stm32cube.ide.mcu.externaltools.gnu-tools-for-stm32.12.3.rel1.win32_1.0.100.202403111256/tools/bin/../lib/gcc/arm-none-eabi/12.3.1/../../../../arm-none-eabi/lib/thumb/v7e-m+fp/hard\libc_nano.a(libc_a-nano-vfprintf_i.o)
                0x08008dd0                _printf_i
 .text.__sflush_r
                0x08009010      0x108 C:/ST/STM32CubeIDE_1.15.1/STM32CubeIDE/plugins/com.st.stm32cube.ide.mcu.externaltools.gnu-tools-for-stm32.12.3.rel1.win32_1.0.100.202403111256/tools/bin/../lib/gcc/arm-none-eabi/12.3.1/../../../../arm-none-eabi/lib/thumb/v7e-m+fp/hard\libc_nano.a(libc_a-fflush.o)
                0x08009010                __sflush_r
 .text._fflush_r
                0x08009118       0x50 C:/ST/STM32CubeIDE_1.15.1/STM32CubeIDE/plugins/com.st.stm32cube.ide.mcu.externaltools.gnu-tools-for-stm32.12.3.rel1.win32_1.0.100.202403111256/tools/bin/../lib/gcc/arm-none-eabi/12.3.1/../../../../arm-none-eabi/lib/thumb/v7e-m+fp/hard\libc_nano.a(libc_a-fflush.o)
                0x08009118                _fflush_r
 .text.__swhatbuf_r
                0x08009168       0x4c C:/ST/STM32CubeIDE_1.15.1/STM32CubeIDE/plugins/com.st.stm32cube.ide.mcu.externaltools.gnu-tools-for-stm32.12.3.rel1.win32_1.0.100.202403111256/tools/bin/../lib/gcc/arm-none-eabi/12.3.1/../../../../arm-none-eabi/lib/thumb/v7e-m+fp/hard\libc_nano.a(libc_a-makebuf.o)
                0x08009168                __swhatbuf_r
 .text.__smakebuf_r
                0x080091b4       0x78 C:/ST/STM32CubeIDE_1.15.1/STM32CubeIDE/plugins/com.st.stm32cube.ide.mcu.externaltools.gnu-tools-for-stm32.12.3.rel1.win32_1.0.100.202403111256/tools/bin/../lib/gcc/arm-none-eabi/12.3.1/../../../../arm-none-eabi/lib/thumb/v7e-m+fp/hard\libc_nano.a(libc_a-makebuf.o)
                0x080091b4                __smakebuf_r
 .text._raise_r
                0x0800922c       0x50 C:/ST/STM32CubeIDE_1.15.1/STM32CubeIDE/plugins/com.st.stm32cube.ide.mcu.externaltools.gnu-tools-for-stm32.12.3.rel1.win32_1.0.100.202403111256/tools/bin/../lib/gcc/arm-none-eabi/12.3.1/../../../../arm-none-eabi/lib/thumb/v7e-m+fp/hard\libc_nano.a(libc_a-signal.o)
                0x0800922c                _raise_r
 .text.raise    0x0800927c       0x10 C:/ST/STM32CubeIDE_1.15.1/STM32CubeIDE/plugins/com.st.stm32cube.ide.mcu.externaltools.gnu-tools-for-stm32.12.3.rel1.win32_1.0.100.202403111256/tools/bin/../lib/gcc/arm-none-eabi/12.3.1/../../../../arm-none-eabi/lib/thumb/v7e-m+fp/hard\libc_nano.a(libc_a-signal.o)
                0x0800927c                raise
 .text._fstat_r
                0x0800928c       0x24 C:/ST/STM32CubeIDE_1.15.1/STM32CubeIDE/plugins/com.st.stm32cube.ide.mcu.externaltools.gnu-tools-for-stm32.12.3.rel1.win32_1.0.100.202403111256/tools/bin/../lib/gcc/arm-none-eabi/12.3.1/../../../../arm-none-eabi/lib/thumb/v7e-m+fp/hard\libc_nano.a(libc_a-fstatr.o)
                0x0800928c                _fstat_r
 .text._isatty_r
                0x080092b0       0x20 C:/ST/STM32CubeIDE_1.15.1/STM32CubeIDE/plugins/com.st.stm32cube.ide.mcu.externaltools.gnu-tools-for-stm32.12.3.rel1.win32_1.0.100.202403111256/tools/bin/../lib/gcc/arm-none-eabi/12.3.1/../../../../arm-none-eabi/lib/thumb/v7e-m+fp/hard\libc_nano.a(libc_a-isattyr.o)
                0x080092b0                _isatty_r
 .text._kill_r  0x080092d0       0x24 C:/ST/STM32CubeIDE_1.15.1/STM32CubeIDE/plugins/com.st.stm32cube.ide.mcu.externaltools.gnu-tools-for-stm32.12.3.rel1.win32_1.0.100.202403111256/tools/bin/../lib/gcc/arm-none-eabi/12.3.1/../../../../arm-none-eabi/lib/thumb/v7e-m+fp/hard\libc_nano.a(libc_a-signalr.o)
                0x080092d0                _kill_r
 .text._getpid_r
                0x080092f4        0x4 C:/ST/STM32CubeIDE_1.15.1/STM32CubeIDE/plugins/com.st.stm32cube.ide.mcu.externaltools.gnu-tools-for-stm32.12.3.rel1.win32_1.0.100.202403111256/tools/bin/../lib/gcc/arm-none-eabi/12.3.1/../../../../arm-none-eabi/lib/thumb/v7e-m+fp/hard\libc_nano.a(libc_a-signalr.o)
                0x080092f4                _getpid_r
 *(.glue_7)
 .glue_7        0x080092f8        0x0 linker stubs
 *(.glue_7t)
 .glue_7t       0x080092f8        0x0 linker stubs
 *(.eh_frame)
 .eh_frame      0x080092f8        0x0 C:/ST/STM32CubeIDE_1.15.1/STM32CubeIDE/plugins/com.st.stm32cube.ide.mcu.externaltools.gnu-tools-for-stm32.12.3.rel1.win32_1.0.100.202403111256/tools/bin/../lib/gcc/arm-none-eabi/12.3.1/thumb/v7e-m+fp/hard/crtbegin.o
 *(.init)
 .init          0x080092f8        0x4 C:/ST/STM32CubeIDE_1.15.1/STM32CubeIDE/plugins/com.st.stm32cube.ide.mcu.externaltools.gnu-tools-for-stm32.12.3.rel1.win32_1.0.100.202403111256/tools/bin/../lib/gcc/arm-none-eabi/12.3.1/thumb/v7e-m+fp/hard/crti.o
                0x080092f8                _init
 .init          0x080092fc        0x8 C:/ST/STM32CubeIDE_1.15.1/STM32CubeIDE/plugins/com.st.stm32cube.ide.mcu.externaltools.gnu-tools-for-stm32.12.3.rel1.win32_1.0.100.202403111256/tools/bin/../lib/gcc/arm-none-eabi/12.3.1/thumb/v7e-m+fp/hard/crtn.o
 *(.fini)
 .fini          0x08009304        0x4 C:/ST/STM32CubeIDE_1.15.1/STM32CubeIDE/plugins/com.st.stm32cube.ide.mcu.externaltools.gnu-tools-for-stm32.12.3.rel1.win32_1.0.100.202403111256/tools/bin/../lib/gcc/arm-none-eabi/12.3.1/thumb/v7e-m+fp/hard/crti.o
                0x08009304                _fini
 .fini          0x08009308        0x8 C:/ST/STM32CubeIDE_1.15.1/STM32CubeIDE/plugins/com.st.stm32cube.ide.mcu.externaltools.gnu-tools-for-stm32.12.3.rel1.win32_1.0.100.202403111256/tools/bin/../lib/gcc/arm-none-eabi/12.3.1/thumb/v7e-m+fp/hard/crtn.o
                0x08009310                        . = ALIGN (0x4)
                0x08009310                        _etext = .

.vfp11_veneer   0x08009310        0x0
 .vfp11_veneer  0x08009310        0x0 linker stubs

.v4_bx          0x08009310        0x0
 .v4_bx         0x08009310        0x0 linker stubs

.iplt           0x08009310        0x0
 .iplt          0x08009310        0x0 C:/ST/STM32CubeIDE_1.15.1/STM32CubeIDE/plugins/com.st.stm32cube.ide.mcu.externaltools.gnu-tools-for-stm32.12.3.rel1.win32_1.0.100.202403111256/tools/bin/../lib/gcc/arm-none-eabi/12.3.1/thumb/v7e-m+fp/hard/crtbegin.o

.rodata         0x08009310      0x220
                0x08009310                        . = ALIGN (0x4)
 *(.rodata)
 .rodata        0x08009310      0x141 ./Core/Src/main.o
 *fill*         0x08009451        0x3 
 .rodata        0x08009454        0x5 ./Middlewares/FreeRTOS/tasks.o
 *(.rodata*)
 *fill*         0x08009459        0x3 
 .rodata.__func__.1
                0x0800945c       0x14 ./Core/Src/main.o
 .rodata.__func__.0
                0x08009470       0x16 ./Core/Src/main.o
 *fill*         0x08009486        0x2 
 .rodata.AHBPrescTable
                0x08009488       0x10 ./Core/Src/system_stm32f3xx.o
                0x08009488                AHBPrescTable
 .rodata.APBPrescTable
                0x08009498        0x8 ./Core/Src/system_stm32f3xx.o
                0x08009498                APBPrescTable
 .rodata.aPLLMULFactorTable
                0x080094a0       0x10 ./Drivers/STM32F3xx_HAL_Driver/stm32f3xx_hal_rcc.o
 .rodata.aPredivFactorTable
                0x080094b0       0x10 ./Drivers/STM32F3xx_HAL_Driver/stm32f3xx_hal_rcc.o
 .rodata.__assert_func.str1.1
                0x080094c0       0x3c C:/ST/STM32CubeIDE_1.15.1/STM32CubeIDE/plugins/com.st.stm32cube.ide.mcu.externaltools.gnu-tools-for-stm32.12.3.rel1.win32_1.0.100.202403111256/tools/bin/../lib/gcc/arm-none-eabi/12.3.1/../../../../arm-none-eabi/lib/thumb/v7e-m+fp/hard\libc_nano.a(libc_a-assert.o)
                                 0x3d (size before relaxing)
 .rodata._vfprintf_r.str1.1
                0x080094fc       0x11 C:/ST/STM32CubeIDE_1.15.1/STM32CubeIDE/plugins/com.st.stm32cube.ide.mcu.externaltools.gnu-tools-for-stm32.12.3.rel1.win32_1.0.100.202403111256/tools/bin/../lib/gcc/arm-none-eabi/12.3.1/../../../../arm-none-eabi/lib/thumb/v7e-m+fp/hard\libc_nano.a(libc_a-nano-vfprintf.o)
 .rodata._printf_i.str1.1
                0x0800950d       0x22 C:/ST/STM32CubeIDE_1.15.1/STM32CubeIDE/plugins/com.st.stm32cube.ide.mcu.externaltools.gnu-tools-for-stm32.12.3.rel1.win32_1.0.100.202403111256/tools/bin/../lib/gcc/arm-none-eabi/12.3.1/../../../../arm-none-eabi/lib/thumb/v7e-m+fp/hard\libc_nano.a(libc_a-nano-vfprintf_i.o)
                0x08009530                        . = ALIGN (0x4)
 *fill*         0x0800952f        0x1 

.ARM.extab      0x08009530        0x0
                0x08009530                        . = ALIGN (0x4)
 *(.ARM.extab* .gnu.linkonce.armextab.*)
                0x08009530                        . = ALIGN (0x4)

.ARM            0x08009530        0x8
                0x08009530                        . = ALIGN (0x4)
                0x08009530                        __exidx_start = .
 *(.ARM.exidx*)
 .ARM.exidx     0x08009530        0x8 C:/ST/STM32CubeIDE_1.15.1/STM32CubeIDE/plugins/com.st.stm32cube.ide.mcu.externaltools.gnu-tools-for-stm32.12.3.rel1.win32_1.0.100.202403111256/tools/bin/../lib/gcc/arm-none-eabi/12.3.1/../../../../arm-none-eabi/lib/thumb/v7e-m+fp/hard\libc_nano.a(libc_a-memchr.o)
                0x08009538                        __exidx_end = .
                0x08009538                        . = ALIGN (0x4)

.rel.dyn        0x08009538        0x0
 .rel.iplt      0x08009538        0x0 C:/ST/STM32CubeIDE_1.15.1/STM32CubeIDE/plugins/com.st.stm32cube.ide.mcu.externaltools.gnu-tools-for-stm32.12.3.rel1.win32_1.0.100.202403111256/tools/bin/../lib/gcc/arm-none-eabi/12.3.1/thumb/v7e-m+fp/hard/crtbegin.o

.preinit_array  0x08009538        0x0
                0x08009538                        . = ALIGN (0x4)
                0x08009538                        PROVIDE (__preinit_array_start = .)
 *(.preinit_array*)
                0x08009538                        PROVIDE (__preinit_array_end = .)
                0x08009538                        . = ALIGN (0x4)

.init_array     0x08009538        0x4
                0x08009538                        . = ALIGN (0x4)
                0x08009538                        PROVIDE (__init_array_start = .)
 *(SORT_BY_NAME(.init_array.*))
 *(.init_array*)
 .init_array    0x08009538        0x4 C:/ST/STM32CubeIDE_1.15.1/STM32CubeIDE/plugins/com.st.stm32cube.ide.mcu.externaltools.gnu-tools-for-stm32.12.3.rel1.win32_1.0.100.202403111256/tools/bin/../lib/gcc/arm-none-eabi/12.3.1/thumb/v7e-m+fp/hard/crtbegin.o
                0x0800953c                        PROVIDE (__init_array_end = .)
                0x0800953c                        . = ALIGN (0x4)

.fini_array     0x0800953c        0x4
                0x0800953c                        . = ALIGN (0x4)
                [!provide]                        PROVIDE (__fini_array_start = .)
 *(SORT_BY_NAME(.fini_array.*))
 *(.fini_array*)
 .fini_array    0x0800953c        0x4 C:/ST/STM32CubeIDE_1.15.1/STM32CubeIDE/plugins/com.st.stm32cube.ide.mcu.externaltools.gnu-tools-for-stm32.12.3.rel1.win32_1.0.100.202403111256/tools/bin/../lib/gcc/arm-none-eabi/12.3.1/thumb/v7e-m+fp/hard/crtbegin.o
                [!provide]                        PROVIDE (__fini_array_end = .)
                0x08009540                        . = ALIGN (0x4)
                0x08009540                        _sidata = LOADADDR (.data)

.data           0x20000000       0x6c load address 0x08009540
                0x20000000                        . = ALIGN (0x4)
                0x20000000                        _sdata = .
 *(.data)
 *(.data*)
 .data.SystemCoreClock
                0x20000000        0x4 ./Core/Src/system_stm32f3xx.o
                0x20000000                SystemCoreClock
 .data.uwTickPrio
                0x20000004        0x4 ./Drivers/STM32F3xx_HAL_Driver/stm32f3xx_hal.o
                0x20000004                uwTickPrio
 .data.uwTickFreq
                0x20000008        0x1 ./Drivers/STM32F3xx_HAL_Driver/stm32f3xx_hal.o
                0x20000008                uwTickFreq
 *fill*         0x20000009        0x3 
 .data.uxCriticalNesting
                0x2000000c        0x4 ./Middlewares/FreeRTOS/port.o
 .data.__sglue  0x20000010        0xc C:/ST/STM32CubeIDE_1.15.1/STM32CubeIDE/plugins/com.st.stm32cube.ide.mcu.externaltools.gnu-tools-for-stm32.12.3.rel1.win32_1.0.100.202403111256/tools/bin/../lib/gcc/arm-none-eabi/12.3.1/../../../../arm-none-eabi/lib/thumb/v7e-m+fp/hard\libc_nano.a(libc_a-findfp.o)
                0x20000010                __sglue
 .data._impure_ptr
                0x2000001c        0x4 C:/ST/STM32CubeIDE_1.15.1/STM32CubeIDE/plugins/com.st.stm32cube.ide.mcu.externaltools.gnu-tools-for-stm32.12.3.rel1.win32_1.0.100.202403111256/tools/bin/../lib/gcc/arm-none-eabi/12.3.1/../../../../arm-none-eabi/lib/thumb/v7e-m+fp/hard\libc_nano.a(libc_a-impure.o)
                0x2000001c                _impure_ptr
 .data._impure_data
                0x20000020       0x4c C:/ST/STM32CubeIDE_1.15.1/STM32CubeIDE/plugins/com.st.stm32cube.ide.mcu.externaltools.gnu-tools-for-stm32.12.3.rel1.win32_1.0.100.202403111256/tools/bin/../lib/gcc/arm-none-eabi/12.3.1/../../../../arm-none-eabi/lib/thumb/v7e-m+fp/hard\libc_nano.a(libc_a-impure.o)
                0x20000020                _impure_data
 *(.RamFunc)
 *(.RamFunc*)
                0x2000006c                        . = ALIGN (0x4)
                0x2000006c                        _edata = .
                0x080095ac                        _siccmram = LOADADDR (.ccmram)

.igot.plt       0x2000006c        0x0 load address 0x080095ac
 .igot.plt      0x2000006c        0x0 C:/ST/STM32CubeIDE_1.15.1/STM32CubeIDE/plugins/com.st.stm32cube.ide.mcu.externaltools.gnu-tools-for-stm32.12.3.rel1.win32_1.0.100.202403111256/tools/bin/../lib/gcc/arm-none-eabi/12.3.1/thumb/v7e-m+fp/hard/crtbegin.o

.ccmram         0x10000000        0x0 load address 0x080095ac
                0x10000000                        . = ALIGN (0x4)
                0x10000000                        _sccmram = .
 *(.ccmram)
 *(.ccmram*)
                0x10000000                        . = ALIGN (0x4)
                0x10000000                        _eccmram = .
                0x10000000                        . = ALIGN (0x4)

.bss            0x2000006c     0x27ec
                0x2000006c                        _sbss = .
                0x2000006c                        __bss_start__ = _sbss
 *(.bss)
 .bss           0x2000006c       0x1c C:/ST/STM32CubeIDE_1.15.1/STM32CubeIDE/plugins/com.st.stm32cube.ide.mcu.externaltools.gnu-tools-for-stm32.12.3.rel1.win32_1.0.100.202403111256/tools/bin/../lib/gcc/arm-none-eabi/12.3.1/thumb/v7e-m+fp/hard/crtbegin.o
 *(.bss*)
 .bss.xIdleTaskTCBBuffer
                0x20000088       0x54 ./Core/Src/freertos.o
 .bss.xIdleStack
                0x200000dc      0x200 ./Core/Src/freertos.o
 .bss.hspi1     0x200002dc       0x64 ./Core/Src/main.o
                0x200002dc                hspi1
 .bss.hdma_spi1_tx
                0x20000340       0x44 ./Core/Src/main.o
                0x20000340                hdma_spi1_tx
 .bss.huart1    0x20000384       0x88 ./Core/Src/main.o
                0x20000384                huart1
 .bss.hdma_usart1_tx
                0x2000040c       0x44 ./Core/Src/main.o
                0x2000040c                hdma_usart1_tx
 .bss.defaultTaskHandle
                0x20000450        0x4 ./Core/Src/main.o
                0x20000450                defaultTaskHandle
 .bss.spi_taskHandle
                0x20000454        0x4 ./Core/Src/main.o
                0x20000454                spi_taskHandle
 .bss.usart_taskHandle
                0x20000458        0x4 ./Core/Src/main.o
                0x20000458                usart_taskHandle
 .bss.usart_to_spiHandle
                0x2000045c        0x4 ./Core/Src/main.o
                0x2000045c                usart_to_spiHandle
 .bss.spi_to_usartHandle
                0x20000460        0x4 ./Core/Src/main.o
                0x20000460                spi_to_usartHandle
 .bss.spi_txrx_cplt_Handle
                0x20000464        0x4 ./Core/Src/main.o
                0x20000464                spi_txrx_cplt_Handle
 .bss.spi_txrx_cplt_ControlBlock
                0x20000468       0x4c ./Core/Src/main.o
                0x20000468                spi_txrx_cplt_ControlBlock
 .bss.usart_tx_eventHandle
                0x200004b4        0x4 ./Core/Src/main.o
                0x200004b4                usart_tx_eventHandle
 .bss.usart_txc_eventControlBlock
                0x200004b8       0x4c ./Core/Src/main.o
                0x200004b8                usart_txc_eventControlBlock
 .bss.usart_rx_eventHandle
                0x20000504        0x4 ./Core/Src/main.o
                0x20000504                usart_rx_eventHandle
 .bss.usart_rx_eventControlBlock
                0x20000508       0x4c ./Core/Src/main.o
                0x20000508                usart_rx_eventControlBlock
 .bss.spi_rx_cpltHandle
                0x20000554        0x4 ./Core/Src/main.o
                0x20000554                spi_rx_cpltHandle
 .bss.spi_rx_cpltControlBlock
                0x20000558       0x4c ./Core/Src/main.o
                0x20000558                spi_rx_cpltControlBlock
 .bss.__sbrk_heap_end
                0x200005a4        0x4 ./Core/Src/sysmem.o
 .bss.uwTick    0x200005a8        0x4 ./Drivers/STM32F3xx_HAL_Driver/stm32f3xx_hal.o
                0x200005a8                uwTick
 .bss.ucHeap    0x200005ac     0x2000 ./Middlewares/FreeRTOS/heap_4.o
 .bss.xStart    0x200025ac        0x8 ./Middlewares/FreeRTOS/heap_4.o
 .bss.pxEnd     0x200025b4        0x4 ./Middlewares/FreeRTOS/heap_4.o
 .bss.xFreeBytesRemaining
                0x200025b8        0x4 ./Middlewares/FreeRTOS/heap_4.o
 .bss.xMinimumEverFreeBytesRemaining
                0x200025bc        0x4 ./Middlewares/FreeRTOS/heap_4.o
 .bss.xBlockAllocatedBit
                0x200025c0        0x4 ./Middlewares/FreeRTOS/heap_4.o
 .bss.ucMaxSysCallPriority
                0x200025c4        0x1 ./Middlewares/FreeRTOS/port.o
 *fill*         0x200025c5        0x3 
 .bss.ulMaxPRIGROUPValue
                0x200025c8        0x4 ./Middlewares/FreeRTOS/port.o
 .bss.pxCurrentTCB
                0x200025cc        0x4 ./Middlewares/FreeRTOS/tasks.o
                0x200025cc                pxCurrentTCB
 .bss.pxReadyTasksLists
                0x200025d0       0xa0 ./Middlewares/FreeRTOS/tasks.o
 .bss.xDelayedTaskList1
                0x20002670       0x14 ./Middlewares/FreeRTOS/tasks.o
 .bss.xDelayedTaskList2
                0x20002684       0x14 ./Middlewares/FreeRTOS/tasks.o
 .bss.pxDelayedTaskList
                0x20002698        0x4 ./Middlewares/FreeRTOS/tasks.o
 .bss.pxOverflowDelayedTaskList
                0x2000269c        0x4 ./Middlewares/FreeRTOS/tasks.o
 .bss.xPendingReadyList
                0x200026a0       0x14 ./Middlewares/FreeRTOS/tasks.o
 .bss.xTasksWaitingTermination
                0x200026b4       0x14 ./Middlewares/FreeRTOS/tasks.o
 .bss.uxDeletedTasksWaitingCleanUp
                0x200026c8        0x4 ./Middlewares/FreeRTOS/tasks.o
 .bss.xSuspendedTaskList
                0x200026cc       0x14 ./Middlewares/FreeRTOS/tasks.o
 .bss.uxCurrentNumberOfTasks
                0x200026e0        0x4 ./Middlewares/FreeRTOS/tasks.o
 .bss.xTickCount
                0x200026e4        0x4 ./Middlewares/FreeRTOS/tasks.o
 .bss.uxTopReadyPriority
                0x200026e8        0x4 ./Middlewares/FreeRTOS/tasks.o
 .bss.xSchedulerRunning
                0x200026ec        0x4 ./Middlewares/FreeRTOS/tasks.o
 .bss.uxPendedTicks
                0x200026f0        0x4 ./Middlewares/FreeRTOS/tasks.o
 .bss.xYieldPending
                0x200026f4        0x4 ./Middlewares/FreeRTOS/tasks.o
 .bss.xNumOfOverflows
                0x200026f8        0x4 ./Middlewares/FreeRTOS/tasks.o
 .bss.uxTaskNumber
                0x200026fc        0x4 ./Middlewares/FreeRTOS/tasks.o
 .bss.xNextTaskUnblockTime
                0x20002700        0x4 ./Middlewares/FreeRTOS/tasks.o
 .bss.xIdleTaskHandle
                0x20002704        0x4 ./Middlewares/FreeRTOS/tasks.o
 .bss.uxSchedulerSuspended
                0x20002708        0x4 ./Middlewares/FreeRTOS/tasks.o
 .bss.__malloc_sbrk_start
                0x2000270c        0x4 C:/ST/STM32CubeIDE_1.15.1/STM32CubeIDE/plugins/com.st.stm32cube.ide.mcu.externaltools.gnu-tools-for-stm32.12.3.rel1.win32_1.0.100.202403111256/tools/bin/../lib/gcc/arm-none-eabi/12.3.1/../../../../arm-none-eabi/lib/thumb/v7e-m+fp/hard\libc_nano.a(libc_a-mallocr.o)
                0x2000270c                __malloc_sbrk_start
 .bss.__malloc_free_list
                0x20002710        0x4 C:/ST/STM32CubeIDE_1.15.1/STM32CubeIDE/plugins/com.st.stm32cube.ide.mcu.externaltools.gnu-tools-for-stm32.12.3.rel1.win32_1.0.100.202403111256/tools/bin/../lib/gcc/arm-none-eabi/12.3.1/../../../../arm-none-eabi/lib/thumb/v7e-m+fp/hard\libc_nano.a(libc_a-mallocr.o)
                0x20002710                __malloc_free_list
 .bss.__sf      0x20002714      0x138 C:/ST/STM32CubeIDE_1.15.1/STM32CubeIDE/plugins/com.st.stm32cube.ide.mcu.externaltools.gnu-tools-for-stm32.12.3.rel1.win32_1.0.100.202403111256/tools/bin/../lib/gcc/arm-none-eabi/12.3.1/../../../../arm-none-eabi/lib/thumb/v7e-m+fp/hard\libc_nano.a(libc_a-findfp.o)
                0x20002714                __sf
 .bss.__stdio_exit_handler
                0x2000284c        0x4 C:/ST/STM32CubeIDE_1.15.1/STM32CubeIDE/plugins/com.st.stm32cube.ide.mcu.externaltools.gnu-tools-for-stm32.12.3.rel1.win32_1.0.100.202403111256/tools/bin/../lib/gcc/arm-none-eabi/12.3.1/../../../../arm-none-eabi/lib/thumb/v7e-m+fp/hard\libc_nano.a(libc_a-findfp.o)
                0x2000284c                __stdio_exit_handler
 .bss.errno     0x20002850        0x4 C:/ST/STM32CubeIDE_1.15.1/STM32CubeIDE/plugins/com.st.stm32cube.ide.mcu.externaltools.gnu-tools-for-stm32.12.3.rel1.win32_1.0.100.202403111256/tools/bin/../lib/gcc/arm-none-eabi/12.3.1/../../../../arm-none-eabi/lib/thumb/v7e-m+fp/hard\libc_nano.a(libc_a-reent.o)
                0x20002850                errno
 .bss.__lock___malloc_recursive_mutex
                0x20002854        0x1 C:/ST/STM32CubeIDE_1.15.1/STM32CubeIDE/plugins/com.st.stm32cube.ide.mcu.externaltools.gnu-tools-for-stm32.12.3.rel1.win32_1.0.100.202403111256/tools/bin/../lib/gcc/arm-none-eabi/12.3.1/../../../../arm-none-eabi/lib/thumb/v7e-m+fp/hard\libc_nano.a(libc_a-lock.o)
                0x20002854                __lock___malloc_recursive_mutex
 .bss.__lock___sfp_recursive_mutex
                0x20002855        0x1 C:/ST/STM32CubeIDE_1.15.1/STM32CubeIDE/plugins/com.st.stm32cube.ide.mcu.externaltools.gnu-tools-for-stm32.12.3.rel1.win32_1.0.100.202403111256/tools/bin/../lib/gcc/arm-none-eabi/12.3.1/../../../../arm-none-eabi/lib/thumb/v7e-m+fp/hard\libc_nano.a(libc_a-lock.o)
                0x20002855                __lock___sfp_recursive_mutex
 *(COMMON)
                0x20002858                        . = ALIGN (0x4)
 *fill*         0x20002856        0x2 
                0x20002858                        _ebss = .
                0x20002858                        __bss_end__ = _ebss

._user_heap_stack
                0x20002858      0x600
                0x20002858                        . = ALIGN (0x8)
                [!provide]                        PROVIDE (end = .)
                0x20002858                        PROVIDE (_end = .)
                0x20002a58                        . = (. + _Min_Heap_Size)
 *fill*         0x20002858      0x200 
                0x20002e58                        . = (. + _Min_Stack_Size)
 *fill*         0x20002a58      0x400 
                0x20002e58                        . = ALIGN (0x8)

/DISCARD/
 libc.a(*)
 libm.a(*)
 libgcc.a(*)

.ARM.attributes
                0x00000000       0x30
 *(.ARM.attributes)
 .ARM.attributes
                0x00000000       0x22 C:/ST/STM32CubeIDE_1.15.1/STM32CubeIDE/plugins/com.st.stm32cube.ide.mcu.externaltools.gnu-tools-for-stm32.12.3.rel1.win32_1.0.100.202403111256/tools/bin/../lib/gcc/arm-none-eabi/12.3.1/thumb/v7e-m+fp/hard/crti.o
 .ARM.attributes
                0x00000022       0x34 C:/ST/STM32CubeIDE_1.15.1/STM32CubeIDE/plugins/com.st.stm32cube.ide.mcu.externaltools.gnu-tools-for-stm32.12.3.rel1.win32_1.0.100.202403111256/tools/bin/../lib/gcc/arm-none-eabi/12.3.1/thumb/v7e-m+fp/hard/crtbegin.o
 .ARM.attributes
                0x00000056       0x34 ./Core/Src/freertos.o
 .ARM.attributes
                0x0000008a       0x34 ./Core/Src/main.o
 .ARM.attributes
                0x000000be       0x34 ./Core/Src/stm32f3xx_hal_msp.o
 .ARM.attributes
                0x000000f2       0x34 ./Core/Src/stm32f3xx_it.o
 .ARM.attributes
                0x00000126       0x34 ./Core/Src/syscalls.o
 .ARM.attributes
                0x0000015a       0x34 ./Core/Src/sysmem.o
 .ARM.attributes
                0x0000018e       0x34 ./Core/Src/system_stm32f3xx.o
 .ARM.attributes
                0x000001c2       0x21 ./Core/Startup/startup_stm32f303rctx.o
 .ARM.attributes
                0x000001e3       0x34 ./Drivers/STM32F3xx_HAL_Driver/stm32f3xx_hal.o
 .ARM.attributes
                0x00000217       0x34 ./Drivers/STM32F3xx_HAL_Driver/stm32f3xx_hal_cortex.o
 .ARM.attributes
                0x0000024b       0x34 ./Drivers/STM32F3xx_HAL_Driver/stm32f3xx_hal_dma.o
 .ARM.attributes
                0x0000027f       0x34 ./Drivers/STM32F3xx_HAL_Driver/stm32f3xx_hal_gpio.o
 .ARM.attributes
                0x000002b3       0x34 ./Drivers/STM32F3xx_HAL_Driver/stm32f3xx_hal_rcc.o
 .ARM.attributes
                0x000002e7       0x34 ./Drivers/STM32F3xx_HAL_Driver/stm32f3xx_hal_rcc_ex.o
 .ARM.attributes
                0x0000031b       0x34 ./Drivers/STM32F3xx_HAL_Driver/stm32f3xx_hal_spi.o
 .ARM.attributes
                0x0000034f       0x34 ./Drivers/STM32F3xx_HAL_Driver/stm32f3xx_hal_uart.o
 .ARM.attributes
                0x00000383       0x34 ./Drivers/STM32F3xx_HAL_Driver/stm32f3xx_hal_uart_ex.o
 .ARM.attributes
                0x000003b7       0x34 ./Middlewares/FreeRTOS/cmsis_os.o
 .ARM.attributes
                0x000003eb       0x34 ./Middlewares/FreeRTOS/heap_4.o
 .ARM.attributes
                0x0000041f       0x34 ./Middlewares/FreeRTOS/list.o
 .ARM.attributes
                0x00000453       0x34 ./Middlewares/FreeRTOS/port.o
 .ARM.attributes
                0x00000487       0x34 ./Middlewares/FreeRTOS/queue.o
 .ARM.attributes
                0x000004bb       0x34 ./Middlewares/FreeRTOS/tasks.o
 .ARM.attributes
                0x000004ef       0x34 C:/ST/STM32CubeIDE_1.15.1/STM32CubeIDE/plugins/com.st.stm32cube.ide.mcu.externaltools.gnu-tools-for-stm32.12.3.rel1.win32_1.0.100.202403111256/tools/bin/../lib/gcc/arm-none-eabi/12.3.1/../../../../arm-none-eabi/lib/thumb/v7e-m+fp/hard\libc_nano.a(libc_a-assert.o)
 .ARM.attributes
                0x00000523       0x34 C:/ST/STM32CubeIDE_1.15.1/STM32CubeIDE/plugins/com.st.stm32cube.ide.mcu.externaltools.gnu-tools-for-stm32.12.3.rel1.win32_1.0.100.202403111256/tools/bin/../lib/gcc/arm-none-eabi/12.3.1/../../../../arm-none-eabi/lib/thumb/v7e-m+fp/hard\libc_nano.a(libc_a-malloc.o)
 .ARM.attributes
                0x00000557       0x34 C:/ST/STM32CubeIDE_1.15.1/STM32CubeIDE/plugins/com.st.stm32cube.ide.mcu.externaltools.gnu-tools-for-stm32.12.3.rel1.win32_1.0.100.202403111256/tools/bin/../lib/gcc/arm-none-eabi/12.3.1/../../../../arm-none-eabi/lib/thumb/v7e-m+fp/hard\libc_nano.a(libc_a-mallocr.o)
 .ARM.attributes
                0x0000058b       0x34 C:/ST/STM32CubeIDE_1.15.1/STM32CubeIDE/plugins/com.st.stm32cube.ide.mcu.externaltools.gnu-tools-for-stm32.12.3.rel1.win32_1.0.100.202403111256/tools/bin/../lib/gcc/arm-none-eabi/12.3.1/../../../../arm-none-eabi/lib/thumb/v7e-m+fp/hard\libc_nano.a(libc_a-mlock.o)
 .ARM.attributes
                0x000005bf       0x34 C:/ST/STM32CubeIDE_1.15.1/STM32CubeIDE/plugins/com.st.stm32cube.ide.mcu.externaltools.gnu-tools-for-stm32.12.3.rel1.win32_1.0.100.202403111256/tools/bin/../lib/gcc/arm-none-eabi/12.3.1/../../../../arm-none-eabi/lib/thumb/v7e-m+fp/hard\libc_nano.a(libc_a-findfp.o)
 .ARM.attributes
                0x000005f3       0x34 C:/ST/STM32CubeIDE_1.15.1/STM32CubeIDE/plugins/com.st.stm32cube.ide.mcu.externaltools.gnu-tools-for-stm32.12.3.rel1.win32_1.0.100.202403111256/tools/bin/../lib/gcc/arm-none-eabi/12.3.1/../../../../arm-none-eabi/lib/thumb/v7e-m+fp/hard\libc_nano.a(libc_a-fprintf.o)
 .ARM.attributes
                0x00000627       0x34 C:/ST/STM32CubeIDE_1.15.1/STM32CubeIDE/plugins/com.st.stm32cube.ide.mcu.externaltools.gnu-tools-for-stm32.12.3.rel1.win32_1.0.100.202403111256/tools/bin/../lib/gcc/arm-none-eabi/12.3.1/../../../../arm-none-eabi/lib/thumb/v7e-m+fp/hard\libc_nano.a(libc_a-fwalk.o)
 .ARM.attributes
                0x0000065b       0x34 C:/ST/STM32CubeIDE_1.15.1/STM32CubeIDE/plugins/com.st.stm32cube.ide.mcu.externaltools.gnu-tools-for-stm32.12.3.rel1.win32_1.0.100.202403111256/tools/bin/../lib/gcc/arm-none-eabi/12.3.1/../../../../arm-none-eabi/lib/thumb/v7e-m+fp/hard\libc_nano.a(libc_a-puts.o)
 .ARM.attributes
                0x0000068f       0x34 C:/ST/STM32CubeIDE_1.15.1/STM32CubeIDE/plugins/com.st.stm32cube.ide.mcu.externaltools.gnu-tools-for-stm32.12.3.rel1.win32_1.0.100.202403111256/tools/bin/../lib/gcc/arm-none-eabi/12.3.1/../../../../arm-none-eabi/lib/thumb/v7e-m+fp/hard\libc_nano.a(libc_a-stdio.o)
 .ARM.attributes
                0x000006c3       0x34 C:/ST/STM32CubeIDE_1.15.1/STM32CubeIDE/plugins/com.st.stm32cube.ide.mcu.externaltools.gnu-tools-for-stm32.12.3.rel1.win32_1.0.100.202403111256/tools/bin/../lib/gcc/arm-none-eabi/12.3.1/../../../../arm-none-eabi/lib/thumb/v7e-m+fp/hard\libc_nano.a(libc_a-wbuf.o)
 .ARM.attributes
                0x000006f7       0x34 C:/ST/STM32CubeIDE_1.15.1/STM32CubeIDE/plugins/com.st.stm32cube.ide.mcu.externaltools.gnu-tools-for-stm32.12.3.rel1.win32_1.0.100.202403111256/tools/bin/../lib/gcc/arm-none-eabi/12.3.1/../../../../arm-none-eabi/lib/thumb/v7e-m+fp/hard\libc_nano.a(libc_a-wsetup.o)
 .ARM.attributes
                0x0000072b       0x34 C:/ST/STM32CubeIDE_1.15.1/STM32CubeIDE/plugins/com.st.stm32cube.ide.mcu.externaltools.gnu-tools-for-stm32.12.3.rel1.win32_1.0.100.202403111256/tools/bin/../lib/gcc/arm-none-eabi/12.3.1/../../../../arm-none-eabi/lib/thumb/v7e-m+fp/hard\libc_nano.a(libc_a-memset.o)
 .ARM.attributes
                0x0000075f       0x34 C:/ST/STM32CubeIDE_1.15.1/STM32CubeIDE/plugins/com.st.stm32cube.ide.mcu.externaltools.gnu-tools-for-stm32.12.3.rel1.win32_1.0.100.202403111256/tools/bin/../lib/gcc/arm-none-eabi/12.3.1/../../../../arm-none-eabi/lib/thumb/v7e-m+fp/hard\libc_nano.a(libc_a-closer.o)
 .ARM.attributes
                0x00000793       0x34 C:/ST/STM32CubeIDE_1.15.1/STM32CubeIDE/plugins/com.st.stm32cube.ide.mcu.externaltools.gnu-tools-for-stm32.12.3.rel1.win32_1.0.100.202403111256/tools/bin/../lib/gcc/arm-none-eabi/12.3.1/../../../../arm-none-eabi/lib/thumb/v7e-m+fp/hard\libc_nano.a(libc_a-reent.o)
 .ARM.attributes
                0x000007c7       0x34 C:/ST/STM32CubeIDE_1.15.1/STM32CubeIDE/plugins/com.st.stm32cube.ide.mcu.externaltools.gnu-tools-for-stm32.12.3.rel1.win32_1.0.100.202403111256/tools/bin/../lib/gcc/arm-none-eabi/12.3.1/../../../../arm-none-eabi/lib/thumb/v7e-m+fp/hard\libc_nano.a(libc_a-impure.o)
 .ARM.attributes
                0x000007fb       0x34 C:/ST/STM32CubeIDE_1.15.1/STM32CubeIDE/plugins/com.st.stm32cube.ide.mcu.externaltools.gnu-tools-for-stm32.12.3.rel1.win32_1.0.100.202403111256/tools/bin/../lib/gcc/arm-none-eabi/12.3.1/../../../../arm-none-eabi/lib/thumb/v7e-m+fp/hard\libc_nano.a(libc_a-lseekr.o)
 .ARM.attributes
                0x0000082f       0x34 C:/ST/STM32CubeIDE_1.15.1/STM32CubeIDE/plugins/com.st.stm32cube.ide.mcu.externaltools.gnu-tools-for-stm32.12.3.rel1.win32_1.0.100.202403111256/tools/bin/../lib/gcc/arm-none-eabi/12.3.1/../../../../arm-none-eabi/lib/thumb/v7e-m+fp/hard\libc_nano.a(libc_a-readr.o)
 .ARM.attributes
                0x00000863       0x34 C:/ST/STM32CubeIDE_1.15.1/STM32CubeIDE/plugins/com.st.stm32cube.ide.mcu.externaltools.gnu-tools-for-stm32.12.3.rel1.win32_1.0.100.202403111256/tools/bin/../lib/gcc/arm-none-eabi/12.3.1/../../../../arm-none-eabi/lib/thumb/v7e-m+fp/hard\libc_nano.a(libc_a-sbrkr.o)
 .ARM.attributes
                0x00000897       0x34 C:/ST/STM32CubeIDE_1.15.1/STM32CubeIDE/plugins/com.st.stm32cube.ide.mcu.externaltools.gnu-tools-for-stm32.12.3.rel1.win32_1.0.100.202403111256/tools/bin/../lib/gcc/arm-none-eabi/12.3.1/../../../../arm-none-eabi/lib/thumb/v7e-m+fp/hard\libc_nano.a(libc_a-writer.o)
 .ARM.attributes
                0x000008cb       0x34 C:/ST/STM32CubeIDE_1.15.1/STM32CubeIDE/plugins/com.st.stm32cube.ide.mcu.externaltools.gnu-tools-for-stm32.12.3.rel1.win32_1.0.100.202403111256/tools/bin/../lib/gcc/arm-none-eabi/12.3.1/../../../../arm-none-eabi/lib/thumb/v7e-m+fp/hard\libc_nano.a(libc_a-errno.o)
 .ARM.attributes
                0x000008ff       0x34 C:/ST/STM32CubeIDE_1.15.1/STM32CubeIDE/plugins/com.st.stm32cube.ide.mcu.externaltools.gnu-tools-for-stm32.12.3.rel1.win32_1.0.100.202403111256/tools/bin/../lib/gcc/arm-none-eabi/12.3.1/../../../../arm-none-eabi/lib/thumb/v7e-m+fp/hard\libc_nano.a(libc_a-init.o)
 .ARM.attributes
                0x00000933       0x34 C:/ST/STM32CubeIDE_1.15.1/STM32CubeIDE/plugins/com.st.stm32cube.ide.mcu.externaltools.gnu-tools-for-stm32.12.3.rel1.win32_1.0.100.202403111256/tools/bin/../lib/gcc/arm-none-eabi/12.3.1/../../../../arm-none-eabi/lib/thumb/v7e-m+fp/hard\libc_nano.a(libc_a-lock.o)
 .ARM.attributes
                0x00000967       0x34 C:/ST/STM32CubeIDE_1.15.1/STM32CubeIDE/plugins/com.st.stm32cube.ide.mcu.externaltools.gnu-tools-for-stm32.12.3.rel1.win32_1.0.100.202403111256/tools/bin/../lib/gcc/arm-none-eabi/12.3.1/../../../../arm-none-eabi/lib/thumb/v7e-m+fp/hard\libc_nano.a(libc_a-memcpy-stub.o)
 .ARM.attributes
                0x0000099b       0x34 C:/ST/STM32CubeIDE_1.15.1/STM32CubeIDE/plugins/com.st.stm32cube.ide.mcu.externaltools.gnu-tools-for-stm32.12.3.rel1.win32_1.0.100.202403111256/tools/bin/../lib/gcc/arm-none-eabi/12.3.1/../../../../arm-none-eabi/lib/thumb/v7e-m+fp/hard\libc_nano.a(libc_a-abort.o)
 .ARM.attributes
                0x000009cf       0x34 C:/ST/STM32CubeIDE_1.15.1/STM32CubeIDE/plugins/com.st.stm32cube.ide.mcu.externaltools.gnu-tools-for-stm32.12.3.rel1.win32_1.0.100.202403111256/tools/bin/../lib/gcc/arm-none-eabi/12.3.1/../../../../arm-none-eabi/lib/thumb/v7e-m+fp/hard\libc_nano.a(libc_a-freer.o)
 .ARM.attributes
                0x00000a03       0x34 C:/ST/STM32CubeIDE_1.15.1/STM32CubeIDE/plugins/com.st.stm32cube.ide.mcu.externaltools.gnu-tools-for-stm32.12.3.rel1.win32_1.0.100.202403111256/tools/bin/../lib/gcc/arm-none-eabi/12.3.1/../../../../arm-none-eabi/lib/thumb/v7e-m+fp/hard\libc_nano.a(libc_a-nano-vfprintf.o)
 .ARM.attributes
                0x00000a37       0x34 C:/ST/STM32CubeIDE_1.15.1/STM32CubeIDE/plugins/com.st.stm32cube.ide.mcu.externaltools.gnu-tools-for-stm32.12.3.rel1.win32_1.0.100.202403111256/tools/bin/../lib/gcc/arm-none-eabi/12.3.1/../../../../arm-none-eabi/lib/thumb/v7e-m+fp/hard\libc_nano.a(libc_a-nano-vfprintf_i.o)
 .ARM.attributes
                0x00000a6b       0x34 C:/ST/STM32CubeIDE_1.15.1/STM32CubeIDE/plugins/com.st.stm32cube.ide.mcu.externaltools.gnu-tools-for-stm32.12.3.rel1.win32_1.0.100.202403111256/tools/bin/../lib/gcc/arm-none-eabi/12.3.1/../../../../arm-none-eabi/lib/thumb/v7e-m+fp/hard\libc_nano.a(libc_a-fflush.o)
 .ARM.attributes
                0x00000a9f       0x34 C:/ST/STM32CubeIDE_1.15.1/STM32CubeIDE/plugins/com.st.stm32cube.ide.mcu.externaltools.gnu-tools-for-stm32.12.3.rel1.win32_1.0.100.202403111256/tools/bin/../lib/gcc/arm-none-eabi/12.3.1/../../../../arm-none-eabi/lib/thumb/v7e-m+fp/hard\libc_nano.a(libc_a-makebuf.o)
 .ARM.attributes
                0x00000ad3       0x34 C:/ST/STM32CubeIDE_1.15.1/STM32CubeIDE/plugins/com.st.stm32cube.ide.mcu.externaltools.gnu-tools-for-stm32.12.3.rel1.win32_1.0.100.202403111256/tools/bin/../lib/gcc/arm-none-eabi/12.3.1/../../../../arm-none-eabi/lib/thumb/v7e-m+fp/hard\libc_nano.a(libc_a-signal.o)
 .ARM.attributes
                0x00000b07       0x34 C:/ST/STM32CubeIDE_1.15.1/STM32CubeIDE/plugins/com.st.stm32cube.ide.mcu.externaltools.gnu-tools-for-stm32.12.3.rel1.win32_1.0.100.202403111256/tools/bin/../lib/gcc/arm-none-eabi/12.3.1/../../../../arm-none-eabi/lib/thumb/v7e-m+fp/hard\libc_nano.a(libc_a-fstatr.o)
 .ARM.attributes
                0x00000b3b       0x34 C:/ST/STM32CubeIDE_1.15.1/STM32CubeIDE/plugins/com.st.stm32cube.ide.mcu.externaltools.gnu-tools-for-stm32.12.3.rel1.win32_1.0.100.202403111256/tools/bin/../lib/gcc/arm-none-eabi/12.3.1/../../../../arm-none-eabi/lib/thumb/v7e-m+fp/hard\libc_nano.a(libc_a-isattyr.o)
 .ARM.attributes
                0x00000b6f       0x34 C:/ST/STM32CubeIDE_1.15.1/STM32CubeIDE/plugins/com.st.stm32cube.ide.mcu.externaltools.gnu-tools-for-stm32.12.3.rel1.win32_1.0.100.202403111256/tools/bin/../lib/gcc/arm-none-eabi/12.3.1/../../../../arm-none-eabi/lib/thumb/v7e-m+fp/hard\libc_nano.a(libc_a-signalr.o)
 .ARM.attributes
                0x00000ba3       0x1c C:/ST/STM32CubeIDE_1.15.1/STM32CubeIDE/plugins/com.st.stm32cube.ide.mcu.externaltools.gnu-tools-for-stm32.12.3.rel1.win32_1.0.100.202403111256/tools/bin/../lib/gcc/arm-none-eabi/12.3.1/../../../../arm-none-eabi/lib/thumb/v7e-m+fp/hard\libc_nano.a(libc_a-memchr.o)
 .ARM.attributes
                0x00000bbf       0x22 C:/ST/STM32CubeIDE_1.15.1/STM32CubeIDE/plugins/com.st.stm32cube.ide.mcu.externaltools.gnu-tools-for-stm32.12.3.rel1.win32_1.0.100.202403111256/tools/bin/../lib/gcc/arm-none-eabi/12.3.1/thumb/v7e-m+fp/hard/crtn.o
OUTPUT(1_inch_test.elf elf32-littlearm)
LOAD linker stubs
LOAD C:/ST/STM32CubeIDE_1.15.1/STM32CubeIDE/plugins/com.st.stm32cube.ide.mcu.externaltools.gnu-tools-for-stm32.12.3.rel1.win32_1.0.100.202403111256/tools/bin/../lib/gcc/arm-none-eabi/12.3.1/../../../../arm-none-eabi/lib/thumb/v7e-m+fp/hard\libc.a
LOAD C:/ST/STM32CubeIDE_1.15.1/STM32CubeIDE/plugins/com.st.stm32cube.ide.mcu.externaltools.gnu-tools-for-stm32.12.3.rel1.win32_1.0.100.202403111256/tools/bin/../lib/gcc/arm-none-eabi/12.3.1/../../../../arm-none-eabi/lib/thumb/v7e-m+fp/hard\libm.a
LOAD C:/ST/STM32CubeIDE_1.15.1/STM32CubeIDE/plugins/com.st.stm32cube.ide.mcu.externaltools.gnu-tools-for-stm32.12.3.rel1.win32_1.0.100.202403111256/tools/bin/../lib/gcc/arm-none-eabi/12.3.1/thumb/v7e-m+fp/hard\libgcc.a

.debug_info     0x00000000    0x1394f
 .debug_info    0x00000000      0x279 ./Core/Src/freertos.o
 .debug_info    0x00000279     0x1cb6 ./Core/Src/main.o
 .debug_info    0x00001f2f      0xea3 ./Core/Src/stm32f3xx_hal_msp.o
 .debug_info    0x00002dd2      0xa00 ./Core/Src/stm32f3xx_it.o
 .debug_info    0x000037d2      0x6a3 ./Core/Src/syscalls.o
 .debug_info    0x00003e75      0x168 ./Core/Src/sysmem.o
 .debug_info    0x00003fdd      0x407 ./Core/Src/system_stm32f3xx.o
 .debug_info    0x000043e4       0x30 ./Core/Startup/startup_stm32f303rctx.o
 .debug_info    0x00004414      0x7d4 ./Drivers/STM32F3xx_HAL_Driver/stm32f3xx_hal.o
 .debug_info    0x00004be8      0xce4 ./Drivers/STM32F3xx_HAL_Driver/stm32f3xx_hal_cortex.o
 .debug_info    0x000058cc      0x6e1 ./Drivers/STM32F3xx_HAL_Driver/stm32f3xx_hal_dma.o
 .debug_info    0x00005fad      0x5fe ./Drivers/STM32F3xx_HAL_Driver/stm32f3xx_hal_gpio.o
 .debug_info    0x000065ab     0x148a ./Drivers/STM32F3xx_HAL_Driver/stm32f3xx_hal_rcc.o
 .debug_info    0x00007a35      0x5b9 ./Drivers/STM32F3xx_HAL_Driver/stm32f3xx_hal_rcc_ex.o
 .debug_info    0x00007fee     0x1622 ./Drivers/STM32F3xx_HAL_Driver/stm32f3xx_hal_spi.o
 .debug_info    0x00009610     0x39a8 ./Drivers/STM32F3xx_HAL_Driver/stm32f3xx_hal_uart.o
 .debug_info    0x0000cfb8      0xc9c ./Drivers/STM32F3xx_HAL_Driver/stm32f3xx_hal_uart_ex.o
 .debug_info    0x0000dc54     0x1b88 ./Middlewares/FreeRTOS/cmsis_os.o
 .debug_info    0x0000f7dc      0x3c3 ./Middlewares/FreeRTOS/heap_4.o
 .debug_info    0x0000fb9f      0x2aa ./Middlewares/FreeRTOS/list.o
 .debug_info    0x0000fe49      0x4de ./Middlewares/FreeRTOS/port.o
 .debug_info    0x00010327     0x1a6a ./Middlewares/FreeRTOS/queue.o
 .debug_info    0x00011d91     0x1bbe ./Middlewares/FreeRTOS/tasks.o

.debug_abbrev   0x00000000     0x31fe
 .debug_abbrev  0x00000000       0xd2 ./Core/Src/freertos.o
 .debug_abbrev  0x000000d2      0x3a1 ./Core/Src/main.o
 .debug_abbrev  0x00000473      0x1f1 ./Core/Src/stm32f3xx_hal_msp.o
 .debug_abbrev  0x00000664      0x1ae ./Core/Src/stm32f3xx_it.o
 .debug_abbrev  0x00000812      0x1b6 ./Core/Src/syscalls.o
 .debug_abbrev  0x000009c8       0xbc ./Core/Src/sysmem.o
 .debug_abbrev  0x00000a84      0x11a ./Core/Src/system_stm32f3xx.o
 .debug_abbrev  0x00000b9e       0x24 ./Core/Startup/startup_stm32f303rctx.o
 .debug_abbrev  0x00000bc2      0x215 ./Drivers/STM32F3xx_HAL_Driver/stm32f3xx_hal.o
 .debug_abbrev  0x00000dd7      0x31e ./Drivers/STM32F3xx_HAL_Driver/stm32f3xx_hal_cortex.o
 .debug_abbrev  0x000010f5      0x20d ./Drivers/STM32F3xx_HAL_Driver/stm32f3xx_hal_dma.o
 .debug_abbrev  0x00001302      0x1ca ./Drivers/STM32F3xx_HAL_Driver/stm32f3xx_hal_gpio.o
 .debug_abbrev  0x000014cc      0x300 ./Drivers/STM32F3xx_HAL_Driver/stm32f3xx_hal_rcc.o
 .debug_abbrev  0x000017cc      0x221 ./Drivers/STM32F3xx_HAL_Driver/stm32f3xx_hal_rcc_ex.o
 .debug_abbrev  0x000019ed      0x269 ./Drivers/STM32F3xx_HAL_Driver/stm32f3xx_hal_spi.o
 .debug_abbrev  0x00001c56      0x2d1 ./Drivers/STM32F3xx_HAL_Driver/stm32f3xx_hal_uart.o
 .debug_abbrev  0x00001f27      0x2bf ./Drivers/STM32F3xx_HAL_Driver/stm32f3xx_hal_uart_ex.o