Archive member included to satisfy reference by file (symbol)

C:/ST/STM32CubeIDE_1.15.1/STM32CubeIDE/plugins/com.st.stm32cube.ide.mcu.externaltools.gnu-tools-for-stm32.12.3.rel1.win32_1.0.100.202403111256/tools/bin/../lib/gcc/arm-none-eabi/12.3.1/../../../../arm-none-eabi/lib/thumb/v7e-m+fp/hard\libc_nano.a(libc_a-exit.o)
                              C:/ST/STM32CubeIDE_1.15.1/STM32CubeIDE/plugins/com.st.stm32cube.ide.mcu.externaltools.gnu-tools-for-stm32.12.3.rel1.win32_1.0.100.202403111256/tools/bin/../lib/gcc/arm-none-eabi/12.3.1/../../../../arm-none-eabi/lib/thumb/v7e-m+fp/hard/crt0.o (exit)
C:/ST/STM32CubeIDE_1.15.1/STM32CubeIDE/plugins/com.st.stm32cube.ide.mcu.externaltools.gnu-tools-for-stm32.12.3.rel1.win32_1.0.100.202403111256/tools/bin/../lib/gcc/arm-none-eabi/12.3.1/../../../../arm-none-eabi/lib/thumb/v7e-m+fp/hard\libc_nano.a(libc_a-malloc.o)
                              ./Core/Src/main.o (malloc)
C:/ST/STM32CubeIDE_1.15.1/STM32CubeIDE/plugins/com.st.stm32cube.ide.mcu.externaltools.gnu-tools-for-stm32.12.3.rel1.win32_1.0.100.202403111256/tools/bin/../lib/gcc/arm-none-eabi/12.3.1/../../../../arm-none-eabi/lib/thumb/v7e-m+fp/hard\libc_nano.a(libc_a-mallocr.o)
                              C:/ST/STM32CubeIDE_1.15.1/STM32CubeIDE/plugins/com.st.stm32cube.ide.mcu.externaltools.gnu-tools-for-stm32.12.3.rel1.win32_1.0.100.202403111256/tools/bin/../lib/gcc/arm-none-eabi/12.3.1/../../../../arm-none-eabi/lib/thumb/v7e-m+fp/hard\libc_nano.a(libc_a-malloc.o) (_malloc_r)
C:/ST/STM32CubeIDE_1.15.1/STM32CubeIDE/plugins/com.st.stm32cube.ide.mcu.externaltools.gnu-tools-for-stm32.12.3.rel1.win32_1.0.100.202403111256/tools/bin/../lib/gcc/arm-none-eabi/12.3.1/../../../../arm-none-eabi/lib/thumb/v7e-m+fp/hard\libc_nano.a(libc_a-mlock.o)
                              C:/ST/STM32CubeIDE_1.15.1/STM32CubeIDE/plugins/com.st.stm32cube.ide.mcu.externaltools.gnu-tools-for-stm32.12.3.rel1.win32_1.0.100.202403111256/tools/bin/../lib/gcc/arm-none-eabi/12.3.1/../../../../arm-none-eabi/lib/thumb/v7e-m+fp/hard\libc_nano.a(libc_a-mallocr.o) (__malloc_lock)
C:/ST/STM32CubeIDE_1.15.1/STM32CubeIDE/plugins/com.st.stm32cube.ide.mcu.externaltools.gnu-tools-for-stm32.12.3.rel1.win32_1.0.100.202403111256/tools/bin/../lib/gcc/arm-none-eabi/12.3.1/../../../../arm-none-eabi/lib/thumb/v7e-m+fp/hard\libc_nano.a(libc_a-findfp.o)
                              C:/ST/STM32CubeIDE_1.15.1/STM32CubeIDE/plugins/com.st.stm32cube.ide.mcu.externaltools.gnu-tools-for-stm32.12.3.rel1.win32_1.0.100.202403111256/tools/bin/../lib/gcc/arm-none-eabi/12.3.1/../../../../arm-none-eabi/lib/thumb/v7e-m+fp/hard\libc_nano.a(libc_a-exit.o) (__stdio_exit_handler)
C:/ST/STM32CubeIDE_1.15.1/STM32CubeIDE/plugins/com.st.stm32cube.ide.mcu.externaltools.gnu-tools-for-stm32.12.3.rel1.win32_1.0.100.202403111256/tools/bin/../lib/gcc/arm-none-eabi/12.3.1/../../../../arm-none-eabi/lib/thumb/v7e-m+fp/hard\libc_nano.a(libc_a-fwalk.o)
                              C:/ST/STM32CubeIDE_1.15.1/STM32CubeIDE/plugins/com.st.stm32cube.ide.mcu.externaltools.gnu-tools-for-stm32.12.3.rel1.win32_1.0.100.202403111256/tools/bin/../lib/gcc/arm-none-eabi/12.3.1/../../../../arm-none-eabi/lib/thumb/v7e-m+fp/hard\libc_nano.a(libc_a-findfp.o) (_fwalk_sglue)
C:/ST/STM32CubeIDE_1.15.1/STM32CubeIDE/plugins/com.st.stm32cube.ide.mcu.externaltools.gnu-tools-for-stm32.12.3.rel1.win32_1.0.100.202403111256/tools/bin/../lib/gcc/arm-none-eabi/12.3.1/../../../../arm-none-eabi/lib/thumb/v7e-m+fp/hard\libc_nano.a(libc_a-puts.o)
                              ./Core/Src/main.o (puts)
C:/ST/STM32CubeIDE_1.15.1/STM32CubeIDE/plugins/com.st.stm32cube.ide.mcu.externaltools.gnu-tools-for-stm32.12.3.rel1.win32_1.0.100.202403111256/tools/bin/../lib/gcc/arm-none-eabi/12.3.1/../../../../arm-none-eabi/lib/thumb/v7e-m+fp/hard\libc_nano.a(libc_a-stdio.o)
                              C:/ST/STM32CubeIDE_1.15.1/STM32CubeIDE/plugins/com.st.stm32cube.ide.mcu.externaltools.gnu-tools-for-stm32.12.3.rel1.win32_1.0.100.202403111256/tools/bin/../lib/gcc/arm-none-eabi/12.3.1/../../../../arm-none-eabi/lib/thumb/v7e-m+fp/hard\libc_nano.a(libc_a-findfp.o) (__sread)
C:/ST/STM32CubeIDE_1.15.1/STM32CubeIDE/plugins/com.st.stm32cube.ide.mcu.externaltools.gnu-tools-for-stm32.12.3.rel1.win32_1.0.100.202403111256/tools/bin/../lib/gcc/arm-none-eabi/12.3.1/../../../../arm-none-eabi/lib/thumb/v7e-m+fp/hard\libc_nano.a(libc_a-wbuf.o)
                              C:/ST/STM32CubeIDE_1.15.1/STM32CubeIDE/plugins/com.st.stm32cube.ide.mcu.externaltools.gnu-tools-for-stm32.12.3.rel1.win32_1.0.100.202403111256/tools/bin/../lib/gcc/arm-none-eabi/12.3.1/../../../../arm-none-eabi/lib/thumb/v7e-m+fp/hard\libc_nano.a(libc_a-puts.o) (__swbuf_r)
C:/ST/STM32CubeIDE_1.15.1/STM32CubeIDE/plugins/com.st.stm32cube.ide.mcu.externaltools.gnu-tools-for-stm32.12.3.rel1.win32_1.0.100.202403111256/tools/bin/../lib/gcc/arm-none-eabi/12.3.1/../../../../arm-none-eabi/lib/thumb/v7e-m+fp/hard\libc_nano.a(libc_a-wsetup.o)
[...]
Memory Configuration

Name             Origin             Length             Attributes
CCMRAM           0x10000000         0x00002000         xrw
RAM              0x20000000         0x0000a000         xrw
FLASH            0x08000000         0x00040000         xr
*default*        0x00000000         0xffffffff

Linker script and memory map

LOAD C:/ST/STM32CubeIDE_1.15.1/STM32CubeIDE/plugins/com.st.stm32cube.ide.mcu.externaltools.gnu-tools-for-stm32.12.3.rel1.win32_1.0.100.202403111256/tools/bin/../lib/gcc/arm-none-eabi/12.3.1/thumb/v7e-m+fp/hard/crti.o
LOAD C:/ST/STM32CubeIDE_1.15.1/STM32CubeIDE/plugins/com.st.stm32cube.ide.mcu.externaltools.gnu-tools-for-stm32.12.3.rel1.win32_1.0.100.202403111256/tools/bin/../lib/gcc/arm-none-eabi/12.3.1/thumb/v7e-m+fp/hard/crtbegin.o
LOAD C:/ST/STM32CubeIDE_1.15.1/STM32CubeIDE/plugins/com.st.stm32cube.ide.mcu.externaltools.gnu-tools-for-stm32.12.3.rel1.win32_1.0.100.202403111256/tools/bin/../lib/gcc/arm-none-eabi/12.3.1/../../../../arm-none-eabi/lib/thumb/v7e-m+fp/hard/crt0.o
LOAD ./Core/Src/freertos.o
LOAD ./Core/Src/main.o
LOAD ./Core/Src/stm32f3xx_hal_msp.o
LOAD ./Core/Src/stm32f3xx_it.o
LOAD ./Core/Src/syscalls.o
LOAD ./Core/Src/sysmem.o
LOAD ./Core/Src/system_stm32f3xx.o
LOAD ./Core/Startup/startup_stm32f303rctx.o
LOAD ./Drivers/STM32F3xx_HAL_Driver/stm32f3xx_hal.o
LOAD ./Drivers/STM32F3xx_HAL_Driver/stm32f3xx_hal_cortex.o
LOAD ./Drivers/STM32F3xx_HAL_Driver/stm32f3xx_hal_dma.o
LOAD ./Drivers/STM32F3xx_HAL_Driver/stm32f3xx_hal_exti.o
LOAD ./Drivers/STM32F3xx_HAL_Driver/stm32f3xx_hal_flash.o
LOAD ./Drivers/STM32F3xx_HAL_Driver/stm32f3xx_hal_flash_ex.o
LOAD ./Drivers/STM32F3xx_HAL_Driver/stm32f3xx_hal_gpio.o
LOAD ./Drivers/STM32F3xx_HAL_Driver/stm32f3xx_hal_i2c.o
LOAD ./Drivers/STM32F3xx_HAL_Driver/stm32f3xx_hal_i2c_ex.o
LOAD ./Drivers/STM32F3xx_HAL_Driver/stm32f3xx_hal_pwr.o
LOAD ./Drivers/STM32F3xx_HAL_Driver/stm32f3xx_hal_pwr_ex.o
LOAD ./Drivers/STM32F3xx_HAL_Driver/stm32f3xx_hal_rcc.o
LOAD ./Drivers/STM32F3xx_HAL_Driver/stm32f3xx_hal_rcc_ex.o
LOAD ./Drivers/STM32F3xx_HAL_Driver/stm32f3xx_hal_spi.o
LOAD ./Drivers/STM32F3xx_HAL_Driver/stm32f3xx_hal_spi_ex.o
LOAD ./Drivers/STM32F3xx_HAL_Driver/stm32f3xx_hal_tim.o
LOAD ./Drivers/STM32F3xx_HAL_Driver/stm32f3xx_hal_tim_ex.o
LOAD ./Drivers/STM32F3xx_HAL_Driver/stm32f3xx_hal_uart.o
LOAD ./Drivers/STM32F3xx_HAL_Driver/stm32f3xx_hal_uart_ex.o
LOAD ./Middlewares/FreeRTOS/cmsis_os.o
LOAD ./Middlewares/FreeRTOS/croutine.o
LOAD ./Middlewares/FreeRTOS/event_groups.o
LOAD ./Middlewares/FreeRTOS/heap_4.o
LOAD ./Middlewares/FreeRTOS/list.o
LOAD ./Middlewares/FreeRTOS/port.o
LOAD ./Middlewares/FreeRTOS/queue.o
LOAD ./Middlewares/FreeRTOS/stream_buffer.o
LOAD ./Middlewares/FreeRTOS/tasks.o
LOAD ./Middlewares/FreeRTOS/timers.o
START GROUP
LOAD C:/ST/STM32CubeIDE_1.15.1/STM32CubeIDE/plugins/com.st.stm32cube.ide.mcu.externaltools.gnu-tools-for-stm32.12.3.rel1.win32_1.0.100.202403111256/tools/bin/../lib/gcc/arm-none-eabi/12.3.1/../../../../arm-none-eabi/lib/thumb/v7e-m+fp/hard\libc_nano.a
LOAD C:/ST/STM32CubeIDE_1.15.1/STM32CubeIDE/plugins/com.st.stm32cube.ide.mcu.externaltools.gnu-tools-for-stm32.12.3.rel1.win32_1.0.100.202403111256/tools/bin/../lib/gcc/arm-none-eabi/12.3.1/../../../../arm-none-eabi/lib/thumb/v7e-m+fp/hard\libm.a
END GROUP
START GROUP
LOAD C:/ST/STM32CubeIDE_1.15.1/STM32CubeIDE/plugins/com.st.stm32cube.ide.mcu.externaltools.gnu-tools-for-stm32.12.3.rel1.win32_1.0.100.202403111256/tools/bin/../lib/gcc/arm-none-eabi/12.3.1/thumb/v7e-m+fp/hard\libgcc.a
LOAD C:/ST/STM32CubeIDE_1.15.1/STM32CubeIDE/plugins/com.st.stm32cube.ide.mcu.externaltools.gnu-tools-for-stm32.12.3.rel1.win32_1.0.100.202403111256/tools/bin/../lib/gcc/arm-none-eabi/12.3.1/../../../../arm-none-eabi/lib/thumb/v7e-m+fp/hard\libc_nano.a
END GROUP
START GROUP
LOAD C:/ST/STM32CubeIDE_1.15.1/STM32CubeIDE/plugins/com.st.stm32cube.ide.mcu.externaltools.gnu-tools-for-stm32.12.3.rel1.win32_1.0.100.202403111256/tools/bin/../lib/gcc/arm-none-eabi/12.3.1/thumb/v7e-m+fp/hard\libgcc.a
LOAD C:/ST/STM32CubeIDE_1.15.1/STM32CubeIDE/plugins/com.st.stm32cube.ide.mcu.externaltools.gnu-tools-for-stm32.12.3.rel1.win32_1.0.100.202403111256/tools/bin/../lib/gcc/arm-none-eabi/12.3.1/../../../../arm-none-eabi/lib/thumb/v7e-m+fp/hard\libc_nano.a
LOAD C:/ST/STM32CubeIDE_1.15.1/STM32CubeIDE/plugins/com.st.stm32cube.ide.mcu.externaltools.gnu-tools-for-stm32.12.3.rel1.win32_1.0.100.202403111256/tools/bin/../lib/gcc/arm-none-eabi/12.3.1/../../../../arm-none-eabi/lib/thumb/v7e-m+fp/hard\libnosys.a
END GROUP
START GROUP
LOAD C:/ST/STM32CubeIDE_1.15.1/STM32CubeIDE/plugins/com.st.stm32cube.ide.mcu.externaltools.gnu-tools-for-stm32.12.3.rel1.win32_1.0.100.202403111256/tools/bin/../lib/gcc/arm-none-eabi/12.3.1/thumb/v7e-m+fp/hard\libgcc.a
LOAD C:/ST/STM32CubeIDE_1.15.1/STM32CubeIDE/plugins/com.st.stm32cube.ide.mcu.externaltools.gnu-tools-for-stm32.12.3.rel1.win32_1.0.100.202403111256/tools/bin/../lib/gcc/arm-none-eabi/12.3.1/../../../../arm-none-eabi/lib/thumb/v7e-m+fp/hard\libc_nano.a
LOAD C:/ST/STM32CubeIDE_1.15.1/STM32CubeIDE/plugins/com.st.stm32cube.ide.mcu.externaltools.gnu-tools-for-stm32.12.3.rel1.win32_1.0.100.202403111256/tools/bin/../lib/gcc/arm-none-eabi/12.3.1/../../../../arm-none-eabi/lib/thumb/v7e-m+fp/hard\libnosys.a
END GROUP
LOAD C:/ST/STM32CubeIDE_1.15.1/STM32CubeIDE/plugins/com.st.stm32cube.ide.mcu.externaltools.gnu-tools-for-stm32.12.3.rel1.win32_1.0.100.202403111256/tools/bin/../lib/gcc/arm-none-eabi/12.3.1/thumb/v7e-m+fp/hard/crtend.o
LOAD C:/ST/STM32CubeIDE_1.15.1/STM32CubeIDE/plugins/com.st.stm32cube.ide.mcu.externaltools.gnu-tools-for-stm32.12.3.rel1.win32_1.0.100.202403111256/tools/bin/../lib/gcc/arm-none-eabi/12.3.1/thumb/v7e-m+fp/hard/crtn.o
                0x2000a000                        _estack = (ORIGIN (RAM) + LENGTH (RAM))
                0x00000200                        _Min_Heap_Size = 0x200
                0x00000400                        _Min_Stack_Size = 0x400

.isr_vector     0x08000000      0x188
                0x08000000                        . = ALIGN (0x4)
 *(.isr_vector)
 .isr_vector    0x08000000      0x188 ./Core/Startup/startup_stm32f303rctx.o
                0x08000000                g_pfnVectors
                0x08000188                        . = ALIGN (0x4)

.text           0x08000190     0x896c
                0x08000190                        . = ALIGN (0x4)
 *(.text)
 .text          0x08000190       0x40 C:/ST/STM32CubeIDE_1.15.1/STM32CubeIDE/plugins/com.st.stm32cube.ide.mcu.externaltools.gnu-tools-for-stm32.12.3.rel1.win32_1.0.100.202403111256/tools/bin/../lib/gcc/arm-none-eabi/12.3.1/thumb/v7e-m+fp/hard/crtbegin.o
 *(.text*)
 .text.vApplicationGetIdleTaskMemory
                0x080001d0       0x34 ./Core/Src/freertos.o
                0x080001d0                vApplicationGetIdleTaskMemory
 .text.main     0x08000204      0x188 ./Core/Src/main.o
                0x08000204                main
 .text.SystemClock_Config
                0x0800038c       0xa0 ./Core/Src/main.o
                0x0800038c                SystemClock_Config
 .text.MX_SPI1_Init
                0x0800042c       0x7c ./Core/Src/main.o
 .text.MX_USART1_UART_Init
                0x080004a8       0x60 ./Core/Src/main.o
 .text.MX_DMA_Init
                0x08000508       0x4c ./Core/Src/main.o
 .text.MX_GPIO_Init
                0x08000554       0x48 ./Core/Src/main.o
 .text.__io_putchar
                0x0800059c       0x16 ./Core/Src/main.o
                0x0800059c                __io_putchar
 *fill*         0x080005b2        0x2 
 .text.HAL_SPI_TxRxCpltCallback
                0x080005b4       0x2c ./Core/Src/main.o
                0x080005b4                HAL_SPI_TxRxCpltCallback
 .text.HAL_SPI_ErrorCallback
                0x080005e0       0x34 ./Core/Src/main.o
                0x080005e0                HAL_SPI_ErrorCallback
 .text.HAL_UARTEx_RxEventCallback
                0x08000614       0x30 ./Core/Src/main.o
                0x08000614                HAL_UARTEx_RxEventCallback
 .text.HAL_UART_TxCpltCallback
                0x08000644       0x2c ./Core/Src/main.o
                0x08000644                HAL_UART_TxCpltCallback
 .text.HAL_UART_ErrorCallback
                0x08000670       0x34 ./Core/Src/main.o
                0x08000670                HAL_UART_ErrorCallback
 .text.StartDefaultTask
                0x080006a4       0x10 ./Core/Src/main.o
                0x080006a4                StartDefaultTask
 .text.spi_handle_function
                0x080006b4      0x1c4 ./Core/Src/main.o
                0x080006b4                spi_handle_function
 .text.usart_handle_function
                0x08000878      0x17c ./Core/Src/main.o
                0x08000878                usart_handle_function
 .text.Error_Handler
                0x080009f4        0xc ./Core/Src/main.o
                0x080009f4                Error_Handler
 .text.HAL_MspInit
                0x08000a00       0x50 ./Core/Src/stm32f3xx_hal_msp.o
                0x08000a00                HAL_MspInit
 .text.HAL_SPI_MspInit
                0x08000a50       0xe8 ./Core/Src/stm32f3xx_hal_msp.o
                0x08000a50                HAL_SPI_MspInit
 .text.HAL_UART_MspInit
                0x08000b38       0xec ./Core/Src/stm32f3xx_hal_msp.o
                0x08000b38                HAL_UART_MspInit
 .text.NMI_Handler
                0x08000c24        0x8 ./Core/Src/stm32f3xx_it.o
                0x08000c24                NMI_Handler
 .text.HardFault_Handler
                0x08000c2c        0x8 ./Core/Src/stm32f3xx_it.o
                0x08000c2c                HardFault_Handler
 .text.MemManage_Handler
                0x08000c34        0x8 ./Core/Src/stm32f3xx_it.o
                0x08000c34                MemManage_Handler
 .text.BusFault_Handler
                0x08000c3c        0x8 ./Core/Src/stm32f3xx_it.o
                0x08000c3c                BusFault_Handler
 .text.UsageFault_Handler
                0x08000c44        0x8 ./Core/Src/stm32f3xx_it.o
                0x08000c44                UsageFault_Handler
 .text.DebugMon_Handler
                0x08000c4c        0xe ./Core/Src/stm32f3xx_it.o
                0x08000c4c                DebugMon_Handler
 .text.SysTick_Handler
                0x08000c5a       0x1a ./Core/Src/stm32f3xx_it.o
                0x08000c5a                SysTick_Handler
 .text.DMA1_Channel3_IRQHandler
                0x08000c74       0x14 ./Core/Src/stm32f3xx_it.o
                0x08000c74                DMA1_Channel3_IRQHandler
 .text.DMA1_Channel4_IRQHandler
                0x08000c88       0x14 ./Core/Src/stm32f3xx_it.o
                0x08000c88                DMA1_Channel4_IRQHandler
 .text.SPI1_IRQHandler
                0x08000c9c       0x14 ./Core/Src/stm32f3xx_it.o
                0x08000c9c                SPI1_IRQHandler
 .text.USART1_IRQHandler
                0x08000cb0       0x14 ./Core/Src/stm32f3xx_it.o
                0x08000cb0                USART1_IRQHandler
 .text._read    0x08000cc4       0x3a ./Core/Src/syscalls.o
                0x08000cc4                _read
 .text._write   0x08000cfe       0x38 ./Core/Src/syscalls.o
                0x08000cfe                _write
 .text._close   0x08000d36       0x18 ./Core/Src/syscalls.o
                0x08000d36                _close
 .text._fstat   0x08000d4e       0x20 ./Core/Src/syscalls.o
                0x08000d4e                _fstat
 .text._isatty  0x08000d6e       0x16 ./Core/Src/syscalls.o
                0x08000d6e                _isatty
 .text._lseek   0x08000d84       0x1a ./Core/Src/syscalls.o
                0x08000d84                _lseek
 *fill*         0x08000d9e        0x2 
 .text._sbrk    0x08000da0       0x6c ./Core/Src/sysmem.o
                0x08000da0                _sbrk
 .text.SystemInit
                0x08000e0c       0x24 ./Core/Src/system_stm32f3xx.o
                0x08000e0c                SystemInit
 .text.Reset_Handler
                0x08000e30       0x50 ./Core/Startup/startup_stm32f303rctx.o
                0x08000e30                Reset_Handler
 .text.Default_Handler
                0x08000e80        0x2 ./Core/Startup/startup_stm32f303rctx.o
                0x08000e80                RTC_Alarm_IRQHandler
                0x08000e80                TIM8_TRG_COM_IRQHandler
                0x08000e80                TIM8_CC_IRQHandler
                0x08000e80                TIM1_CC_IRQHandler
                0x08000e80                USB_HP_IRQHandler
                0x08000e80                PVD_IRQHandler
                0x08000e80                TAMP_STAMP_IRQHandler
                0x08000e80                EXTI3_IRQHandler
                0x08000e80                USB_HP_CAN_TX_IRQHandler
                0x08000e80                EXTI0_IRQHandler
                0x08000e80                I2C2_EV_IRQHandler
                0x08000e80                FPU_IRQHandler
                0x08000e80                TIM1_UP_TIM16_IRQHandler
                0x08000e80                ADC1_2_IRQHandler
                0x08000e80                CAN_SCE_IRQHandler
                0x08000e80                TIM6_DAC_IRQHandler
                0x08000e80                TIM8_UP_IRQHandler
                0x08000e80                DMA2_Channel2_IRQHandler
                0x08000e80                USART3_IRQHandler
                0x08000e80                DMA1_Channel7_IRQHandler
                0x08000e80                UART5_IRQHandler
                0x08000e80                ADC3_IRQHandler
                0x08000e80                TIM4_IRQHandler
                0x08000e80                CAN_RX1_IRQHandler
                0x08000e80                DMA2_Channel1_IRQHandler
                0x08000e80                I2C1_EV_IRQHandler
                0x08000e80                DMA1_Channel6_IRQHandler
                0x08000e80                UART4_IRQHandler
                0x08000e80                DMA2_Channel4_IRQHandler
                0x08000e80                TIM3_IRQHandler
                0x08000e80                RCC_IRQHandler
                0x08000e80                DMA1_Channel1_IRQHandler
                0x08000e80                Default_Handler
                0x08000e80                USBWakeUp_RMP_IRQHandler
                0x08000e80                EXTI15_10_IRQHandler
                0x08000e80                TIM7_IRQHandler
                0x08000e80                EXTI9_5_IRQHandler
                0x08000e80                RTC_WKUP_IRQHandler
                0x08000e80                SPI2_IRQHandler
                0x08000e80                USB_LP_CAN_RX0_IRQHandler
                0x08000e80                DMA2_Channel5_IRQHandler
                0x08000e80                DMA1_Channel5_IRQHandler
                0x08000e80                USB_LP_IRQHandler
                0x08000e80                EXTI4_IRQHandler
                0x08000e80                TIM1_TRG_COM_TIM17_IRQHandler
                0x08000e80                ADC4_IRQHandler
                0x08000e80                WWDG_IRQHandler
                0x08000e80                TIM2_IRQHandler
                0x08000e80                COMP7_IRQHandler
                0x08000e80                COMP1_2_3_IRQHandler
                0x08000e80                EXTI1_IRQHandler
                0x08000e80                USART2_IRQHandler
                0x08000e80                COMP4_5_6_IRQHandler
                0x08000e80                I2C2_ER_IRQHandler
                0x08000e80                DMA1_Channel2_IRQHandler
                0x08000e80                TIM8_BRK_IRQHandler
                0x08000e80                FLASH_IRQHandler
                0x08000e80                SPI3_IRQHandler
                0x08000e80                I2C1_ER_IRQHandler
                0x08000e80                USBWakeUp_IRQHandler
                0x08000e80                DMA2_Channel3_IRQHandler
                0x08000e80                EXTI2_TSC_IRQHandler
                0x08000e80                TIM1_BRK_TIM15_IRQHandler
 *fill*         0x08000e82        0x2 
 .text.HAL_Init
                0x08000e84       0x2c ./Drivers/STM32F3xx_HAL_Driver/stm32f3xx_hal.o
                0x08000e84                HAL_Init
 .text.HAL_InitTick
                0x08000eb0       0x60 ./Drivers/STM32F3xx_HAL_Driver/stm32f3xx_hal.o
                0x08000eb0                HAL_InitTick
 .text.HAL_IncTick
                0x08000f10       0x28 ./Drivers/STM32F3xx_HAL_Driver/stm32f3xx_hal.o
                0x08000f10                HAL_IncTick
 .text.HAL_GetTick
                0x08000f38       0x18 ./Drivers/STM32F3xx_HAL_Driver/stm32f3xx_hal.o
                0x08000f38                HAL_GetTick
 .text.__NVIC_SetPriorityGrouping
                0x08000f50       0x48 ./Drivers/STM32F3xx_HAL_Driver/stm32f3xx_hal_cortex.o
 .text.__NVIC_GetPriorityGrouping
                0x08000f98       0x1c ./Drivers/STM32F3xx_HAL_Driver/stm32f3xx_hal_cortex.o
 .text.__NVIC_EnableIRQ
                0x08000fb4       0x3c ./Drivers/STM32F3xx_HAL_Driver/stm32f3xx_hal_cortex.o
 .text.__NVIC_SetPriority
                0x08000ff0       0x54 ./Drivers/STM32F3xx_HAL_Driver/stm32f3xx_hal_cortex.o
 .text.NVIC_EncodePriority
                0x08001044       0x66 ./Drivers/STM32F3xx_HAL_Driver/stm32f3xx_hal_cortex.o
 *fill*         0x080010aa        0x2 
 .text.SysTick_Config
                0x080010ac       0x44 ./Drivers/STM32F3xx_HAL_Driver/stm32f3xx_hal_cortex.o
 .text.HAL_NVIC_SetPriorityGrouping
                0x080010f0       0x16 ./Drivers/STM32F3xx_HAL_Driver/stm32f3xx_hal_cortex.o
                0x080010f0                HAL_NVIC_SetPriorityGrouping
 .text.HAL_NVIC_SetPriority
                0x08001106       0x38 ./Drivers/STM32F3xx_HAL_Driver/stm32f3xx_hal_cortex.o
                0x08001106                HAL_NVIC_SetPriority
 .text.HAL_NVIC_EnableIRQ
                0x0800113e       0x1c ./Drivers/STM32F3xx_HAL_Driver/stm32f3xx_hal_cortex.o
                0x0800113e                HAL_NVIC_EnableIRQ
 .text.HAL_SYSTICK_Config
                0x0800115a       0x18 ./Drivers/STM32F3xx_HAL_Driver/stm32f3xx_hal_cortex.o
                0x0800115a                HAL_SYSTICK_Config
 .text.HAL_DMA_Init
                0x08001172       0x8e ./Drivers/STM32F3xx_HAL_Driver/stm32f3xx_hal_dma.o
                0x08001172                HAL_DMA_Init
 .text.HAL_DMA_Start_IT
                0x08001200       0xbe ./Drivers/STM32F3xx_HAL_Driver/stm32f3xx_hal_dma.o
                0x08001200                HAL_DMA_Start_IT
 .text.HAL_DMA_Abort
                0x080012be       0x7c ./Drivers/STM32F3xx_HAL_Driver/stm32f3xx_hal_dma.o
                0x080012be                HAL_DMA_Abort
 .text.HAL_DMA_Abort_IT
                0x0800133a       0x7c ./Drivers/STM32F3xx_HAL_Driver/stm32f3xx_hal_dma.o
                0x0800133a                HAL_DMA_Abort_IT
 .text.HAL_DMA_IRQHandler
                0x080013b6      0x146 ./Drivers/STM32F3xx_HAL_Driver/stm32f3xx_hal_dma.o
                0x080013b6                HAL_DMA_IRQHandler
 .text.DMA_SetConfig
                0x080014fc       0x5c ./Drivers/STM32F3xx_HAL_Driver/stm32f3xx_hal_dma.o
 .text.DMA_CalcBaseAndBitshift
                0x08001558       0x78 ./Drivers/STM32F3xx_HAL_Driver/stm32f3xx_hal_dma.o
 .text.HAL_GPIO_Init
                0x080015d0      0x2f4 ./Drivers/STM32F3xx_HAL_Driver/stm32f3xx_hal_gpio.o
                0x080015d0                HAL_GPIO_Init
 .text.HAL_RCC_OscConfig
                0x080018c4     0x107c ./Drivers/STM32F3xx_HAL_Driver/stm32f3xx_hal_rcc.o
                0x080018c4                HAL_RCC_OscConfig
 .text.HAL_RCC_ClockConfig
                0x08002940      0x2f8 ./Drivers/STM32F3xx_HAL_Driver/stm32f3xx_hal_rcc.o
                0x08002940                HAL_RCC_ClockConfig
 .text.HAL_RCC_GetSysClockFreq
                0x08002c38       0xa8 ./Drivers/STM32F3xx_HAL_Driver/stm32f3xx_hal_rcc.o
                0x08002c38                HAL_RCC_GetSysClockFreq
 .text.HAL_RCC_GetHCLKFreq
                0x08002ce0       0x18 ./Drivers/STM32F3xx_HAL_Driver/stm32f3xx_hal_rcc.o
                0x08002ce0                HAL_RCC_GetHCLKFreq
 .text.HAL_RCC_GetPCLK1Freq
                0x08002cf8       0x44 ./Drivers/STM32F3xx_HAL_Driver/stm32f3xx_hal_rcc.o
                0x08002cf8                HAL_RCC_GetPCLK1Freq
 .text.HAL_RCC_GetPCLK2Freq
                0x08002d3c       0x44 ./Drivers/STM32F3xx_HAL_Driver/stm32f3xx_hal_rcc.o
                0x08002d3c                HAL_RCC_GetPCLK2Freq
 .text.HAL_RCCEx_PeriphCLKConfig
                0x08002d80      0x360 ./Drivers/STM32F3xx_HAL_Driver/stm32f3xx_hal_rcc_ex.o
                0x08002d80                HAL_RCCEx_PeriphCLKConfig
 .text.HAL_SPI_Init
                0x080030e0      0x156 ./Drivers/STM32F3xx_HAL_Driver/stm32f3xx_hal_spi.o
                0x080030e0                HAL_SPI_Init
 *fill*         0x08003236        0x2 
 .text.HAL_SPI_TransmitReceive_IT
                0x08003238      0x15c ./Drivers/STM32F3xx_HAL_Driver/stm32f3xx_hal_spi.o
                0x08003238                HAL_SPI_TransmitReceive_IT
 .text.HAL_SPI_TransmitReceive_DMA
                0x08003394      0x324 ./Drivers/STM32F3xx_HAL_Driver/stm32f3xx_hal_spi.o
                0x08003394                HAL_SPI_TransmitReceive_DMA
 .text.HAL_SPI_IRQHandler
                0x080036b8      0x1e8 ./Drivers/STM32F3xx_HAL_Driver/stm32f3xx_hal_spi.o
                0x080036b8                HAL_SPI_IRQHandler
 .text.HAL_SPI_RxCpltCallback
                0x080038a0       0x14 ./Drivers/STM32F3xx_HAL_Driver/stm32f3xx_hal_spi.o
                0x080038a0                HAL_SPI_RxCpltCallback
 .text.HAL_SPI_RxHalfCpltCallback
                0x080038b4       0x14 ./Drivers/STM32F3xx_HAL_Driver/stm32f3xx_hal_spi.o
                0x080038b4                HAL_SPI_RxHalfCpltCallback
 .text.HAL_SPI_TxRxHalfCpltCallback
                0x080038c8       0x14 ./Drivers/STM32F3xx_HAL_Driver/stm32f3xx_hal_spi.o
                0x080038c8                HAL_SPI_TxRxHalfCpltCallback
 .text.SPI_DMAReceiveCplt
                0x080038dc       0xa8 ./Drivers/STM32F3xx_HAL_Driver/stm32f3xx_hal_spi.o
 .text.SPI_DMATransmitReceiveCplt
                0x08003984       0x90 ./Drivers/STM32F3xx_HAL_Driver/stm32f3xx_hal_spi.o
 .text.SPI_DMAHalfReceiveCplt
                0x08003a14       0x1c ./Drivers/STM32F3xx_HAL_Driver/stm32f3xx_hal_spi.o
 .text.SPI_DMAHalfTransmitReceiveCplt
                0x08003a30       0x1c ./Drivers/STM32F3xx_HAL_Driver/stm32f3xx_hal_spi.o
 .text.SPI_DMAError
                0x08003a4c       0x40 ./Drivers/STM32F3xx_HAL_Driver/stm32f3xx_hal_spi.o
 .text.SPI_DMAAbortOnError
                0x08003a8c       0x2a ./Drivers/STM32F3xx_HAL_Driver/stm32f3xx_hal_spi.o
 .text.SPI_2linesRxISR_8BIT
                0x08003ab6       0xbe ./Drivers/STM32F3xx_HAL_Driver/stm32f3xx_hal_spi.o
 .text.SPI_2linesTxISR_8BIT
                0x08003b74       0x92 ./Drivers/STM32F3xx_HAL_Driver/stm32f3xx_hal_spi.o
 .text.SPI_2linesRxISR_16BIT
                0x08003c06       0x66 ./Drivers/STM32F3xx_HAL_Driver/stm32f3xx_hal_spi.o
 .text.SPI_2linesTxISR_16BIT
                0x08003c6c       0x60 ./Drivers/STM32F3xx_HAL_Driver/stm32f3xx_hal_spi.o
 .text.SPI_WaitFlagStateUntilTimeout
                0x08003ccc      0x110 ./Drivers/STM32F3xx_HAL_Driver/stm32f3xx_hal_spi.o
 .text.SPI_WaitFifoStateUntilTimeout
                0x08003ddc      0x12c ./Drivers/STM32F3xx_HAL_Driver/stm32f3xx_hal_spi.o
 .text.SPI_EndRxTransaction
                0x08003f08       0xb0 ./Drivers/STM32F3xx_HAL_Driver/stm32f3xx_hal_spi.o
 .text.SPI_EndRxTxTransaction
                0x08003fb8       0x8c ./Drivers/STM32F3xx_HAL_Driver/stm32f3xx_hal_spi.o
 .text.SPI_CloseRxTx_ISR
                0x08004044       0x84 ./Drivers/STM32F3xx_HAL_Driver/stm32f3xx_hal_spi.o
 .text.HAL_UART_Init
                0x080040c8       0x9c ./Drivers/STM32F3xx_HAL_Driver/stm32f3xx_hal_uart.o
                0x080040c8                HAL_UART_Init
 .text.HAL_UART_Receive_IT
                0x08004164       0x88 ./Drivers/STM32F3xx_HAL_Driver/stm32f3xx_hal_uart.o
                0x08004164                HAL_UART_Receive_IT
 .text.HAL_UART_Transmit_DMA
                0x080041ec       0xf8 ./Drivers/STM32F3xx_HAL_Driver/stm32f3xx_hal_uart.o
                0x080041ec                HAL_UART_Transmit_DMA
 .text.HAL_UART_IRQHandler
                0x080042e4      0x5cc ./Drivers/STM32F3xx_HAL_Driver/stm32f3xx_hal_uart.o
                0x080042e4                HAL_UART_IRQHandler
 .text.HAL_UART_TxHalfCpltCallback
                0x080048b0       0x14 ./Drivers/STM32F3xx_HAL_Driver/stm32f3xx_hal_uart.o
                0x080048b0                HAL_UART_TxHalfCpltCallback
 .text.HAL_UART_RxCpltCallback
                0x080048c4       0x14 ./Drivers/STM32F3xx_HAL_Driver/stm32f3xx_hal_uart.o
                0x080048c4                HAL_UART_RxCpltCallback
 .text.UART_SetConfig
                0x080048d8      0x3a8 ./Drivers/STM32F3xx_HAL_Driver/stm32f3xx_hal_uart.o
                0x080048d8                UART_SetConfig
 .text.UART_AdvFeatureConfig
                0x08004c80      0x144 ./Drivers/STM32F3xx_HAL_Driver/stm32f3xx_hal_uart.o
                0x08004c80                UART_AdvFeatureConfig
 .text.UART_CheckIdleState
                0x08004dc4      0x150 ./Drivers/STM32F3xx_HAL_Driver/stm32f3xx_hal_uart.o
                0x08004dc4                UART_CheckIdleState
 .text.UART_WaitOnFlagUntilTimeout
                0x08004f14       0xda ./Drivers/STM32F3xx_HAL_Driver/stm32f3xx_hal_uart.o
                0x08004f14                UART_WaitOnFlagUntilTimeout
 *fill*         0x08004fee        0x2 
 .text.UART_Start_Receive_IT
                0x08004ff0      0x168 ./Drivers/STM32F3xx_HAL_Driver/stm32f3xx_hal_uart.o
                0x08004ff0                UART_Start_Receive_IT
 .text.UART_EndTxTransfer
                0x08005158       0x4c ./Drivers/STM32F3xx_HAL_Driver/stm32f3xx_hal_uart.o
 .text.UART_EndRxTransfer
                0x080051a4       0xc8 ./Drivers/STM32F3xx_HAL_Driver/stm32f3xx_hal_uart.o
 .text.UART_DMATransmitCplt
                0x0800526c       0x94 ./Drivers/STM32F3xx_HAL_Driver/stm32f3xx_hal_uart.o
 .text.UART_DMATxHalfCplt
                0x08005300       0x1c ./Drivers/STM32F3xx_HAL_Driver/stm32f3xx_hal_uart.o
 .text.UART_DMAError
                0x0800531c       0x7e ./Drivers/STM32F3xx_HAL_Driver/stm32f3xx_hal_uart.o
 .text.UART_DMAAbortOnError
                0x0800539a       0x2c ./Drivers/STM32F3xx_HAL_Driver/stm32f3xx_hal_uart.o
 .text.UART_EndTransmit_IT
                0x080053c6       0x54 ./Drivers/STM32F3xx_HAL_Driver/stm32f3xx_hal_uart.o
 .text.UART_RxISR_8BIT
                0x0800541a      0x1a8 ./Drivers/STM32F3xx_HAL_Driver/stm32f3xx_hal_uart.o
 .text.UART_RxISR_16BIT
                0x080055c2      0x1a8 ./Drivers/STM32F3xx_HAL_Driver/stm32f3xx_hal_uart.o
 .text.HAL_UARTEx_WakeupCallback
                0x0800576a       0x14 ./Drivers/STM32F3xx_HAL_Driver/stm32f3xx_hal_uart_ex.o
                0x0800576a                HAL_UARTEx_WakeupCallback
 .text.makeFreeRtosPriority
                0x0800577e       0x30 ./Middlewares/FreeRTOS/cmsis_os.o
 .text.inHandlerMode
                0x080057ae       0x24 ./Middlewares/FreeRTOS/cmsis_os.o
 .text.osKernelStart
                0x080057d2        0xe ./Middlewares/FreeRTOS/cmsis_os.o
                0x080057d2                osKernelStart
 .text.osThreadCreate
                0x080057e0       0x98 ./Middlewares/FreeRTOS/cmsis_os.o
                0x080057e0                osThreadCreate
 .text.osDelay  0x08005878       0x28 ./Middlewares/FreeRTOS/cmsis_os.o
                0x08005878                osDelay
 .text.osSemaphoreCreate
                0x080058a0       0x7e ./Middlewares/FreeRTOS/cmsis_os.o
                0x080058a0                osSemaphoreCreate
 *fill*         0x0800591e        0x2 
 .text.osSemaphoreRelease
                0x08005920       0x6c ./Middlewares/FreeRTOS/cmsis_os.o
                0x08005920                osSemaphoreRelease
 .text.osMessageCreate
                0x0800598c       0x50 ./Middlewares/FreeRTOS/cmsis_os.o
                0x0800598c                osMessageCreate
 .text.osMessagePut
                0x080059dc       0x80 ./Middlewares/FreeRTOS/cmsis_os.o
                0x080059dc                osMessagePut
 .text.osMessageGet
                0x08005a5c       0xe8 ./Middlewares/FreeRTOS/cmsis_os.o
                0x08005a5c                osMessageGet
 .text.pvPortMalloc
                0x08005b44      0x190 ./Middlewares/FreeRTOS/heap_4.o
                0x08005b44                pvPortMalloc
 .text.vPortFree
                0x08005cd4       0xb8 ./Middlewares/FreeRTOS/heap_4.o
                0x08005cd4                vPortFree
 .text.prvHeapInit
                0x08005d8c       0xc4 ./Middlewares/FreeRTOS/heap_4.o
 .text.prvInsertBlockIntoFreeList
                0x08005e50       0xb4 ./Middlewares/FreeRTOS/heap_4.o
 .text.vListInitialise
                0x08005f04       0x40 ./Middlewares/FreeRTOS/list.o
                0x08005f04                vListInitialise
 .text.vListInitialiseItem
                0x08005f44       0x1a ./Middlewares/FreeRTOS/list.o
                0x08005f44                vListInitialiseItem
 .text.vListInsertEnd
                0x08005f5e       0x48 ./Middlewares/FreeRTOS/list.o
                0x08005f5e                vListInsertEnd
 .text.vListInsert
                0x08005fa6       0x72 ./Middlewares/FreeRTOS/list.o
                0x08005fa6                vListInsert
 .text.uxListRemove
                0x08006018       0x54 ./Middlewares/FreeRTOS/list.o
                0x08006018                uxListRemove
 .text.pxPortInitialiseStack
                0x0800606c       0x68 ./Middlewares/FreeRTOS/port.o
                0x0800606c                pxPortInitialiseStack
 .text.prvTaskExitError
                0x080060d4       0x5c ./Middlewares/FreeRTOS/port.o
 .text.SVC_Handler
                0x08006130       0x28 ./Middlewares/FreeRTOS/port.o
                0x08006130                SVC_Handler
 .text.prvPortStartFirstTask
                0x08006158       0x28 ./Middlewares/FreeRTOS/port.o
 .text.xPortStartScheduler
                0x08006180      0x148 ./Middlewares/FreeRTOS/port.o
                0x08006180                xPortStartScheduler
 .text.vPortEnterCritical
                0x080062c8       0x64 ./Middlewares/FreeRTOS/port.o
                0x080062c8                vPortEnterCritical
 .text.vPortExitCritical
                0x0800632c       0x54 ./Middlewares/FreeRTOS/port.o
                0x0800632c                vPortExitCritical
 .text.PendSV_Handler
                0x08006380       0x68 ./Middlewares/FreeRTOS/port.o
                0x08006380                PendSV_Handler
 .text.xPortSysTickHandler
                0x080063e8       0x44 ./Middlewares/FreeRTOS/port.o
                0x080063e8                xPortSysTickHandler
 .text.vPortSetupTimerInterrupt
                0x0800642c       0x48 ./Middlewares/FreeRTOS/port.o
                0x0800642c                vPortSetupTimerInterrupt
 .text.vPortEnableVFP
                0x08006474       0x14 ./Middlewares/FreeRTOS/port.o
 .text.vPortValidateInterruptPriority
                0x08006488       0x84 ./Middlewares/FreeRTOS/port.o
                0x08006488                vPortValidateInterruptPriority
 .text.xQueueGenericReset
                0x0800650c       0xd4 ./Middlewares/FreeRTOS/queue.o
                0x0800650c                xQueueGenericReset
 .text.xQueueGenericCreateStatic
                0x080065e0       0xf8 ./Middlewares/FreeRTOS/queue.o
                0x080065e0                xQueueGenericCreateStatic
 .text.xQueueGenericCreate
                0x080066d8       0x7e ./Middlewares/FreeRTOS/queue.o
                0x080066d8                xQueueGenericCreate
 .text.prvInitialiseNewQueue
                0x08006756       0x44 ./Middlewares/FreeRTOS/queue.o
 .text.xQueueCreateCountingSemaphoreStatic
                0x0800679a       0x72 ./Middlewares/FreeRTOS/queue.o
                0x0800679a                xQueueCreateCountingSemaphoreStatic
 .text.xQueueCreateCountingSemaphore
                0x0800680c       0x6a ./Middlewares/FreeRTOS/queue.o
                0x0800680c                xQueueCreateCountingSemaphore
 *fill*         0x08006876        0x2 
 .text.xQueueGenericSend
                0x08006878      0x22c ./Middlewares/FreeRTOS/queue.o
                0x08006878                xQueueGenericSend
 .text.xQueueGenericSendFromISR
                0x08006aa4      0x15a ./Middlewares/FreeRTOS/queue.o
                0x08006aa4                xQueueGenericSendFromISR
 .text.xQueueGiveFromISR
                0x08006bfe      0x144 ./Middlewares/FreeRTOS/queue.o
                0x08006bfe                xQueueGiveFromISR
 *fill*         0x08006d42        0x2 
 .text.xQueueReceive
                0x08006d44      0x1c4 ./Middlewares/FreeRTOS/queue.o
                0x08006d44                xQueueReceive
 .text.xQueueReceiveFromISR
                0x08006f08      0x104 ./Middlewares/FreeRTOS/queue.o
                0x08006f08                xQueueReceiveFromISR
 .text.prvCopyDataToQueue
                0x0800700c       0xd4 ./Middlewares/FreeRTOS/queue.o
 .text.prvCopyDataFromQueue
                0x080070e0       0x4c ./Middlewares/FreeRTOS/queue.o
 .text.prvUnlockQueue
                0x0800712c       0xc0 ./Middlewares/FreeRTOS/queue.o
 .text.prvIsQueueEmpty
                0x080071ec       0x2c ./Middlewares/FreeRTOS/queue.o
 .text.prvIsQueueFull
                0x08007218       0x30 ./Middlewares/FreeRTOS/queue.o
 .text.xQueueCreateSet
                0x08007248       0x1e ./Middlewares/FreeRTOS/queue.o
                0x08007248                xQueueCreateSet
 .text.xQueueAddToSet
                0x08007266       0x42 ./Middlewares/FreeRTOS/queue.o
                0x08007266                xQueueAddToSet
 .text.xQueueSelectFromSet
                0x080072a8       0x26 ./Middlewares/FreeRTOS/queue.o
                0x080072a8                xQueueSelectFromSet
 .text.prvNotifyQueueSetContainer
                0x080072ce       0xb8 ./Middlewares/FreeRTOS/queue.o
 .text.xTaskCreateStatic
                0x08007386       0xbe ./Middlewares/FreeRTOS/tasks.o
                0x08007386                xTaskCreateStatic
 .text.xTaskCreate
                0x08007444       0x8a ./Middlewares/FreeRTOS/tasks.o
                0x08007444                xTaskCreate
 .text.prvInitialiseNewTask
                0x080074ce      0x100 ./Middlewares/FreeRTOS/tasks.o
 *fill*         0x080075ce        0x2 
 .text.prvAddNewTaskToReadyList
                0x080075d0       0xd4 ./Middlewares/FreeRTOS/tasks.o
 .text.vTaskDelay
                0x080076a4       0x6c ./Middlewares/FreeRTOS/tasks.o
                0x080076a4                vTaskDelay
 .text.vTaskStartScheduler
                0x08007710       0xc4 ./Middlewares/FreeRTOS/tasks.o
                0x08007710                vTaskStartScheduler
 .text.vTaskSuspendAll
                0x080077d4       0x1c ./Middlewares/FreeRTOS/tasks.o
                0x080077d4                vTaskSuspendAll
 .text.xTaskResumeAll
                0x080077f0      0x13c ./Middlewares/FreeRTOS/tasks.o
                0x080077f0                xTaskResumeAll
 .text.xTaskIncrementTick
                0x0800792c      0x17c ./Middlewares/FreeRTOS/tasks.o
                0x0800792c                xTaskIncrementTick
 .text.vTaskSwitchContext
                0x08007aa8       0xb8 ./Middlewares/FreeRTOS/tasks.o
                0x08007aa8                vTaskSwitchContext
 .text.vTaskPlaceOnEventList
                0x08007b60       0x4c ./Middlewares/FreeRTOS/tasks.o
                0x08007b60                vTaskPlaceOnEventList
 .text.xTaskRemoveFromEventList
                0x08007bac       0xc8 ./Middlewares/FreeRTOS/tasks.o
                0x08007bac                xTaskRemoveFromEventList
 .text.vTaskInternalSetTimeOutState
                0x08007c74       0x2c ./Middlewares/FreeRTOS/tasks.o
                0x08007c74                vTaskInternalSetTimeOutState
 .text.xTaskCheckForTimeOut
                0x08007ca0       0xc8 ./Middlewares/FreeRTOS/tasks.o
                0x08007ca0                xTaskCheckForTimeOut
 .text.vTaskMissedYield
                0x08007d68       0x18 ./Middlewares/FreeRTOS/tasks.o
                0x08007d68                vTaskMissedYield
 .text.prvIdleTask
                0x08007d80       0x30 ./Middlewares/FreeRTOS/tasks.o
 .text.prvInitialiseTaskLists
                0x08007db0       0x80 ./Middlewares/FreeRTOS/tasks.o
 .text.prvCheckTasksWaitingTermination
                0x08007e30       0x5c ./Middlewares/FreeRTOS/tasks.o
 .text.prvDeleteTCB
                0x08007e8c       0x60 ./Middlewares/FreeRTOS/tasks.o
 .text.prvResetNextTaskUnblockTime
                0x08007eec       0x4c ./Middlewares/FreeRTOS/tasks.o
 .text.xTaskGetSchedulerState
                0x08007f38       0x3c ./Middlewares/FreeRTOS/tasks.o
                0x08007f38                xTaskGetSchedulerState
 .text.xTaskPriorityDisinherit
                0x08007f74      0x110 ./Middlewares/FreeRTOS/tasks.o
                0x08007f74                xTaskPriorityDisinherit
 .text.prvAddCurrentTaskToDelayedList
                0x08008084       0xcc ./Middlewares/FreeRTOS/tasks.o
 .text.malloc   0x08008150       0x10 C:/ST/STM32CubeIDE_1.15.1/STM32CubeIDE/plugins/com.st.stm32cube.ide.mcu.externaltools.gnu-tools-for-stm32.12.3.rel1.win32_1.0.100.202403111256/tools/bin/../lib/gcc/arm-none-eabi/12.3.1/../../../../arm-none-eabi/lib/thumb/v7e-m+fp/hard\libc_nano.a(libc_a-malloc.o)
                0x08008150                malloc
 .text.free     0x08008160       0x10 C:/ST/STM32CubeIDE_1.15.1/STM32CubeIDE/plugins/com.st.stm32cube.ide.mcu.externaltools.gnu-tools-for-stm32.12.3.rel1.win32_1.0.100.202403111256/tools/bin/../lib/gcc/arm-none-eabi/12.3.1/../../../../arm-none-eabi/lib/thumb/v7e-m+fp/hard\libc_nano.a(libc_a-malloc.o)
                0x08008160                free
 .text.sbrk_aligned
                0x08008170       0x44 C:/ST/STM32CubeIDE_1.15.1/STM32CubeIDE/plugins/com.st.stm32cube.ide.mcu.externaltools.gnu-tools-for-stm32.12.3.rel1.win32_1.0.100.202403111256/tools/bin/../lib/gcc/arm-none-eabi/12.3.1/../../../../arm-none-eabi/lib/thumb/v7e-m+fp/hard\libc_nano.a(libc_a-mallocr.o)
 .text._malloc_r
                0x080081b4      0x100 C:/ST/STM32CubeIDE_1.15.1/STM32CubeIDE/plugins/com.st.stm32cube.ide.mcu.externaltools.gnu-tools-for-stm32.12.3.rel1.win32_1.0.100.202403111256/tools/bin/../lib/gcc/arm-none-eabi/12.3.1/../../../../arm-none-eabi/lib/thumb/v7e-m+fp/hard\libc_nano.a(libc_a-mallocr.o)
                0x080081b4                _malloc_r
 .text.__malloc_lock
                0x080082b4        0xc C:/ST/STM32CubeIDE_1.15.1/STM32CubeIDE/plugins/com.st.stm32cube.ide.mcu.externaltools.gnu-tools-for-stm32.12.3.rel1.win32_1.0.100.202403111256/tools/bin/../lib/gcc/arm-none-eabi/12.3.1/../../../../arm-none-eabi/lib/thumb/v7e-m+fp/hard\libc_nano.a(libc_a-mlock.o)
                0x080082b4                __malloc_lock
 .text.__malloc_unlock
                0x080082c0        0xc C:/ST/STM32CubeIDE_1.15.1/STM32CubeIDE/plugins/com.st.stm32cube.ide.mcu.externaltools.gnu-tools-for-stm32.12.3.rel1.win32_1.0.100.202403111256/tools/bin/../lib/gcc/arm-none-eabi/12.3.1/../../../../arm-none-eabi/lib/thumb/v7e-m+fp/hard\libc_nano.a(libc_a-mlock.o)
                0x080082c0                __malloc_unlock
 .text.std      0x080082cc       0x6c C:/ST/STM32CubeIDE_1.15.1/STM32CubeIDE/plugins/com.st.stm32cube.ide.mcu.externaltools.gnu-tools-for-stm32.12.3.rel1.win32_1.0.100.202403111256/tools/bin/../lib/gcc/arm-none-eabi/12.3.1/../../../../arm-none-eabi/lib/thumb/v7e-m+fp/hard\libc_nano.a(libc_a-findfp.o)
 .text.stdio_exit_handler
                0x08008338       0x18 C:/ST/STM32CubeIDE_1.15.1/STM32CubeIDE/plugins/com.st.stm32cube.ide.mcu.externaltools.gnu-tools-for-stm32.12.3.rel1.win32_1.0.100.202403111256/tools/bin/../lib/gcc/arm-none-eabi/12.3.1/../../../../arm-none-eabi/lib/thumb/v7e-m+fp/hard\libc_nano.a(libc_a-findfp.o)
 .text.cleanup_stdio
                0x08008350       0x40 C:/ST/STM32CubeIDE_1.15.1/STM32CubeIDE/plugins/com.st.stm32cube.ide.mcu.externaltools.gnu-tools-for-stm32.12.3.rel1.win32_1.0.100.202403111256/tools/bin/../lib/gcc/arm-none-eabi/12.3.1/../../../../arm-none-eabi/lib/thumb/v7e-m+fp/hard\libc_nano.a(libc_a-findfp.o)
 .text.global_stdio_init.part.0
                0x08008390       0x3c C:/ST/STM32CubeIDE_1.15.1/STM32CubeIDE/plugins/com.st.stm32cube.ide.mcu.externaltools.gnu-tools-for-stm32.12.3.rel1.win32_1.0.100.202403111256/tools/bin/../lib/gcc/arm-none-eabi/12.3.1/../../../../arm-none-eabi/lib/thumb/v7e-m+fp/hard\libc_nano.a(libc_a-findfp.o)
 .text.__sfp_lock_acquire
                0x080083cc        0xc C:/ST/STM32CubeIDE_1.15.1/STM32CubeIDE/plugins/com.st.stm32cube.ide.mcu.externaltools.gnu-tools-for-stm32.12.3.rel1.win32_1.0.100.202403111256/tools/bin/../lib/gcc/arm-none-eabi/12.3.1/../../../../arm-none-eabi/lib/thumb/v7e-m+fp/hard\libc_nano.a(libc_a-findfp.o)
                0x080083cc                __sfp_lock_acquire
 .text.__sfp_lock_release
                0x080083d8        0xc C:/ST/STM32CubeIDE_1.15.1/STM32CubeIDE/plugins/com.st.stm32cube.ide.mcu.externaltools.gnu-tools-for-stm32.12.3.rel1.win32_1.0.100.202403111256/tools/bin/../lib/gcc/arm-none-eabi/12.3.1/../../../../arm-none-eabi/lib/thumb/v7e-m+fp/hard\libc_nano.a(libc_a-findfp.o)
                0x080083d8                __sfp_lock_release
 .text.__sinit  0x080083e4       0x30 C:/ST/STM32CubeIDE_1.15.1/STM32CubeIDE/plugins/com.st.stm32cube.ide.mcu.externaltools.gnu-tools-for-stm32.12.3.rel1.win32_1.0.100.202403111256/tools/bin/../lib/gcc/arm-none-eabi/12.3.1/../../../../arm-none-eabi/lib/thumb/v7e-m+fp/hard\libc_nano.a(libc_a-findfp.o)
                0x080083e4                __sinit
 .text._fwalk_sglue
                0x08008414       0x3c C:/ST/STM32CubeIDE_1.15.1/STM32CubeIDE/plugins/com.st.stm32cube.ide.mcu.externaltools.gnu-tools-for-stm32.12.3.rel1.win32_1.0.100.202403111256/tools/bin/../lib/gcc/arm-none-eabi/12.3.1/../../../../arm-none-eabi/lib/thumb/v7e-m+fp/hard\libc_nano.a(libc_a-fwalk.o)
                0x08008414                _fwalk_sglue
 .text._puts_r  0x08008450       0xaa C:/ST/STM32CubeIDE_1.15.1/STM32CubeIDE/plugins/com.st.stm32cube.ide.mcu.externaltools.gnu-tools-for-stm32.12.3.rel1.win32_1.0.100.202403111256/tools/bin/../lib/gcc/arm-none-eabi/12.3.1/../../../../arm-none-eabi/lib/thumb/v7e-m+fp/hard\libc_nano.a(libc_a-puts.o)
                0x08008450                _puts_r
 *fill*         0x080084fa        0x2 
 .text.puts     0x080084fc       0x10 C:/ST/STM32CubeIDE_1.15.1/STM32CubeIDE/plugins/com.st.stm32cube.ide.mcu.externaltools.gnu-tools-for-stm32.12.3.rel1.win32_1.0.100.202403111256/tools/bin/../lib/gcc/arm-none-eabi/12.3.1/../../../../arm-none-eabi/lib/thumb/v7e-m+fp/hard\libc_nano.a(libc_a-puts.o)
                0x080084fc                puts
 .text.__sread  0x0800850c       0x22 C:/ST/STM32CubeIDE_1.15.1/STM32CubeIDE/plugins/com.st.stm32cube.ide.mcu.externaltools.gnu-tools-for-stm32.12.3.rel1.win32_1.0.100.202403111256/tools/bin/../lib/gcc/arm-none-eabi/12.3.1/../../../../arm-none-eabi/lib/thumb/v7e-m+fp/hard\libc_nano.a(libc_a-stdio.o)
                0x0800850c                __sread
 .text.__swrite
                0x0800852e       0x38 C:/ST/STM32CubeIDE_1.15.1/STM32CubeIDE/plugins/com.st.stm32cube.ide.mcu.externaltools.gnu-tools-for-stm32.12.3.rel1.win32_1.0.100.202403111256/tools/bin/../lib/gcc/arm-none-eabi/12.3.1/../../../../arm-none-eabi/lib/thumb/v7e-m+fp/hard\libc_nano.a(libc_a-stdio.o)
                0x0800852e                __swrite
 .text.__sseek  0x08008566       0x24 C:/ST/STM32CubeIDE_1.15.1/STM32CubeIDE/plugins/com.st.stm32cube.ide.mcu.externaltools.gnu-tools-for-stm32.12.3.rel1.win32_1.0.100.202403111256/tools/bin/../lib/gcc/arm-none-eabi/12.3.1/../../../../arm-none-eabi/lib/thumb/v7e-m+fp/hard\libc_nano.a(libc_a-stdio.o)
                0x08008566                __sseek
 .text.__sclose
                0x0800858a        0x8 C:/ST/STM32CubeIDE_1.15.1/STM32CubeIDE/plugins/com.st.stm32cube.ide.mcu.externaltools.gnu-tools-for-stm32.12.3.rel1.win32_1.0.100.202403111256/tools/bin/../lib/gcc/arm-none-eabi/12.3.1/../../../../arm-none-eabi/lib/thumb/v7e-m+fp/hard\libc_nano.a(libc_a-stdio.o)
                0x0800858a                __sclose
 .text.__swbuf_r
                0x08008592       0x7c C:/ST/STM32CubeIDE_1.15.1/STM32CubeIDE/plugins/com.st.stm32cube.ide.mcu.externaltools.gnu-tools-for-stm32.12.3.rel1.win32_1.0.100.202403111256/tools/bin/../lib/gcc/arm-none-eabi/12.3.1/../../../../arm-none-eabi/lib/thumb/v7e-m+fp/hard\libc_nano.a(libc_a-wbuf.o)
                0x08008592                __swbuf_r
 *fill*         0x0800860e        0x2 
 .text.__swsetup_r
                0x08008610       0xac C:/ST/STM32CubeIDE_1.15.1/STM32CubeIDE/plugins/com.st.stm32cube.ide.mcu.externaltools.gnu-tools-for-stm32.12.3.rel1.win32_1.0.100.202403111256/tools/bin/../lib/gcc/arm-none-eabi/12.3.1/../../../../arm-none-eabi/lib/thumb/v7e-m+fp/hard\libc_nano.a(libc_a-wsetup.o)
                0x08008610                __swsetup_r
 .text.memset   0x080086bc       0x10 C:/ST/STM32CubeIDE_1.15.1/STM32CubeIDE/plugins/com.st.stm32cube.ide.mcu.externaltools.gnu-tools-for-stm32.12.3.rel1.win32_1.0.100.202403111256/tools/bin/../lib/gcc/arm-none-eabi/12.3.1/../../../../arm-none-eabi/lib/thumb/v7e-m+fp/hard\libc_nano.a(libc_a-memset.o)
                0x080086bc                memset
 .text._close_r
                0x080086cc       0x20 C:/ST/STM32CubeIDE_1.15.1/STM32CubeIDE/plugins/com.st.stm32cube.ide.mcu.externaltools.gnu-tools-for-stm32.12.3.rel1.win32_1.0.100.202403111256/tools/bin/../lib/gcc/arm-none-eabi/12.3.1/../../../../arm-none-eabi/lib/thumb/v7e-m+fp/hard\libc_nano.a(libc_a-closer.o)
                0x080086cc                _close_r
 .text._lseek_r
                0x080086ec       0x24 C:/ST/STM32CubeIDE_1.15.1/STM32CubeIDE/plugins/com.st.stm32cube.ide.mcu.externaltools.gnu-tools-for-stm32.12.3.rel1.win32_1.0.100.202403111256/tools/bin/../lib/gcc/arm-none-eabi/12.3.1/../../../../arm-none-eabi/lib/thumb/v7e-m+fp/hard\libc_nano.a(libc_a-lseekr.o)
                0x080086ec                _lseek_r
 .text._read_r  0x08008710       0x24 C:/ST/STM32CubeIDE_1.15.1/STM32CubeIDE/plugins/com.st.stm32cube.ide.mcu.externaltools.gnu-tools-for-stm32.12.3.rel1.win32_1.0.100.202403111256/tools/bin/../lib/gcc/arm-none-eabi/12.3.1/../../../../arm-none-eabi/lib/thumb/v7e-m+fp/hard\libc_nano.a(libc_a-readr.o)
                0x08008710                _read_r
 .text._sbrk_r  0x08008734       0x20 C:/ST/STM32CubeIDE_1.15.1/STM32CubeIDE/plugins/com.st.stm32cube.ide.mcu.externaltools.gnu-tools-for-stm32.12.3.rel1.win32_1.0.100.202403111256/tools/bin/../lib/gcc/arm-none-eabi/12.3.1/../../../../arm-none-eabi/lib/thumb/v7e-m+fp/hard\libc_nano.a(libc_a-sbrkr.o)
                0x08008734                _sbrk_r
 .text._write_r
                0x08008754       0x24 C:/ST/STM32CubeIDE_1.15.1/STM32CubeIDE/plugins/com.st.stm32cube.ide.mcu.externaltools.gnu-tools-for-stm32.12.3.rel1.win32_1.0.100.202403111256/tools/bin/../lib/gcc/arm-none-eabi/12.3.1/../../../../arm-none-eabi/lib/thumb/v7e-m+fp/hard\libc_nano.a(libc_a-writer.o)
                0x08008754                _write_r
 .text.__errno  0x08008778        0xc C:/ST/STM32CubeIDE_1.15.1/STM32CubeIDE/plugins/com.st.stm32cube.ide.mcu.externaltools.gnu-tools-for-stm32.12.3.rel1.win32_1.0.100.202403111256/tools/bin/../lib/gcc/arm-none-eabi/12.3.1/../../../../arm-none-eabi/lib/thumb/v7e-m+fp/hard\libc_nano.a(libc_a-errno.o)
                0x08008778                __errno
 .text.__libc_init_array
                0x08008784       0x48 C:/ST/STM32CubeIDE_1.15.1/STM32CubeIDE/plugins/com.st.stm32cube.ide.mcu.externaltools.gnu-tools-for-stm32.12.3.rel1.win32_1.0.100.202403111256/tools/bin/../lib/gcc/arm-none-eabi/12.3.1/../../../../arm-none-eabi/lib/thumb/v7e-m+fp/hard\libc_nano.a(libc_a-init.o)
                0x08008784                __libc_init_array
 .text.__retarget_lock_init_recursive
                0x080087cc        0x2 C:/ST/STM32CubeIDE_1.15.1/STM32CubeIDE/plugins/com.st.stm32cube.ide.mcu.externaltools.gnu-tools-for-stm32.12.3.rel1.win32_1.0.100.202403111256/tools/bin/../lib/gcc/arm-none-eabi/12.3.1/../../../../arm-none-eabi/lib/thumb/v7e-m+fp/hard\libc_nano.a(libc_a-lock.o)
                0x080087cc                __retarget_lock_init_recursive
 .text.__retarget_lock_acquire_recursive
                0x080087ce        0x2 C:/ST/STM32CubeIDE_1.15.1/STM32CubeIDE/plugins/com.st.stm32cube.ide.mcu.externaltools.gnu-tools-for-stm32.12.3.rel1.win32_1.0.100.202403111256/tools/bin/../lib/gcc/arm-none-eabi/12.3.1/../../../../arm-none-eabi/lib/thumb/v7e-m+fp/hard\libc_nano.a(libc_a-lock.o)
                0x080087ce                __retarget_lock_acquire_recursive
 .text.__retarget_lock_release_recursive
                0x080087d0        0x2 C:/ST/STM32CubeIDE_1.15.1/STM32CubeIDE/plugins/com.st.stm32cube.ide.mcu.externaltools.gnu-tools-for-stm32.12.3.rel1.win32_1.0.100.202403111256/tools/bin/../lib/gcc/arm-none-eabi/12.3.1/../../../../arm-none-eabi/lib/thumb/v7e-m+fp/hard\libc_nano.a(libc_a-lock.o)
                0x080087d0                __retarget_lock_release_recursive
 .text.memcpy   0x080087d2       0x1c C:/ST/STM32CubeIDE_1.15.1/STM32CubeIDE/plugins/com.st.stm32cube.ide.mcu.externaltools.gnu-tools-for-stm32.12.3.rel1.win32_1.0.100.202403111256/tools/bin/../lib/gcc/arm-none-eabi/12.3.1/../../../../arm-none-eabi/lib/thumb/v7e-m+fp/hard\libc_nano.a(libc_a-memcpy-stub.o)
                0x080087d2                memcpy
 *fill*         0x080087ee        0x2 
 .text._free_r  0x080087f0       0x94 C:/ST/STM32CubeIDE_1.15.1/STM32CubeIDE/plugins/com.st.stm32cube.ide.mcu.externaltools.gnu-tools-for-stm32.12.3.rel1.win32_1.0.100.202403111256/tools/bin/../lib/gcc/arm-none-eabi/12.3.1/../../../../arm-none-eabi/lib/thumb/v7e-m+fp/hard\libc_nano.a(libc_a-freer.o)
                0x080087f0                _free_r
 .text.__sflush_r
                0x08008884      0x108 C:/ST/STM32CubeIDE_1.15.1/STM32CubeIDE/plugins/com.st.stm32cube.ide.mcu.externaltools.gnu-tools-for-stm32.12.3.rel1.win32_1.0.100.202403111256/tools/bin/../lib/gcc/arm-none-eabi/12.3.1/../../../../arm-none-eabi/lib/thumb/v7e-m+fp/hard\libc_nano.a(libc_a-fflush.o)
                0x08008884                __sflush_r
 .text._fflush_r
                0x0800898c       0x50 C:/ST/STM32CubeIDE_1.15.1/STM32CubeIDE/plugins/com.st.stm32cube.ide.mcu.externaltools.gnu-tools-for-stm32.12.3.rel1.win32_1.0.100.202403111256/tools/bin/../lib/gcc/arm-none-eabi/12.3.1/../../../../arm-none-eabi/lib/thumb/v7e-m+fp/hard\libc_nano.a(libc_a-fflush.o)
                0x0800898c                _fflush_r
 .text.__swhatbuf_r
                0x080089dc       0x4c C:/ST/STM32CubeIDE_1.15.1/STM32CubeIDE/plugins/com.st.stm32cube.ide.mcu.externaltools.gnu-tools-for-stm32.12.3.rel1.win32_1.0.100.202403111256/tools/bin/../lib/gcc/arm-none-eabi/12.3.1/../../../../arm-none-eabi/lib/thumb/v7e-m+fp/hard\libc_nano.a(libc_a-makebuf.o)
                0x080089dc                __swhatbuf_r
 .text.__smakebuf_r
                0x08008a28       0x78 C:/ST/STM32CubeIDE_1.15.1/STM32CubeIDE/plugins/com.st.stm32cube.ide.mcu.externaltools.gnu-tools-for-stm32.12.3.rel1.win32_1.0.100.202403111256/tools/bin/../lib/gcc/arm-none-eabi/12.3.1/../../../../arm-none-eabi/lib/thumb/v7e-m+fp/hard\libc_nano.a(libc_a-makebuf.o)
                0x08008a28                __smakebuf_r
 .text._fstat_r
                0x08008aa0       0x24 C:/ST/STM32CubeIDE_1.15.1/STM32CubeIDE/plugins/com.st.stm32cube.ide.mcu.externaltools.gnu-tools-for-stm32.12.3.rel1.win32_1.0.100.202403111256/tools/bin/../lib/gcc/arm-none-eabi/12.3.1/../../../../arm-none-eabi/lib/thumb/v7e-m+fp/hard\libc_nano.a(libc_a-fstatr.o)
                0x08008aa0                _fstat_r
 .text._isatty_r
                0x08008ac4       0x20 C:/ST/STM32CubeIDE_1.15.1/STM32CubeIDE/plugins/com.st.stm32cube.ide.mcu.externaltools.gnu-tools-for-stm32.12.3.rel1.win32_1.0.100.202403111256/tools/bin/../lib/gcc/arm-none-eabi/12.3.1/../../../../arm-none-eabi/lib/thumb/v7e-m+fp/hard\libc_nano.a(libc_a-isattyr.o)
                0x08008ac4                _isatty_r
 *(.glue_7)
 .glue_7        0x08008ae4        0x0 linker stubs
 *(.glue_7t)
 .glue_7t       0x08008ae4        0x0 linker stubs
 *(.eh_frame)
 .eh_frame      0x08008ae4        0x0 C:/ST/STM32CubeIDE_1.15.1/STM32CubeIDE/plugins/com.st.stm32cube.ide.mcu.externaltools.gnu-tools-for-stm32.12.3.rel1.win32_1.0.100.202403111256/tools/bin/../lib/gcc/arm-none-eabi/12.3.1/thumb/v7e-m+fp/hard/crtbegin.o
 *(.init)
 .init          0x08008ae4        0x4 C:/ST/STM32CubeIDE_1.15.1/STM32CubeIDE/plugins/com.st.stm32cube.ide.mcu.externaltools.gnu-tools-for-stm32.12.3.rel1.win32_1.0.100.202403111256/tools/bin/../lib/gcc/arm-none-eabi/12.3.1/thumb/v7e-m+fp/hard/crti.o
                0x08008ae4                _init
 .init          0x08008ae8        0x8 C:/ST/STM32CubeIDE_1.15.1/STM32CubeIDE/plugins/com.st.stm32cube.ide.mcu.externaltools.gnu-tools-for-stm32.12.3.rel1.win32_1.0.100.202403111256/tools/bin/../lib/gcc/arm-none-eabi/12.3.1/thumb/v7e-m+fp/hard/crtn.o
 *(.fini)
 .fini          0x08008af0        0x4 C:/ST/STM32CubeIDE_1.15.1/STM32CubeIDE/plugins/com.st.stm32cube.ide.mcu.externaltools.gnu-tools-for-stm32.12.3.rel1.win32_1.0.100.202403111256/tools/bin/../lib/gcc/arm-none-eabi/12.3.1/thumb/v7e-m+fp/hard/crti.o
                0x08008af0                _fini
 .fini          0x08008af4        0x8 C:/ST/STM32CubeIDE_1.15.1/STM32CubeIDE/plugins/com.st.stm32cube.ide.mcu.externaltools.gnu-tools-for-stm32.12.3.rel1.win32_1.0.100.202403111256/tools/bin/../lib/gcc/arm-none-eabi/12.3.1/thumb/v7e-m+fp/hard/crtn.o
                0x08008afc                        . = ALIGN (0x4)
                0x08008afc                        _etext = .

.vfp11_veneer   0x08008afc        0x0
 .vfp11_veneer  0x08008afc        0x0 linker stubs

.v4_bx          0x08008afc        0x0
 .v4_bx         0x08008afc        0x0 linker stubs

.iplt           0x08008afc        0x0
 .iplt          0x08008afc        0x0 C:/ST/STM32CubeIDE_1.15.1/STM32CubeIDE/plugins/com.st.stm32cube.ide.mcu.externaltools.gnu-tools-for-stm32.12.3.rel1.win32_1.0.100.202403111256/tools/bin/../lib/gcc/arm-none-eabi/12.3.1/thumb/v7e-m+fp/hard/crtbegin.o

.rodata         0x08008afc      0x148
                0x08008afc                        . = ALIGN (0x4)
 *(.rodata)
 .rodata        0x08008afc      0x105 ./Core/Src/main.o
 *fill*         0x08008c01        0x3 
 .rodata        0x08008c04        0x5 ./Middlewares/FreeRTOS/tasks.o
 *(.rodata*)
 *fill*         0x08008c09        0x3 
 .rodata.AHBPrescTable
                0x08008c0c       0x10 ./Core/Src/system_stm32f3xx.o
                0x08008c0c                AHBPrescTable
 .rodata.APBPrescTable
                0x08008c1c        0x8 ./Core/Src/system_stm32f3xx.o
                0x08008c1c                APBPrescTable
 .rodata.aPLLMULFactorTable
                0x08008c24       0x10 ./Drivers/STM32F3xx_HAL_Driver/stm32f3xx_hal_rcc.o
 .rodata.aPredivFactorTable
                0x08008c34       0x10 ./Drivers/STM32F3xx_HAL_Driver/stm32f3xx_hal_rcc.o
                0x08008c44                        . = ALIGN (0x4)

.rel.dyn        0x08008c44        0x0
 .rel.iplt      0x08008c44        0x0 C:/ST/STM32CubeIDE_1.15.1/STM32CubeIDE/plugins/com.st.stm32cube.ide.mcu.externaltools.gnu-tools-for-stm32.12.3.rel1.win32_1.0.100.202403111256/tools/bin/../lib/gcc/arm-none-eabi/12.3.1/thumb/v7e-m+fp/hard/crtbegin.o

.ARM.extab      0x08008c44        0x0
                0x08008c44                        . = ALIGN (0x4)
 *(.ARM.extab* .gnu.linkonce.armextab.*)
                0x08008c44                        . = ALIGN (0x4)

.ARM            0x08008c44        0x0
                0x08008c44                        . = ALIGN (0x4)
                0x08008c44                        __exidx_start = .
 *(.ARM.exidx*)
                0x08008c44                        __exidx_end = .
                0x08008c44                        . = ALIGN (0x4)

.preinit_array  0x08008c44        0x0
                0x08008c44                        . = ALIGN (0x4)
                0x08008c44                        PROVIDE (__preinit_array_start = .)
 *(.preinit_array*)
                0x08008c44                        PROVIDE (__preinit_array_end = .)
                0x08008c44                        . = ALIGN (0x4)

.init_array     0x08008c44        0x4
                0x08008c44                        . = ALIGN (0x4)
                0x08008c44                        PROVIDE (__init_array_start = .)
 *(SORT_BY_NAME(.init_array.*))
 *(.init_array*)
 .init_array    0x08008c44        0x4 C:/ST/STM32CubeIDE_1.15.1/STM32CubeIDE/plugins/com.st.stm32cube.ide.mcu.externaltools.gnu-tools-for-stm32.12.3.rel1.win32_1.0.100.202403111256/tools/bin/../lib/gcc/arm-none-eabi/12.3.1/thumb/v7e-m+fp/hard/crtbegin.o
                0x08008c48                        PROVIDE (__init_array_end = .)
                0x08008c48                        . = ALIGN (0x4)

.fini_array     0x08008c48        0x4
                0x08008c48                        . = ALIGN (0x4)
                [!provide]                        PROVIDE (__fini_array_start = .)
 *(SORT_BY_NAME(.fini_array.*))
 *(.fini_array*)
 .fini_array    0x08008c48        0x4 C:/ST/STM32CubeIDE_1.15.1/STM32CubeIDE/plugins/com.st.stm32cube.ide.mcu.externaltools.gnu-tools-for-stm32.12.3.rel1.win32_1.0.100.202403111256/tools/bin/../lib/gcc/arm-none-eabi/12.3.1/thumb/v7e-m+fp/hard/crtbegin.o
                [!provide]                        PROVIDE (__fini_array_end = .)
                0x08008c4c                        . = ALIGN (0x4)
                0x08008c4c                        _sidata = LOADADDR (.data)

.data           0x20000000       0x6c load address 0x08008c4c
                0x20000000                        . = ALIGN (0x4)
                0x20000000                        _sdata = .
 *(.data)
 *(.data*)
 .data.SystemCoreClock
                0x20000000        0x4 ./Core/Src/system_stm32f3xx.o
                0x20000000                SystemCoreClock
 .data.uwTickPrio
                0x20000004        0x4 ./Drivers/STM32F3xx_HAL_Driver/stm32f3xx_hal.o
                0x20000004                uwTickPrio
 .data.uwTickFreq
                0x20000008        0x1 ./Drivers/STM32F3xx_HAL_Driver/stm32f3xx_hal.o
                0x20000008                uwTickFreq
 *fill*         0x20000009        0x3 
 .data.uxCriticalNesting
                0x2000000c        0x4 ./Middlewares/FreeRTOS/port.o
 .data.__sglue  0x20000010        0xc C:/ST/STM32CubeIDE_1.15.1/STM32CubeIDE/plugins/com.st.stm32cube.ide.mcu.externaltools.gnu-tools-for-stm32.12.3.rel1.win32_1.0.100.202403111256/tools/bin/../lib/gcc/arm-none-eabi/12.3.1/../../../../arm-none-eabi/lib/thumb/v7e-m+fp/hard\libc_nano.a(libc_a-findfp.o)
                0x20000010                __sglue
 .data._impure_ptr
                0x2000001c        0x4 C:/ST/STM32CubeIDE_1.15.1/STM32CubeIDE/plugins/com.st.stm32cube.ide.mcu.externaltools.gnu-tools-for-stm32.12.3.rel1.win32_1.0.100.202403111256/tools/bin/../lib/gcc/arm-none-eabi/12.3.1/../../../../arm-none-eabi/lib/thumb/v7e-m+fp/hard\libc_nano.a(libc_a-impure.o)
                0x2000001c                _impure_ptr
 .data._impure_data
                0x20000020       0x4c C:/ST/STM32CubeIDE_1.15.1/STM32CubeIDE/plugins/com.st.stm32cube.ide.mcu.externaltools.gnu-tools-for-stm32.12.3.rel1.win32_1.0.100.202403111256/tools/bin/../lib/gcc/arm-none-eabi/12.3.1/../../../../arm-none-eabi/lib/thumb/v7e-m+fp/hard\libc_nano.a(libc_a-impure.o)
                0x20000020                _impure_data
 *(.RamFunc)
 *(.RamFunc*)
                0x2000006c                        . = ALIGN (0x4)
                0x2000006c                        _edata = .
                0x08008cb8                        _siccmram = LOADADDR (.ccmram)

.igot.plt       0x2000006c        0x0 load address 0x08008cb8
 .igot.plt      0x2000006c        0x0 C:/ST/STM32CubeIDE_1.15.1/STM32CubeIDE/plugins/com.st.stm32cube.ide.mcu.externaltools.gnu-tools-for-stm32.12.3.rel1.win32_1.0.100.202403111256/tools/bin/../lib/gcc/arm-none-eabi/12.3.1/thumb/v7e-m+fp/hard/crtbegin.o

.ccmram         0x10000000        0x0 load address 0x08008cb8
                0x10000000                        . = ALIGN (0x4)
                0x10000000                        _sccmram = .
 *(.ccmram)
 *(.ccmram*)
                0x10000000                        . = ALIGN (0x4)
                0x10000000                        _eccmram = .
                0x10000000                        . = ALIGN (0x4)

.bss            0x2000006c     0x27d8
                0x2000006c                        _sbss = .
                0x2000006c                        __bss_start__ = _sbss
 *(.bss)
 .bss           0x2000006c       0x1c C:/ST/STM32CubeIDE_1.15.1/STM32CubeIDE/plugins/com.st.stm32cube.ide.mcu.externaltools.gnu-tools-for-stm32.12.3.rel1.win32_1.0.100.202403111256/tools/bin/../lib/gcc/arm-none-eabi/12.3.1/thumb/v7e-m+fp/hard/crtbegin.o
 *(.bss*)
 .bss.xIdleTaskTCBBuffer
                0x20000088       0x54 ./Core/Src/freertos.o
 .bss.xIdleStack
                0x200000dc      0x200 ./Core/Src/freertos.o
 .bss.hspi1     0x200002dc       0x64 ./Core/Src/main.o
                0x200002dc                hspi1
 .bss.hdma_spi1_tx
                0x20000340       0x44 ./Core/Src/main.o
                0x20000340                hdma_spi1_tx
 .bss.huart1    0x20000384       0x88 ./Core/Src/main.o
                0x20000384                huart1
 .bss.hdma_usart1_tx
                0x2000040c       0x44 ./Core/Src/main.o
                0x2000040c                hdma_usart1_tx
 .bss.defaultTaskHandle
                0x20000450        0x4 ./Core/Src/main.o
                0x20000450                defaultTaskHandle
 .bss.spi_taskHandle
                0x20000454        0x4 ./Core/Src/main.o
                0x20000454                spi_taskHandle
 .bss.usart_taskHandle
                0x20000458        0x4 ./Core/Src/main.o
                0x20000458                usart_taskHandle
 .bss.usart_to_spiHandle
                0x2000045c        0x4 ./Core/Src/main.o
                0x2000045c                usart_to_spiHandle
 .bss.spi_to_usartHandle
                0x20000460        0x4 ./Core/Src/main.o
                0x20000460                spi_to_usartHandle
 .bss.spi_txrx_cplt_Handle
                0x20000464        0x4 ./Core/Src/main.o
                0x20000464                spi_txrx_cplt_Handle
 .bss.spi_txrx_cplt_ControlBlock
                0x20000468       0x4c ./Core/Src/main.o
                0x20000468                spi_txrx_cplt_ControlBlock
 .bss.usart_tx_eventHandle
                0x200004b4        0x4 ./Core/Src/main.o
                0x200004b4                usart_tx_eventHandle
 .bss.usart_txc_eventControlBlock
                0x200004b8       0x4c ./Core/Src/main.o
                0x200004b8                usart_txc_eventControlBlock
 .bss.usart_rx_eventHandle
                0x20000504        0x4 ./Core/Src/main.o
                0x20000504                usart_rx_eventHandle
 .bss.usart_rx_eventControlBlock
                0x20000508       0x4c ./Core/Src/main.o
                0x20000508                usart_rx_eventControlBlock
 .bss.spi_rx_cpltHandle
                0x20000554        0x4 ./Core/Src/main.o
                0x20000554                spi_rx_cpltHandle
 .bss.spi_rx_cpltControlBlock
                0x20000558       0x4c ./Core/Src/main.o
                0x20000558                spi_rx_cpltControlBlock
 .bss.__sbrk_heap_end
                0x200005a4        0x4 ./Core/Src/sysmem.o
 .bss.uwTick    0x200005a8        0x4 ./Drivers/STM32F3xx_HAL_Driver/stm32f3xx_hal.o
                0x200005a8                uwTick
 .bss.ucHeap    0x200005ac     0x2000 ./Middlewares/FreeRTOS/heap_4.o
 .bss.xStart    0x200025ac        0x8 ./Middlewares/FreeRTOS/heap_4.o
 .bss.pxEnd     0x200025b4        0x4 ./Middlewares/FreeRTOS/heap_4.o
 .bss.xFreeBytesRemaining
                0x200025b8        0x4 ./Middlewares/FreeRTOS/heap_4.o
 .bss.xMinimumEverFreeBytesRemaining
                0x200025bc        0x4 ./Middlewares/FreeRTOS/heap_4.o
 .bss.xBlockAllocatedBit
                0x200025c0        0x4 ./Middlewares/FreeRTOS/heap_4.o
 .bss.ucMaxSysCallPriority
                0x200025c4        0x1 ./Middlewares/FreeRTOS/port.o
 *fill*         0x200025c5        0x3 
 .bss.ulMaxPRIGROUPValue
                0x200025c8        0x4 ./Middlewares/FreeRTOS/port.o
 .bss.pxCurrentTCB
                0x200025cc        0x4 ./Middlewares/FreeRTOS/tasks.o
                0x200025cc                pxCurrentTCB
 .bss.pxReadyTasksLists
                0x200025d0       0x8c ./Middlewares/FreeRTOS/tasks.o
 .bss.xDelayedTaskList1
                0x2000265c       0x14 ./Middlewares/FreeRTOS/tasks.o
 .bss.xDelayedTaskList2
                0x20002670       0x14 ./Middlewares/FreeRTOS/tasks.o
 .bss.pxDelayedTaskList
                0x20002684        0x4 ./Middlewares/FreeRTOS/tasks.o
 .bss.pxOverflowDelayedTaskList
                0x20002688        0x4 ./Middlewares/FreeRTOS/tasks.o
 .bss.xPendingReadyList
                0x2000268c       0x14 ./Middlewares/FreeRTOS/tasks.o
 .bss.xTasksWaitingTermination
                0x200026a0       0x14 ./Middlewares/FreeRTOS/tasks.o
 .bss.uxDeletedTasksWaitingCleanUp
                0x200026b4        0x4 ./Middlewares/FreeRTOS/tasks.o
 .bss.xSuspendedTaskList
                0x200026b8       0x14 ./Middlewares/FreeRTOS/tasks.o
 .bss.uxCurrentNumberOfTasks
                0x200026cc        0x4 ./Middlewares/FreeRTOS/tasks.o
 .bss.xTickCount
                0x200026d0        0x4 ./Middlewares/FreeRTOS/tasks.o
 .bss.uxTopReadyPriority
                0x200026d4        0x4 ./Middlewares/FreeRTOS/tasks.o
 .bss.xSchedulerRunning
                0x200026d8        0x4 ./Middlewares/FreeRTOS/tasks.o
 .bss.uxPendedTicks
                0x200026dc        0x4 ./Middlewares/FreeRTOS/tasks.o
 .bss.xYieldPending
                0x200026e0        0x4 ./Middlewares/FreeRTOS/tasks.o
 .bss.xNumOfOverflows
                0x200026e4        0x4 ./Middlewares/FreeRTOS/tasks.o
 .bss.uxTaskNumber
                0x200026e8        0x4 ./Middlewares/FreeRTOS/tasks.o
 .bss.xNextTaskUnblockTime
                0x200026ec        0x4 ./Middlewares/FreeRTOS/tasks.o
 .bss.xIdleTaskHandle
                0x200026f0        0x4 ./Middlewares/FreeRTOS/tasks.o
 .bss.uxSchedulerSuspended
                0x200026f4        0x4 ./Middlewares/FreeRTOS/tasks.o
 .bss.__malloc_sbrk_start
                0x200026f8        0x4 C:/ST/STM32CubeIDE_1.15.1/STM32CubeIDE/plugins/com.st.stm32cube.ide.mcu.externaltools.gnu-tools-for-stm32.12.3.rel1.win32_1.0.100.202403111256/tools/bin/../lib/gcc/arm-none-eabi/12.3.1/../../../../arm-none-eabi/lib/thumb/v7e-m+fp/hard\libc_nano.a(libc_a-mallocr.o)
                0x200026f8                __malloc_sbrk_start
 .bss.__malloc_free_list
                0x200026fc        0x4 C:/ST/STM32CubeIDE_1.15.1/STM32CubeIDE/plugins/com.st.stm32cube.ide.mcu.externaltools.gnu-tools-for-stm32.12.3.rel1.win32_1.0.100.202403111256/tools/bin/../lib/gcc/arm-none-eabi/12.3.1/../../../../arm-none-eabi/lib/thumb/v7e-m+fp/hard\libc_nano.a(libc_a-mallocr.o)
                0x200026fc                __malloc_free_list
 .bss.__sf      0x20002700      0x138 C:/ST/STM32CubeIDE_1.15.1/STM32CubeIDE/plugins/com.st.stm32cube.ide.mcu.externaltools.gnu-tools-for-stm32.12.3.rel1.win32_1.0.100.202403111256/tools/bin/../lib/gcc/arm-none-eabi/12.3.1/../../../../arm-none-eabi/lib/thumb/v7e-m+fp/hard\libc_nano.a(libc_a-findfp.o)
                0x20002700                __sf
 .bss.__stdio_exit_handler
                0x20002838        0x4 C:/ST/STM32CubeIDE_1.15.1/STM32CubeIDE/plugins/com.st.stm32cube.ide.mcu.externaltools.gnu-tools-for-stm32.12.3.rel1.win32_1.0.100.202403111256/tools/bin/../lib/gcc/arm-none-eabi/12.3.1/../../../../arm-none-eabi/lib/thumb/v7e-m+fp/hard\libc_nano.a(libc_a-findfp.o)
                0x20002838                __stdio_exit_handler
 .bss.errno     0x2000283c        0x4 C:/ST/STM32CubeIDE_1.15.1/STM32CubeIDE/plugins/com.st.stm32cube.ide.mcu.externaltools.gnu-tools-for-stm32.12.3.rel1.win32_1.0.100.202403111256/tools/bin/../lib/gcc/arm-none-eabi/12.3.1/../../../../arm-none-eabi/lib/thumb/v7e-m+fp/hard\libc_nano.a(libc_a-reent.o)
                0x2000283c                errno
 .bss.__lock___malloc_recursive_mutex
                0x20002840        0x1 C:/ST/STM32CubeIDE_1.15.1/STM32CubeIDE/plugins/com.st.stm32cube.ide.mcu.externaltools.gnu-tools-for-stm32.12.3.rel1.win32_1.0.100.202403111256/tools/bin/../lib/gcc/arm-none-eabi/12.3.1/../../../../arm-none-eabi/lib/thumb/v7e-m+fp/hard\libc_nano.a(libc_a-lock.o)
                0x20002840                __lock___malloc_recursive_mutex
 .bss.__lock___sfp_recursive_mutex
                0x20002841        0x1 C:/ST/STM32CubeIDE_1.15.1/STM32CubeIDE/plugins/com.st.stm32cube.ide.mcu.externaltools.gnu-tools-for-stm32.12.3.rel1.win32_1.0.100.202403111256/tools/bin/../lib/gcc/arm-none-eabi/12.3.1/../../../../arm-none-eabi/lib/thumb/v7e-m+fp/hard\libc_nano.a(libc_a-lock.o)
                0x20002841                __lock___sfp_recursive_mutex
 *(COMMON)
                0x20002844                        . = ALIGN (0x4)
 *fill*         0x20002842        0x2 
                0x20002844                        _ebss = .
                0x20002844                        __bss_end__ = _ebss

._user_heap_stack
                0x20002844      0x604
                0x20002848                        . = ALIGN (0x8)
 *fill*         0x20002844        0x4 
                [!provide]                        PROVIDE (end = .)
                0x20002848                        PROVIDE (_end = .)
                0x20002a48                        . = (. + _Min_Heap_Size)
 *fill*         0x20002848      0x200 
                0x20002e48                        . = (. + _Min_Stack_Size)
 *fill*         0x20002a48      0x400 
                0x20002e48                        . = ALIGN (0x8)

/DISCARD/
 libc.a(*)
 libm.a(*)
 libgcc.a(*)

.ARM.attributes
                0x00000000       0x30
 *(.ARM.attributes)
 .ARM.attributes
                0x00000000       0x22 C:/ST/STM32CubeIDE_1.15.1/STM32CubeIDE/plugins/com.st.stm32cube.ide.mcu.externaltools.gnu-tools-for-stm32.12.3.rel1.win32_1.0.100.202403111256/tools/bin/../lib/gcc/arm-none-eabi/12.3.1/thumb/v7e-m+fp/hard/crti.o
 .ARM.attributes
                0x00000022       0x34 C:/ST/STM32CubeIDE_1.15.1/STM32CubeIDE/plugins/com.st.stm32cube.ide.mcu.externaltools.gnu-tools-for-stm32.12.3.rel1.win32_1.0.100.202403111256/tools/bin/../lib/gcc/arm-none-eabi/12.3.1/thumb/v7e-m+fp/hard/crtbegin.o
 .ARM.attributes
                0x00000056       0x34 ./Core/Src/freertos.o
 .ARM.attributes
                0x0000008a       0x34 ./Core/Src/main.o
 .ARM.attributes
                0x000000be       0x34 ./Core/Src/stm32f3xx_hal_msp.o
 .ARM.attributes
                0x000000f2       0x34 ./Core/Src/stm32f3xx_it.o
 .ARM.attributes
                0x00000126       0x34 ./Core/Src/syscalls.o
 .ARM.attributes
                0x0000015a       0x34 ./Core/Src/sysmem.o
 .ARM.attributes
                0x0000018e       0x34 ./Core/Src/system_stm32f3xx.o
 .ARM.attributes
                0x000001c2       0x21 ./Core/Startup/startup_stm32f303rctx.o
 .ARM.attributes
                0x000001e3       0x34 ./Drivers/STM32F3xx_HAL_Driver/stm32f3xx_hal.o
 .ARM.attributes
                0x00000217       0x34 ./Drivers/STM32F3xx_HAL_Driver/stm32f3xx_hal_cortex.o
 .ARM.attributes
                0x0000024b       0x34 ./Drivers/STM32F3xx_HAL_Driver/stm32f3xx_hal_dma.o
 .ARM.attributes
                0x0000027f       0x34 ./Drivers/STM32F3xx_HAL_Driver/stm32f3xx_hal_gpio.o
 .ARM.attributes
                0x000002b3       0x34 ./Drivers/STM32F3xx_HAL_Driver/stm32f3xx_hal_rcc.o
 .ARM.attributes
                0x000002e7       0x34 ./Drivers/STM32F3xx_HAL_Driver/stm32f3xx_hal_rcc_ex.o
 .ARM.attributes
                0x0000031b       0x34 ./Drivers/STM32F3xx_HAL_Driver/stm32f3xx_hal_spi.o
 .ARM.attributes
                0x0000034f       0x34 ./Drivers/STM32F3xx_HAL_Driver/stm32f3xx_hal_uart.o
 .ARM.attributes
                0x00000383       0x34 ./Drivers/STM32F3xx_HAL_Driver/stm32f3xx_hal_uart_ex.o
 .ARM.attributes
                0x000003b7       0x34 ./Middlewares/FreeRTOS/cmsis_os.o
 .ARM.attributes
                0x000003eb       0x34 ./Middlewares/FreeRTOS/heap_4.o
 .ARM.attributes
                0x0000041f       0x34 ./Middlewares/FreeRTOS/list.o
 .ARM.attributes
                0x00000453       0x34 ./Middlewares/FreeRTOS/port.o
 .ARM.attributes
                0x00000487       0x34 ./Middlewares/FreeRTOS/queue.o
 .ARM.attributes
                0x000004bb       0x34 ./Middlewares/FreeRTOS/tasks.o
 .ARM.attributes
                0x000004ef       0x34 C:/ST/STM32CubeIDE_1.15.1/STM32CubeIDE/plugins/com.st.stm32cube.ide.mcu.externaltools.gnu-tools-for-stm32.12.3.rel1.win32_1.0.100.202403111256/tools/bin/../lib/gcc/arm-none-eabi/12.3.1/../../../../arm-none-eabi/lib/thumb/v7e-m+fp/hard\libc_nano.a(libc_a-malloc.o)
 .ARM.attributes
                0x00000523       0x34 C:/ST/STM32CubeIDE_1.15.1/STM32CubeIDE/plugins/com.st.stm32cube.ide.mcu.externaltools.gnu-tools-for-stm32.12.3.rel1.win32_1.0.100.202403111256/tools/bin/../lib/gcc/arm-none-eabi/12.3.1/../../../../arm-none-eabi/lib/thumb/v7e-m+fp/hard\libc_nano.a(libc_a-mallocr.o)
 .ARM.attributes
                0x00000557       0x34 C:/ST/STM32CubeIDE_1.15.1/STM32CubeIDE/plugins/com.st.stm32cube.ide.mcu.externaltools.gnu-tools-for-stm32.12.3.rel1.win32_1.0.100.202403111256/tools/bin/../lib/gcc/arm-none-eabi/12.3.1/../../../../arm-none-eabi/lib/thumb/v7e-m+fp/hard\libc_nano.a(libc_a-mlock.o)
 .ARM.attributes
                0x0000058b       0x34 C:/ST/STM32CubeIDE_1.15.1/STM32CubeIDE/plugins/com.st.stm32cube.ide.mcu.externaltools.gnu-tools-for-stm32.12.3.rel1.win32_1.0.100.202403111256/tools/bin/../lib/gcc/arm-none-eabi/12.3.1/../../../../arm-none-eabi/lib/thumb/v7e-m+fp/hard\libc_nano.a(libc_a-findfp.o)
 .ARM.attributes
                0x000005bf       0x34 C:/ST/STM32CubeIDE_1.15.1/STM32CubeIDE/plugins/com.st.stm32cube.ide.mcu.externaltools.gnu-tools-for-stm32.12.3.rel1.win32_1.0.100.202403111256/tools/bin/../lib/gcc/arm-none-eabi/12.3.1/../../../../arm-none-eabi/lib/thumb/v7e-m+fp/hard\libc_nano.a(libc_a-fwalk.o)
 .ARM.attributes
                0x000005f3       0x34 C:/ST/STM32CubeIDE_1.15.1/STM32CubeIDE/plugins/com.st.stm32cube.ide.mcu.externaltools.gnu-tools-for-stm32.12.3.rel1.win32_1.0.100.202403111256/tools/bin/../lib/gcc/arm-none-eabi/12.3.1/../../../../arm-none-eabi/lib/thumb/v7e-m+fp/hard\libc_nano.a(libc_a-puts.o)
 .ARM.attributes
                0x00000627       0x34 C:/ST/STM32CubeIDE_1.15.1/STM32CubeIDE/plugins/com.st.stm32cube.ide.mcu.externaltools.gnu-tools-for-stm32.12.3.rel1.win32_1.0.100.202403111256/tools/bin/../lib/gcc/arm-none-eabi/12.3.1/../../../../arm-none-eabi/lib/thumb/v7e-m+fp/hard\libc_nano.a(libc_a-stdio.o)
 .ARM.attributes
                0x0000065b       0x34 C:/ST/STM32CubeIDE_1.15.1/STM32CubeIDE/plugins/com.st.stm32cube.ide.mcu.externaltools.gnu-tools-for-stm32.12.3.rel1.win32_1.0.100.202403111256/tools/bin/../lib/gcc/arm-none-eabi/12.3.1/../../../../arm-none-eabi/lib/thumb/v7e-m+fp/hard\libc_nano.a(libc_a-wbuf.o)
 .ARM.attributes
                0x0000068f       0x34 C:/ST/STM32CubeIDE_1.15.1/STM32CubeIDE/plugins/com.st.stm32cube.ide.mcu.externaltools.gnu-tools-for-stm32.12.3.rel1.win32_1.0.100.202403111256/tools/bin/../lib/gcc/arm-none-eabi/12.3.1/../../../../arm-none-eabi/lib/thumb/v7e-m+fp/hard\libc_nano.a(libc_a-wsetup.o)
 .ARM.attributes
                0x000006c3       0x34 C:/ST/STM32CubeIDE_1.15.1/STM32CubeIDE/plugins/com.st.stm32cube.ide.mcu.externaltools.gnu-tools-for-stm32.12.3.rel1.win32_1.0.100.202403111256/tools/bin/../lib/gcc/arm-none-eabi/12.3.1/../../../../arm-none-eabi/lib/thumb/v7e-m+fp/hard\libc_nano.a(libc_a-memset.o)
 .ARM.attributes
                0x000006f7       0x34 C:/ST/STM32CubeIDE_1.15.1/STM32CubeIDE/plugins/com.st.stm32cube.ide.mcu.externaltools.gnu-tools-for-stm32.12.3.rel1.win32_1.0.100.202403111256/tools/bin/../lib/gcc/arm-none-eabi/12.3.1/../../../../arm-none-eabi/lib/thumb/v7e-m+fp/hard\libc_nano.a(libc_a-closer.o)
 .ARM.attributes
                0x0000072b       0x34 C:/ST/STM32CubeIDE_1.15.1/STM32CubeIDE/plugins/com.st.stm32cube.ide.mcu.externaltools.gnu-tools-for-stm32.12.3.rel1.win32_1.0.100.202403111256/tools/bin/../lib/gcc/arm-none-eabi/12.3.1/../../../../arm-none-eabi/lib/thumb/v7e-m+fp/hard\libc_nano.a(libc_a-reent.o)
 .ARM.attributes
                0x0000075f       0x34 C:/ST/STM32CubeIDE_1.15.1/STM32CubeIDE/plugins/com.st.stm32cube.ide.mcu.externaltools.gnu-tools-for-stm32.12.3.rel1.win32_1.0.100.202403111256/tools/bin/../lib/gcc/arm-none-eabi/12.3.1/../../../../arm-none-eabi/lib/thumb/v7e-m+fp/hard\libc_nano.a(libc_a-impure.o)
 .ARM.attributes
                0x00000793       0x34 C:/ST/STM32CubeIDE_1.15.1/STM32CubeIDE/plugins/com.st.stm32cube.ide.mcu.externaltools.gnu-tools-for-stm32.12.3.rel1.win32_1.0.100.202403111256/tools/bin/../lib/gcc/arm-none-eabi/12.3.1/../../../../arm-none-eabi/lib/thumb/v7e-m+fp/hard\libc_nano.a(libc_a-lseekr.o)
 .ARM.attributes
                0x000007c7       0x34 C:/ST/STM32CubeIDE_1.15.1/STM32CubeIDE/plugins/com.st.stm32cube.ide.mcu.externaltools.gnu-tools-for-stm32.12.3.rel1.win32_1.0.100.202403111256/tools/bin/../lib/gcc/arm-none-eabi/12.3.1/../../../../arm-none-eabi/lib/thumb/v7e-m+fp/hard\libc_nano.a(libc_a-readr.o)
 .ARM.attributes
                0x000007fb       0x34 C:/ST/STM32CubeIDE_1.15.1/STM32CubeIDE/plugins/com.st.stm32cube.ide.mcu.externaltools.gnu-tools-for-stm32.12.3.rel1.win32_1.0.100.202403111256/tools/bin/../lib/gcc/arm-none-eabi/12.3.1/../../../../arm-none-eabi/lib/thumb/v7e-m+fp/hard\libc_nano.a(libc_a-sbrkr.o)
 .ARM.attributes
                0x0000082f       0x34 C:/ST/STM32CubeIDE_1.15.1/STM32CubeIDE/plugins/com.st.stm32cube.ide.mcu.externaltools.gnu-tools-for-stm32.12.3.rel1.win32_1.0.100.202403111256/tools/bin/../lib/gcc/arm-none-eabi/12.3.1/../../../../arm-none-eabi/lib/thumb/v7e-m+fp/hard\libc_nano.a(libc_a-writer.o)
 .ARM.attributes
                0x00000863       0x34 C:/ST/STM32CubeIDE_1.15.1/STM32CubeIDE/plugins/com.st.stm32cube.ide.mcu.externaltools.gnu-tools-for-stm32.12.3.rel1.win32_1.0.100.202403111256/tools/bin/../lib/gcc/arm-none-eabi/12.3.1/../../../../arm-none-eabi/lib/thumb/v7e-m+fp/hard\libc_nano.a(libc_a-errno.o)
 .ARM.attributes
                0x00000897       0x34 C:/ST/STM32CubeIDE_1.15.1/STM32CubeIDE/plugins/com.st.stm32cube.ide.mcu.externaltools.gnu-tools-for-stm32.12.3.rel1.win32_1.0.100.202403111256/tools/bin/../lib/gcc/arm-none-eabi/12.3.1/../../../../arm-none-eabi/lib/thumb/v7e-m+fp/hard\libc_nano.a(libc_a-init.o)
 .ARM.attributes
                0x000008cb       0x34 C:/ST/STM32CubeIDE_1.15.1/STM32CubeIDE/plugins/com.st.stm32cube.ide.mcu.externaltools.gnu-tools-for-stm32.12.3.rel1.win32_1.0.100.202403111256/tools/bin/../lib/gcc/arm-none-eabi/12.3.1/../../../../arm-none-eabi/lib/thumb/v7e-m+fp/hard\libc_nano.a(libc_a-lock.o)
 .ARM.attributes
                0x000008ff       0x34 C:/ST/STM32CubeIDE_1.15.1/STM32CubeIDE/plugins/com.st.stm32cube.ide.mcu.externaltools.gnu-tools-for-stm32.12.3.rel1.win32_1.0.100.202403111256/tools/bin/../lib/gcc/arm-none-eabi/12.3.1/../../../../arm-none-eabi/lib/thumb/v7e-m+fp/hard\libc_nano.a(libc_a-memcpy-stub.o)
 .ARM.attributes
                0x00000933       0x34 C:/ST/STM32CubeIDE_1.15.1/STM32CubeIDE/plugins/com.st.stm32cube.ide.mcu.externaltools.gnu-tools-for-stm32.12.3.rel1.win32_1.0.100.202403111256/tools/bin/../lib/gcc/arm-none-eabi/12.3.1/../../../../arm-none-eabi/lib/thumb/v7e-m+fp/hard\libc_nano.a(libc_a-freer.o)
 .ARM.attributes
                0x00000967       0x34 C:/ST/STM32CubeIDE_1.15.1/STM32CubeIDE/plugins/com.st.stm32cube.ide.mcu.externaltools.gnu-tools-for-stm32.12.3.rel1.win32_1.0.100.202403111256/tools/bin/../lib/gcc/arm-none-eabi/12.3.1/../../../../arm-none-eabi/lib/thumb/v7e-m+fp/hard\libc_nano.a(libc_a-fflush.o)
 .ARM.attributes
                0x0000099b       0x34 C:/ST/STM32CubeIDE_1.15.1/STM32CubeIDE/plugins/com.st.stm32cube.ide.mcu.externaltools.gnu-tools-for-stm32.12.3.rel1.win32_1.0.100.202403111256/tools/bin/../lib/gcc/arm-none-eabi/12.3.1/../../../../arm-none-eabi/lib/thumb/v7e-m+fp/hard\libc_nano.a(libc_a-makebuf.o)
 .ARM.attributes
                0x000009cf       0x34 C:/ST/STM32CubeIDE_1.15.1/STM32CubeIDE/plugins/com.st.stm32cube.ide.mcu.externaltools.gnu-tools-for-stm32.12.3.rel1.win32_1.0.100.202403111256/tools/bin/../lib/gcc/arm-none-eabi/12.3.1/../../../../arm-none-eabi/lib/thumb/v7e-m+fp/hard\libc_nano.a(libc_a-fstatr.o)
 .ARM.attributes
                0x00000a03       0x34 C:/ST/STM32CubeIDE_1.15.1/STM32CubeIDE/plugins/com.st.stm32cube.ide.mcu.externaltools.gnu-tools-for-stm32.12.3.rel1.win32_1.0.100.202403111256/tools/bin/../lib/gcc/arm-none-eabi/12.3.1/../../../../arm-none-eabi/lib/thumb/v7e-m+fp/hard\libc_nano.a(libc_a-isattyr.o)
 .ARM.attributes
                0x00000a37       0x22 C:/ST/STM32CubeIDE_1.15.1/STM32CubeIDE/plugins/com.st.stm32cube.ide.mcu.externaltools.gnu-tools-for-stm32.12.3.rel1.win32_1.0.100.202403111256/tools/bin/../lib/gcc/arm-none-eabi/12.3.1/thumb/v7e-m+fp/hard/crtn.o
OUTPUT(1_inch_test.elf elf32-littlearm)
LOAD linker stubs
LOAD C:/ST/STM32CubeIDE_1.15.1/STM32CubeIDE/plugins/com.st.stm32cube.ide.mcu.externaltools.gnu-tools-for-stm32.12.3.rel1.win32_1.0.100.202403111256/tools/bin/../lib/gcc/arm-none-eabi/12.3.1/../../../../arm-none-eabi/lib/thumb/v7e-m+fp/hard\libc.a
LOAD C:/ST/STM32CubeIDE_1.15.1/STM32CubeIDE/plugins/com.st.stm32cube.ide.mcu.externaltools.gnu-tools-for-stm32.12.3.rel1.win32_1.0.100.202403111256/tools/bin/../lib/gcc/arm-none-eabi/12.3.1/../../../../arm-none-eabi/lib/thumb/v7e-m+fp/hard\libm.a
LOAD C:/ST/STM32CubeIDE_1.15.1/STM32CubeIDE/plugins/com.st.stm32cube.ide.mcu.externaltools.gnu-tools-for-stm32.12.3.rel1.win32_1.0.100.202403111256/tools/bin/../lib/gcc/arm-none-eabi/12.3.1/thumb/v7e-m+fp/hard\libgcc.a

.debug_info     0x00000000    0x138d7
 .debug_info    0x00000000      0x279 ./Core/Src/freertos.o
 .debug_info    0x00000279     0x1c3e ./Core/Src/main.o
 .debug_info    0x00001eb7      0xea3 ./Core/Src/stm32f3xx_hal_msp.o
 .debug_info    0x00002d5a      0xa00 ./Core/Src/stm32f3xx_it.o
 .debug_info    0x0000375a      0x6a3 ./Core/Src/syscalls.o
 .debug_info    0x00003dfd      0x168 ./Core/Src/sysmem.o
 .debug_info    0x00003f65      0x407 ./Core/Src/system_stm32f3xx.o
 .debug_info    0x0000436c       0x30 ./Core/Startup/startup_stm32f303rctx.o
 .debug_info    0x0000439c      0x7d4 ./Drivers/STM32F3xx_HAL_Driver/stm32f3xx_hal.o
 .debug_info    0x00004b70      0xce4 ./Drivers/STM32F3xx_HAL_Driver/stm32f3xx_hal_cortex.o
 .debug_info    0x00005854      0x6e1 ./Drivers/STM32F3xx_HAL_Driver/stm32f3xx_hal_dma.o
 .debug_info    0x00005f35      0x5fe ./Drivers/STM32F3xx_HAL_Driver/stm32f3xx_hal_gpio.o
 .debug_info    0x00006533     0x148a ./Drivers/STM32F3xx_HAL_Driver/stm32f3xx_hal_rcc.o
 .debug_info    0x000079bd      0x5b9 ./Drivers/STM32F3xx_HAL_Driver/stm32f3xx_hal_rcc_ex.o
 .debug_info    0x00007f76     0x1622 ./Drivers/STM32F3xx_HAL_Driver/stm32f3xx_hal_spi.o
 .debug_info    0x00009598     0x39a8 ./Drivers/STM32F3xx_HAL_Driver/stm32f3xx_hal_uart.o
 .debug_info    0x0000cf40      0xc9c ./Drivers/STM32F3xx_HAL_Driver/stm32f3xx_hal_uart_ex.o
 .debug_info    0x0000dbdc     0x1b88 ./Middlewares/FreeRTOS/cmsis_os.o
 .debug_info    0x0000f764      0x3c3 ./Middlewares/FreeRTOS/heap_4.o
 .debug_info    0x0000fb27      0x2aa ./Middlewares/FreeRTOS/list.o
 .debug_info    0x0000fdd1      0x4de ./Middlewares/FreeRTOS/port.o
 .debug_info    0x000102af     0x1a6a ./Middlewares/FreeRTOS/queue.o
 .debug_info    0x00011d19     0x1bbe ./Middlewares/FreeRTOS/tasks.o

.debug_abbrev   0x00000000     0x31d9
 .debug_abbrev  0x00000000       0xd2 ./Core/Src/freertos.o
 .debug_abbrev  0x000000d2      0x37c ./Core/Src/main.o
 .debug_abbrev  0x0000044e      0x1f1 ./Core/Src/stm32f3xx_hal_msp.o
 .debug_abbrev  0x0000063f      0x1ae ./Core/Src/stm32f3xx_it.o
 .debug_abbrev  0x000007ed      0x1b6 ./Core/Src/syscalls.o
 .debug_abbrev  0x000009a3       0xbc ./Core/Src/sysmem.o
 .debug_abbrev  0x00000a5f      0x11a ./Core/Src/system_stm32f3xx.o
 .debug_abbrev  0x00000b79       0x24 ./Core/Startup/startup_stm32f303rctx.o
 .debug_abbrev  0x00000b9d      0x215 ./Drivers/STM32F3xx_HAL_Driver/stm32f3xx_hal.o
 .debug_abbrev  0x00000db2      0x31e ./Drivers/STM32F3xx_HAL_Driver/stm32f3xx_hal_cortex.o
 .debug_abbrev  0x000010d0      0x20d ./Drivers/STM32F3xx_HAL_Driver/stm32f3xx_hal_dma.o
 .debug_abbrev  0x000012dd      0x1ca ./Drivers/STM32F3xx_HAL_Driver/stm32f3xx_hal_gpio.o
 .debug_abbrev  0x000014a7      0x300 ./Drivers/STM32F3xx_HAL_Driver/stm32f3xx_hal_rcc.o
 .debug_abbrev  0x000017a7      0x221 ./Drivers/STM32F3xx_HAL_Driver/stm32f3xx_hal_rcc_ex.o
 .debug_abbrev  0x000019c8      0x269 ./Drivers/STM32F3xx_HAL_Driver/stm32f3xx_hal_spi.o
 .debug_abbrev  0x00001c31      0x2d1 ./Drivers/STM32F3xx_HAL_Driver/stm32f3xx_hal_uart.o
 .debug_abbrev  0x00001f02      0x2bf ./Drivers/STM32F3xx_HAL_Driver/stm32f3xx_hal_uart_ex.o
 .debug_abbrev  0x000021c1      0x39e ./Middlewares/FreeRTOS/cmsis_os.o
 .debug_abbrev  0x0000255f      0x205 ./Middlewares/FreeRTOS/heap_4.o
 .debug_abbrev  0x00002764       0xf5 ./Middlewares/FreeRTOS/list.o
 .debug_abbrev  0x00002859      0x25c ./Middlewares/FreeRTOS/port.o
 .debug_abbrev  0x00002ab5      0x3cc ./Middlewares/FreeRTOS/queue.o
 .debug_abbrev  0x00002e81      0x358 ./Middlewares/FreeRTOS/tasks.o

.debug_aranges  0x00000000     0x1070
 .debug_aranges
                0x00000000       0x20 ./Core/Src/freertos.o
 .debug_aranges
                0x00000020       0x98 ./Core/Src/main.o
 .debug_aranges
                0x000000b8       0x40 ./Core/Src/stm32f3xx_hal_msp.o
 .debug_aranges
                0x000000f8       0x70 ./Core/Src/stm32f3xx_it.o
 .debug_aranges
                0x00000168       0xa8 ./Core/Src/syscalls.o
 .debug_aranges
                0x00000210       0x20 ./Core/Src/sysmem.o
 .debug_aranges
                0x00000230       0x28 ./Core/Src/system_stm32f3xx.o
 .debug_aranges
                0x00000258       0x28 ./Core/Startup/startup_stm32f303rctx.o
 .debug_aranges
                0x00000280       0xe0 ./Drivers/STM32F3xx_HAL_Driver/stm32f3xx_hal.o
 .debug_aranges
                0x00000360      0x128 ./Drivers/STM32F3xx_HAL_Driver/stm32f3xx_hal_cortex.o
 .debug_aranges
                0x00000488       0x88 ./Drivers/STM32F3xx_HAL_Driver/stm32f3xx_hal_dma.o
 .debug_aranges
                0x00000510       0x58 ./Drivers/STM32F3xx_HAL_Driver/stm32f3xx_hal_gpio.o
 .debug_aranges
                0x00000568       0x88 ./Drivers/STM32F3xx_HAL_Driver/stm32f3xx_hal_rcc.o
 .debug_aranges
                0x000005f0       0x38 ./Drivers/STM32F3xx_HAL_Driver/stm32f3xx_hal_rcc_ex.o
 .debug_aranges
                0x00000628      0x1d8 ./Drivers/STM32F3xx_HAL_Driver/stm32f3xx_hal_spi.o
 .debug_aranges
                0x00000800      0x228 ./Drivers/STM32F3xx_HAL_Driver/stm32f3xx_hal_uart.o
 .debug_aranges
                0x00000a28       0x70 ./Drivers/STM32F3xx_HAL_Driver/stm32f3xx_hal_uart_ex.o
 .debug_aranges
                0x00000a98      0x1d8 ./Middlewares/FreeRTOS/cmsis_os.o
 .debug_aranges
                0x00000c70       0x50 ./Middlewares/FreeRTOS/heap_4.o
 .debug_aranges
                0x00000cc0       0x40 ./Middlewares/FreeRTOS/list.o
 .debug_aranges
                0x00000d00       0x80 ./Middlewares/FreeRTOS/port.o
 .debug_aranges
                0x00000d80      0x148 ./Middlewares/FreeRTOS/queue.o
 .debug_aranges
                0x00000ec8      0x1a8 ./Middlewares/FreeRTOS/tasks.o

.debug_rnglists
                0x00000000      0xc96
 .debug_rnglists
                0x00000000       0x13 ./Core/Src/freertos.o
 .debug_rnglists
                0x00000013       0x71 ./Core/Src/main.o
 .debug_rnglists
                0x00000084       0x2d ./Core/Src/stm32f3xx_hal_msp.o
 .debug_rnglists
                0x000000b1       0x4f ./Core/Src/stm32f3xx_it.o
 .debug_rnglists
                0x00000100       0x79 ./Core/Src/syscalls.o
 .debug_rnglists
                0x00000179       0x13 ./Core/Src/sysmem.o
 .debug_rnglists
                0x0000018c       0x1a ./Core/Src/system_stm32f3xx.o
 .debug_rnglists
                0x000001a6       0x19 ./Core/Startup/startup_stm32f303rctx.o
 .debug_rnglists
                0x000001bf       0xa3 ./Drivers/STM32F3xx_HAL_Driver/stm32f3xx_hal.o
 .debug_rnglists
                0x00000262       0xda ./Drivers/STM32F3xx_HAL_Driver/stm32f3xx_hal_cortex.o
 .debug_rnglists
                0x0000033c       0x69 ./Drivers/STM32F3xx_HAL_Driver/stm32f3xx_hal_dma.o
 .debug_rnglists
                0x000003a5       0x3f ./Drivers/STM32F3xx_HAL_Driver/stm32f3xx_hal_gpio.o
 .debug_rnglists
                0x000003e4       0x66 ./Drivers/STM32F3xx_HAL_Driver/stm32f3xx_hal_rcc.o
 .debug_rnglists
                0x0000044a       0x28 ./Drivers/STM32F3xx_HAL_Driver/stm32f3xx_hal_rcc_ex.o
 .debug_rnglists
                0x00000472      0x178 ./Drivers/STM32F3xx_HAL_Driver/stm32f3xx_hal_spi.o
 .debug_rnglists
                0x000005ea      0x1da ./Drivers/STM32F3xx_HAL_Driver/stm32f3xx_hal_uart.o
 .debug_rnglists
                0x000007c4       0x54 ./Drivers/STM32F3xx_HAL_Driver/stm32f3xx_hal_uart_ex.o
 .debug_rnglists
                0x00000818      0x16a ./Middlewares/FreeRTOS/cmsis_os.o
 .debug_rnglists
                0x00000982       0x3b ./Middlewares/FreeRTOS/heap_4.o
 .debug_rnglists
                0x000009bd       0x2b ./Middlewares/FreeRTOS/list.o
 .debug_rnglists
                0x000009e8       0x5d ./Middlewares/FreeRTOS/port.o
 .debug_rnglists
                0x00000a45       0xfe ./Middlewares/FreeRTOS/queue.o
 .debug_rnglists
                0x00000b43      0x153 ./Middlewares/FreeRTOS/tasks.o

.debug_macro    0x00000000    0x200d5
 .debug_macro   0x00000000      0x24a ./Core/Src/freertos.o
 .debug_macro   0x0000024a      0xab4 ./Core/Src/freertos.o
 .debug_macro   0x00000cfe      0x189 ./Core/Src/freertos.o
 .debug_macro   0x00000e87       0x22 ./Core/Src/freertos.o
 .debug_macro   0x00000ea9       0x8e ./Core/Src/freertos.o
 .debug_macro   0x00000f37       0x51 ./Core/Src/freertos.o
 .debug_macro   0x00000f88      0x103 ./Core/Src/freertos.o
 .debug_macro   0x0000108b       0x6a ./Core/Src/freertos.o
 .debug_macro   0x000010f5      0x1df ./Core/Src/freertos.o
 .debug_macro   0x000012d4       0xdd ./Core/Src/freertos.o
 .debug_macro   0x000013b1      0x15a ./Core/Src/freertos.o
 .debug_macro   0x0000150b       0xd7 ./Core/Src/freertos.o
 .debug_macro   0x000015e2       0x10 ./Core/Src/freertos.o
 .debug_macro   0x000015f2       0x1f ./Core/Src/freertos.o
 .debug_macro   0x00001611      0x4a9 ./Core/Src/freertos.o
 .debug_macro   0x00001aba       0xb5 ./Core/Src/freertos.o
 .debug_macro   0x00001b6f       0x8c ./Core/Src/freertos.o
 .debug_macro   0x00001bfb      0x157 ./Core/Src/freertos.o
 .debug_macro   0x00001d52       0x2e ./Core/Src/freertos.o
 .debug_macro   0x00001d80       0x28 ./Core/Src/freertos.o
 .debug_macro   0x00001da8       0x1c ./Core/Src/freertos.o
 .debug_macro   0x00001dc4       0x22 ./Core/Src/freertos.o
 .debug_macro   0x00001de6       0xd9 ./Core/Src/freertos.o
 .debug_macro   0x00001ebf     0x102d ./Core/Src/freertos.o
 .debug_macro   0x00002eec      0x11f ./Core/Src/freertos.o
 .debug_macro   0x0000300b    0x12a3a ./Core/Src/freertos.o
 .debug_macro   0x00015a45       0x6d ./Core/Src/freertos.o
 .debug_macro   0x00015ab2     0x3574 ./Core/Src/freertos.o
 .debug_macro   0x00019026       0x55 ./Core/Src/freertos.o
 .debug_macro   0x0001907b      0x961 ./Core/Src/freertos.o
 .debug_macro   0x000199dc      0x5fe ./Core/Src/freertos.o
 .debug_macro   0x00019fda      0x1b5 ./Core/Src/freertos.o
 .debug_macro   0x0001a18f      0x1fb ./Core/Src/freertos.o
 .debug_macro   0x0001a38a      0x1dc ./Core/Src/freertos.o
 .debug_macro   0x0001a566      0x1bc ./Core/Src/freertos.o
 .debug_macro   0x0001a722       0x30 ./Core/Src/freertos.o
 .debug_macro   0x0001a752       0x3c ./Core/Src/freertos.o
 .debug_macro   0x0001a78e      0x235 ./Core/Src/freertos.o
 .debug_macro   0x0001a9c3       0xc5 ./Core/Src/freertos.o
 .debug_macro   0x0001aa88      0x21d ./Core/Src/freertos.o
 .debug_macro   0x0001aca5      0x22c ./Core/Src/freertos.o
 .debug_macro   0x0001aed1       0x5b ./Core/Src/freertos.o
 .debug_macro   0x0001af2c       0xa5 ./Core/Src/freertos.o
 .debug_macro   0x0001afd1       0x81 ./Core/Src/freertos.o
 .debug_macro   0x0001b052       0xd3 ./Core/Src/freertos.o
 .debug_macro   0x0001b125      0x2fe ./Core/Src/freertos.o
 .debug_macro   0x0001b423      0x5ba ./Core/Src/freertos.o
 .debug_macro   0x0001b9dd       0x3e ./Core/Src/freertos.o
 .debug_macro   0x0001ba1b      0x275 ./Core/Src/freertos.o
 .debug_macro   0x0001bc90      0x3ce ./Core/Src/main.o
 .debug_macro   0x0001c05e       0xdd ./Core/Src/main.o
 .debug_macro   0x0001c13b       0x91 ./Core/Src/main.o
 .debug_macro   0x0001c1cc       0x8d ./Core/Src/main.o
 .debug_macro   0x0001c259       0x7e ./Core/Src/main.o
 .debug_macro   0x0001c2d7       0x19 ./Core/Src/main.o
 .debug_macro   0x0001c2f0       0xf2 ./Core/Src/main.o
 .debug_macro   0x0001c3e2       0x61 ./Core/Src/main.o
 .debug_macro   0x0001c443       0x2a ./Core/Src/main.o
 .debug_macro   0x0001c46d       0x43 ./Core/Src/main.o
 .debug_macro   0x0001c4b0       0x34 ./Core/Src/main.o
 .debug_macro   0x0001c4e4       0x16 ./Core/Src/main.o
 .debug_macro   0x0001c4fa       0x35 ./Core/Src/main.o
 .debug_macro   0x0001c52f      0x369 ./Core/Src/main.o
 .debug_macro   0x0001c898       0x10 ./Core/Src/main.o
 .debug_macro   0x0001c8a8       0x16 ./Core/Src/main.o
 .debug_macro   0x0001c8be       0x43 ./Core/Src/main.o
 .debug_macro   0x0001c901       0x34 ./Core/Src/main.o
 .debug_macro   0x0001c935       0x10 ./Core/Src/main.o
 .debug_macro   0x0001c945       0x58 ./Core/Src/main.o
 .debug_macro   0x0001c99d       0x8e ./Core/Src/main.o
 .debug_macro   0x0001ca2b       0x1c ./Core/Src/main.o
 .debug_macro   0x0001ca47      0x177 ./Core/Src/main.o
 .debug_macro   0x0001cbbe       0x16 ./Core/Src/main.o
 .debug_macro   0x0001cbd4       0x16 ./Core/Src/main.o
 .debug_macro   0x0001cbea      0x146 ./Core/Src/main.o
 .debug_macro   0x0001cd30       0x16 ./Core/Src/main.o
 .debug_macro   0x0001cd46       0x16 ./Core/Src/main.o