../Core/Src/main.c:95:5:main	168	static
../Core/Src/main.c:207:6:SystemClock_Config	128	static
../Core/Src/main.c:251:13:MX_SPI1_Init	8	static
../Core/Src/main.c:291:13:MX_USART1_UART_Init	8	static
../Core/Src/main.c:324:13:MX_DMA_Init	16	static
../Core/Src/main.c:345:13:MX_GPIO_Init	16	static
../Core/Src/main.c:365:1:__io_putchar	16	static
../Core/Src/main.c:371:6:HAL_SPI_TxRxCpltCallback	16	static
../Core/Src/main.c:380:6:HAL_SPI_ErrorCallback	16	static
../Core/Src/main.c:389:6:HAL_UARTEx_RxEventCallback	16	static
../Core/Src/main.c:397:6:HAL_UART_TxCpltCallback	16	static
../Core/Src/main.c:405:6:HAL_UART_ErrorCallback	16	static
../Core/Src/main.c:423:6:StartDefaultTask	16	static
../Core/Src/main.c:441:6:spi_handle_function	56	static
../Core/Src/main.c:566:6:usart_handle_function	56	static
../Core/Src/main.c:671:6:Error_Handler	4	static,ignoring_inline_asm
